../Core/Src/7segments.cpp:28:9:uint8_t displayLink::dotPosition()	16	static
../Core/Src/7segments.cpp:37:6:void displayLink::inputDisplay(int, uint8_t)	24	static
../Core/Src/7segments.cpp:50:9:uint8_t displayLink::numberInDigit(uint8_t)	24	static
../Core/Src/7segments.cpp:96:6:void displayPhysical::enable(bool)	16	static
../Core/Src/7segments.cpp:109:6:void displayPhysical::setDot(uint8_t)	16	static
../Core/Src/7segments.cpp:117:9:uint8_t displayPhysical::next()	16	static
../Core/Src/7segments.cpp:125:6:void displayPhysical::setNumber(uint8_t)	16	static
../Core/Src/7segments.cpp:302:6:bool displayPhysical::firstNumber()	16	static
../Core/Src/7segments.cpp:310:6:bool displayPhysical::secondNumber()	16	static
../Core/Src/7segments.cpp:318:6:bool displayPhysical::thirdNumber()	16	static
../Core/Src/7segments.cpp:326:6:bool displayPhysical::fourthNumber()	16	static
../Core/Src/7segments.cpp:334:6:bool displayPhysical::aLed()	16	static
../Core/Src/7segments.cpp:342:6:bool displayPhysical::bLed()	16	static
../Core/Src/7segments.cpp:350:6:bool displayPhysical::cLed()	16	static
../Core/Src/7segments.cpp:358:6:bool displayPhysical::dLed()	16	static
../Core/Src/7segments.cpp:366:6:bool displayPhysical::eLed()	16	static
../Core/Src/7segments.cpp:374:6:bool displayPhysical::fLed()	16	static
../Core/Src/7segments.cpp:382:6:bool displayPhysical::gLed()	16	static
../Core/Src/7segments.cpp:390:6:bool displayPhysical::dpLed()	16	static
