../Core/Src/app.cpp:187:6:void app()	8	static
../Core/Src/app.cpp:196:6:void displayCalib()	4	static
../Core/Src/app.cpp:297:6:void stability()	24	static
../Core/Src/app.cpp:416:6:void process()	4	static
../Core/Src/app.cpp:588:6:void warming()	4	static
../Core/Src/app.cpp:643:6:void appContent()	8	static
../Core/Src/app.cpp:864:6:void appLora()	8	static
../Core/Src/app.cpp:1069:9:uint8_t uint2hex_A(uint8_t)	24	static
../Core/Src/app.cpp:1140:9:uint8_t uint2hex_B(uint8_t)	24	static
../Core/Src/app.cpp:1212:11:__int16_t iir(__int16_t)	40	static
../Core/Src/app.cpp:1248:11:__int16_t iir2(__int16_t)	40	static
../Core/Src/app.cpp:1285:11:__int16_t iir3(__int16_t)	48	static
D:\ST\STM32CubeIDE_1.15.0\STM32CubeIDE\plugins\com.st.stm32cube.ide.mcu.externaltools.gnu-tools-for-stm32.12.3.rel1.win32_1.0.100.202403111256\tools\bin/../lib/gcc/arm-none-eabi/12.3.1/../../../../arm-none-eabi/include/c++/12.3.1/cmath:253:5:constexpr typename __gnu_cxx::__enable_if<std::__is_integer<_Tp>::__value, double>::__type std::fabs(_Tp) [with _Tp = int]	24	static
../Core/Src/app.cpp:1323:1:void __static_initialization_and_destruction_0(int, int)	16	static
../Core/Src/app.cpp:1323:1:cpp)	8	static
