C:\ST\STM32CubeIDE_1.14.1\STM32CubeIDE\plugins\com.st.stm32cube.ide.mcu.externaltools.gnu-tools-for-stm32.11.3.rel1.win32_1.1.100.202309141235\tools\arm-none-eabi\include\c++\11.3.1\arm-none-eabi\thumb\v7e-m+fp\hard\bits\gthr-default.h:229:1:int __gthread_key_delete(__gthread_key_t)	16	static
../Core/Src/loraLink.cpp:32:1:wdTimeout::wdTimeout(long int)	16	static
../Core/Src/loraLink.cpp:40:6:void wdTimeout::setOutput()	16	static
../Core/Src/loraLink.cpp:49:6:void wdTimeout::addOne()	16	static
../Core/Src/loraLink.cpp:66:6:void wdTimeout::setInput()	16	static
../Core/Src/loraLink.cpp:77:6:bool wdTimeout::newMessage()	24	static
../Core/Src/loraLink.cpp:87:6:bool wdTimeout::timeOut()	24	static
../Core/Src/loraLink.cpp:113:6:void loraCheck::setResponsePointer(uint8_t**, uint8_t)	24	static
../Core/Src/loraLink.cpp:122:6:void loraCheck::setIdealResponses(uint8_t)	16	static
../Core/Src/loraLink.cpp:130:6:void loraCheck::newResponse(uint8_t*, uint8_t)	32	static
../Core/Src/loraLink.cpp:160:6:bool loraCheck::check()	24	static
../Core/Src/loraLink.cpp:172:9:uint8_t loraCheck::response()	24	static
../Core/Src/loraLink.cpp:213:6:void loraInput::insertBuffer(uint8_t*, uint8_t)	24	static
../Core/Src/loraLink.cpp:222:6:void loraInput::insertElement(uint8_t)	16	static
../Core/Src/loraLink.cpp:242:6:bool loraInput::newResponse()	24	static
../Core/Src/loraLink.cpp:252:10:uint8_t* loraInput::response()	16	static
../Core/Src/loraLink.cpp:256:9:uint8_t loraInput::responseSize()	16	static
