C:\ST\STM32CubeIDE_1.14.1\STM32CubeIDE\plugins\com.st.stm32cube.ide.mcu.externaltools.gnu-tools-for-stm32.11.3.rel1.win32_1.1.100.202309141235\tools\arm-none-eabi\include\c++\11.3.1\arm-none-eabi\thumb\v7e-m+fp\hard\bits\gthr-default.h:229:1:int __gthread_key_delete(__gthread_key_t)	16	static
../Core/Inc/fifoUart.h:18:7:fifoCommands::fifoCommands()	16	static
../Core/Src/main.cpp:220:5:int main()	8	static
../Core/Src/main.cpp:328:6:void SystemClock_Config()	96	static
../Core/Src/main.cpp:372:6:void MX_IWDG_Init()	8	static
../Core/Src/main.cpp:398:13:void MX_ADC1_Init()	48	static
../Core/Src/main.cpp:482:13:void MX_I2C1_Init()	8	static
../Core/Src/main.cpp:529:13:void MX_TIM6_Init()	24	static
../Core/Src/main.cpp:567:13:void MX_UART4_Init()	8	static
../Core/Src/main.cpp:602:13:void MX_UART5_Init()	8	static
../Core/Src/main.cpp:635:13:void MX_DMA_Init()	16	static
../Core/Src/main.cpp:672:13:void MX_GPIO_Init()	56	static
../Core/Src/main.cpp:739:6:void HAL_ADC_ConvCpltCallback(ADC_HandleTypeDef*)	16	static
../Core/Src/main.cpp:749:6:void HAL_UART_RxCpltCallback(UART_HandleTypeDef*)	16	static
../Core/Src/main.cpp:771:6:void HAL_TIM_PeriodElapsedCallback(TIM_HandleTypeDef*)	16	static
../Core/Src/main.cpp:781:6:void HAL_I2C_MasterTxCpltCallback(I2C_HandleTypeDef*)	16	static
../Core/Src/main.cpp:786:6:void HAL_I2C_MasterRxCpltCallback(I2C_HandleTypeDef*)	16	static
../Core/Src/main.cpp:797:6:void Error_Handler()	4	static,ignoring_inline_asm
../Core/Src/main.cpp:806:1:void __static_initialization_and_destruction_0(int, int)	16	static
../Core/Src/main.cpp:806:1:cpp)	8	static
