Archive member included to satisfy reference by file (symbol)

C:/ST/STM32CubeIDE_1.14.1/STM32CubeIDE/plugins/com.st.stm32cube.ide.mcu.externaltools.gnu-tools-for-stm32.11.3.rel1.win32_1.1.100.202309141235/tools/bin/../lib/gcc/arm-none-eabi/11.3.1/../../../../arm-none-eabi/lib/thumb/v7e-m+fp/hard\libc_nano.a(libc_a-exit.o)
                              C:/ST/STM32CubeIDE_1.14.1/STM32CubeIDE/plugins/com.st.stm32cube.ide.mcu.externaltools.gnu-tools-for-stm32.11.3.rel1.win32_1.1.100.202309141235/tools/bin/../lib/gcc/arm-none-eabi/11.3.1/../../../../arm-none-eabi/lib/thumb/v7e-m+fp/hard/crt0.o (exit)
C:/ST/STM32CubeIDE_1.14.1/STM32CubeIDE/plugins/com.st.stm32cube.ide.mcu.externaltools.gnu-tools-for-stm32.11.3.rel1.win32_1.1.100.202309141235/tools/bin/../lib/gcc/arm-none-eabi/11.3.1/../../../../arm-none-eabi/lib/thumb/v7e-m+fp/hard\libc_nano.a(libc_a-findfp.o)
                              C:/ST/STM32CubeIDE_1.14.1/STM32CubeIDE/plugins/com.st.stm32cube.ide.mcu.externaltools.gnu-tools-for-stm32.11.3.rel1.win32_1.1.100.202309141235/tools/bin/../lib/gcc/arm-none-eabi/11.3.1/../../../../arm-none-eabi/lib/thumb/v7e-m+fp/hard\libc_nano.a(libc_a-exit.o) (__stdio_exit_handler)
C:/ST/STM32CubeIDE_1.14.1/STM32CubeIDE/plugins/com.st.stm32cube.ide.mcu.externaltools.gnu-tools-for-stm32.11.3.rel1.win32_1.1.100.202309141235/tools/bin/../lib/gcc/arm-none-eabi/11.3.1/../../../../arm-none-eabi/lib/thumb/v7e-m+fp/hard\libc_nano.a(libc_a-fwalk.o)
                              C:/ST/STM32CubeIDE_1.14.1/STM32CubeIDE/plugins/com.st.stm32cube.ide.mcu.externaltools.gnu-tools-for-stm32.11.3.rel1.win32_1.1.100.202309141235/tools/bin/../lib/gcc/arm-none-eabi/11.3.1/../../../../arm-none-eabi/lib/thumb/v7e-m+fp/hard\libc_nano.a(libc_a-findfp.o) (_fwalk_sglue)
C:/ST/STM32CubeIDE_1.14.1/STM32CubeIDE/plugins/com.st.stm32cube.ide.mcu.externaltools.gnu-tools-for-stm32.11.3.rel1.win32_1.1.100.202309141235/tools/bin/../lib/gcc/arm-none-eabi/11.3.1/../../../../arm-none-eabi/lib/thumb/v7e-m+fp/hard\libc_nano.a(libc_a-stdio.o)
                              C:/ST/STM32CubeIDE_1.14.1/STM32CubeIDE/plugins/com.st.stm32cube.ide.mcu.externaltools.gnu-tools-for-stm32.11.3.rel1.win32_1.1.100.202309141235/tools/bin/../lib/gcc/arm-none-eabi/11.3.1/../../../../arm-none-eabi/lib/thumb/v7e-m+fp/hard\libc_nano.a(libc_a-findfp.o) (__sread)
C:/ST/STM32CubeIDE_1.14.1/STM32CubeIDE/plugins/com.st.stm32cube.ide.mcu.externaltools.gnu-tools-for-stm32.11.3.rel1.win32_1.1.100.202309141235/tools/bin/../lib/gcc/arm-none-eabi/11.3.1/../../../../arm-none-eabi/lib/thumb/v7e-m+fp/hard\libc_nano.a(libc_a-memset.o)
                              C:/ST/STM32CubeIDE_1.14.1/STM32CubeIDE/plugins/com.st.stm32cube.ide.mcu.externaltools.gnu-tools-for-stm32.11.3.rel1.win32_1.1.100.202309141235/tools/bin/../lib/gcc/arm-none-eabi/11.3.1/../../../../arm-none-eabi/lib/thumb/v7e-m+fp/hard/crt0.o (memset)
C:/ST/STM32CubeIDE_1.14.1/STM32CubeIDE/plugins/com.st.stm32cube.ide.mcu.externaltools.gnu-tools-for-stm32.11.3.rel1.win32_1.1.100.202309141235/tools/bin/../lib/gcc/arm-none-eabi/11.3.1/../../../../arm-none-eabi/lib/thumb/v7e-m+fp/hard\libc_nano.a(libc_a-closer.o)
                              C:/ST/STM32CubeIDE_1.14.1/STM32CubeIDE/plugins/com.st.stm32cube.ide.mcu.externaltools.gnu-tools-for-stm32.11.3.rel1.win32_1.1.100.202309141235/tools/bin/../lib/gcc/arm-none-eabi/11.3.1/../../../../arm-none-eabi/lib/thumb/v7e-m+fp/hard\libc_nano.a(libc_a-stdio.o) (_close_r)
C:/ST/STM32CubeIDE_1.14.1/STM32CubeIDE/plugins/com.st.stm32cube.ide.mcu.externaltools.gnu-tools-for-stm32.11.3.rel1.win32_1.1.100.202309141235/tools/bin/../lib/gcc/arm-none-eabi/11.3.1/../../../../arm-none-eabi/lib/thumb/v7e-m+fp/hard\libc_nano.a(libc_a-reent.o)
                              C:/ST/STM32CubeIDE_1.14.1/STM32CubeIDE/plugins/com.st.stm32cube.ide.mcu.externaltools.gnu-tools-for-stm32.11.3.rel1.win32_1.1.100.202309141235/tools/bin/../lib/gcc/arm-none-eabi/11.3.1/../../../../arm-none-eabi/lib/thumb/v7e-m+fp/hard\libc_nano.a(libc_a-closer.o) (errno)
C:/ST/STM32CubeIDE_1.14.1/STM32CubeIDE/plugins/com.st.stm32cube.ide.mcu.externaltools.gnu-tools-for-stm32.11.3.rel1.win32_1.1.100.202309141235/tools/bin/../lib/gcc/arm-none-eabi/11.3.1/../../../../arm-none-eabi/lib/thumb/v7e-m+fp/hard\libc_nano.a(libc_a-impure.o)
                              C:/ST/STM32CubeIDE_1.14.1/STM32CubeIDE/plugins/com.st.stm32cube.ide.mcu.externaltools.gnu-tools-for-stm32.11.3.rel1.win32_1.1.100.202309141235/tools/bin/../lib/gcc/arm-none-eabi/11.3.1/../../../../arm-none-eabi/lib/thumb/v7e-m+fp/hard\libc_nano.a(libc_a-reent.o) (_impure_ptr)
C:/ST/STM32CubeIDE_1.14.1/STM32CubeIDE/plugins/com.st.stm32cube.ide.mcu.externaltools.gnu-tools-for-stm32.11.3.rel1.win32_1.1.100.202309141235/tools/bin/../lib/gcc/arm-none-eabi/11.3.1/../../../../arm-none-eabi/lib/thumb/v7e-m+fp/hard\libc_nano.a(libc_a-lseekr.o)
[...]
Memory Configuration

Name             Origin             Length             Attributes
RAM              0x0000000020000000 0x0000000000050000 xrw
RAM2             0x0000000010000000 0x0000000000010000 xrw
FLASH            0x0000000008000000 0x0000000000100000 xr
*default*        0x0000000000000000 0xffffffffffffffff

Linker script and memory map

LOAD C:/ST/STM32CubeIDE_1.14.1/STM32CubeIDE/plugins/com.st.stm32cube.ide.mcu.externaltools.gnu-tools-for-stm32.11.3.rel1.win32_1.1.100.202309141235/tools/bin/../lib/gcc/arm-none-eabi/11.3.1/thumb/v7e-m+fp/hard/crti.o
LOAD C:/ST/STM32CubeIDE_1.14.1/STM32CubeIDE/plugins/com.st.stm32cube.ide.mcu.externaltools.gnu-tools-for-stm32.11.3.rel1.win32_1.1.100.202309141235/tools/bin/../lib/gcc/arm-none-eabi/11.3.1/thumb/v7e-m+fp/hard/crtbegin.o
LOAD C:/ST/STM32CubeIDE_1.14.1/STM32CubeIDE/plugins/com.st.stm32cube.ide.mcu.externaltools.gnu-tools-for-stm32.11.3.rel1.win32_1.1.100.202309141235/tools/bin/../lib/gcc/arm-none-eabi/11.3.1/../../../../arm-none-eabi/lib/thumb/v7e-m+fp/hard/crt0.o
LOAD ./Core/Src/7segments.o
LOAD ./Core/Src/EEPROM.o
LOAD ./Core/Src/app.o
LOAD ./Core/Src/fifoUart.o
LOAD ./Core/Src/gpsGNSS.o
LOAD ./Core/Src/hardwareIn.o
LOAD ./Core/Src/hardwareOut.o
LOAD ./Core/Src/linkIn.o
LOAD ./Core/Src/linkOut.o
LOAD ./Core/Src/loraApp.o
LOAD ./Core/Src/loraLink.o
LOAD ./Core/Src/loraTcp.o
LOAD ./Core/Src/main.o
LOAD ./Core/Src/stm32l4xx_hal_msp.o
LOAD ./Core/Src/stm32l4xx_it.o
LOAD ./Core/Src/syscalls.o
LOAD ./Core/Src/sysmem.o
LOAD ./Core/Src/system_stm32l4xx.o
LOAD ./Core/Src/tcpIn.o
LOAD ./Core/Src/tcpOut.o
LOAD ./Core/Startup/startup_stm32l496vgtx.o
LOAD ./Drivers/STM32L4xx_HAL_Driver/Src/stm32l4xx_hal.o
LOAD ./Drivers/STM32L4xx_HAL_Driver/Src/stm32l4xx_hal_adc.o
LOAD ./Drivers/STM32L4xx_HAL_Driver/Src/stm32l4xx_hal_adc_ex.o
LOAD ./Drivers/STM32L4xx_HAL_Driver/Src/stm32l4xx_hal_cortex.o
LOAD ./Drivers/STM32L4xx_HAL_Driver/Src/stm32l4xx_hal_dma.o
LOAD ./Drivers/STM32L4xx_HAL_Driver/Src/stm32l4xx_hal_dma_ex.o
LOAD ./Drivers/STM32L4xx_HAL_Driver/Src/stm32l4xx_hal_exti.o
LOAD ./Drivers/STM32L4xx_HAL_Driver/Src/stm32l4xx_hal_flash.o
LOAD ./Drivers/STM32L4xx_HAL_Driver/Src/stm32l4xx_hal_flash_ex.o
LOAD ./Drivers/STM32L4xx_HAL_Driver/Src/stm32l4xx_hal_flash_ramfunc.o
LOAD ./Drivers/STM32L4xx_HAL_Driver/Src/stm32l4xx_hal_gpio.o
LOAD ./Drivers/STM32L4xx_HAL_Driver/Src/stm32l4xx_hal_i2c.o
LOAD ./Drivers/STM32L4xx_HAL_Driver/Src/stm32l4xx_hal_i2c_ex.o
LOAD ./Drivers/STM32L4xx_HAL_Driver/Src/stm32l4xx_hal_iwdg.o
LOAD ./Drivers/STM32L4xx_HAL_Driver/Src/stm32l4xx_hal_pwr.o
LOAD ./Drivers/STM32L4xx_HAL_Driver/Src/stm32l4xx_hal_pwr_ex.o
LOAD ./Drivers/STM32L4xx_HAL_Driver/Src/stm32l4xx_hal_rcc.o
LOAD ./Drivers/STM32L4xx_HAL_Driver/Src/stm32l4xx_hal_rcc_ex.o
LOAD ./Drivers/STM32L4xx_HAL_Driver/Src/stm32l4xx_hal_tim.o
LOAD ./Drivers/STM32L4xx_HAL_Driver/Src/stm32l4xx_hal_tim_ex.o
LOAD ./Drivers/STM32L4xx_HAL_Driver/Src/stm32l4xx_hal_uart.o
LOAD ./Drivers/STM32L4xx_HAL_Driver/Src/stm32l4xx_hal_uart_ex.o
START GROUP
LOAD C:/ST/STM32CubeIDE_1.14.1/STM32CubeIDE/plugins/com.st.stm32cube.ide.mcu.externaltools.gnu-tools-for-stm32.11.3.rel1.win32_1.1.100.202309141235/tools/bin/../lib/gcc/arm-none-eabi/11.3.1/../../../../arm-none-eabi/lib/thumb/v7e-m+fp/hard\libstdc++_nano.a
LOAD C:/ST/STM32CubeIDE_1.14.1/STM32CubeIDE/plugins/com.st.stm32cube.ide.mcu.externaltools.gnu-tools-for-stm32.11.3.rel1.win32_1.1.100.202309141235/tools/bin/../lib/gcc/arm-none-eabi/11.3.1/../../../../arm-none-eabi/lib/thumb/v7e-m+fp/hard\libsupc++_nano.a
END GROUP
LOAD C:/ST/STM32CubeIDE_1.14.1/STM32CubeIDE/plugins/com.st.stm32cube.ide.mcu.externaltools.gnu-tools-for-stm32.11.3.rel1.win32_1.1.100.202309141235/tools/bin/../lib/gcc/arm-none-eabi/11.3.1/../../../../arm-none-eabi/lib/thumb/v7e-m+fp/hard\libstdc++_nano.a
LOAD C:/ST/STM32CubeIDE_1.14.1/STM32CubeIDE/plugins/com.st.stm32cube.ide.mcu.externaltools.gnu-tools-for-stm32.11.3.rel1.win32_1.1.100.202309141235/tools/bin/../lib/gcc/arm-none-eabi/11.3.1/../../../../arm-none-eabi/lib/thumb/v7e-m+fp/hard\libm.a
LOAD C:/ST/STM32CubeIDE_1.14.1/STM32CubeIDE/plugins/com.st.stm32cube.ide.mcu.externaltools.gnu-tools-for-stm32.11.3.rel1.win32_1.1.100.202309141235/tools/bin/../lib/gcc/arm-none-eabi/11.3.1/../../../../arm-none-eabi/lib/thumb/v7e-m+fp/hard\libc_nano.a
START GROUP
LOAD C:/ST/STM32CubeIDE_1.14.1/STM32CubeIDE/plugins/com.st.stm32cube.ide.mcu.externaltools.gnu-tools-for-stm32.11.3.rel1.win32_1.1.100.202309141235/tools/bin/../lib/gcc/arm-none-eabi/11.3.1/thumb/v7e-m+fp/hard\libgcc.a
LOAD C:/ST/STM32CubeIDE_1.14.1/STM32CubeIDE/plugins/com.st.stm32cube.ide.mcu.externaltools.gnu-tools-for-stm32.11.3.rel1.win32_1.1.100.202309141235/tools/bin/../lib/gcc/arm-none-eabi/11.3.1/../../../../arm-none-eabi/lib/thumb/v7e-m+fp/hard\libc_nano.a
END GROUP
START GROUP
LOAD C:/ST/STM32CubeIDE_1.14.1/STM32CubeIDE/plugins/com.st.stm32cube.ide.mcu.externaltools.gnu-tools-for-stm32.11.3.rel1.win32_1.1.100.202309141235/tools/bin/../lib/gcc/arm-none-eabi/11.3.1/thumb/v7e-m+fp/hard\libgcc.a
LOAD C:/ST/STM32CubeIDE_1.14.1/STM32CubeIDE/plugins/com.st.stm32cube.ide.mcu.externaltools.gnu-tools-for-stm32.11.3.rel1.win32_1.1.100.202309141235/tools/bin/../lib/gcc/arm-none-eabi/11.3.1/../../../../arm-none-eabi/lib/thumb/v7e-m+fp/hard\libc_nano.a
LOAD C:/ST/STM32CubeIDE_1.14.1/STM32CubeIDE/plugins/com.st.stm32cube.ide.mcu.externaltools.gnu-tools-for-stm32.11.3.rel1.win32_1.1.100.202309141235/tools/bin/../lib/gcc/arm-none-eabi/11.3.1/../../../../arm-none-eabi/lib/thumb/v7e-m+fp/hard\libnosys.a
END GROUP
START GROUP
LOAD C:/ST/STM32CubeIDE_1.14.1/STM32CubeIDE/plugins/com.st.stm32cube.ide.mcu.externaltools.gnu-tools-for-stm32.11.3.rel1.win32_1.1.100.202309141235/tools/bin/../lib/gcc/arm-none-eabi/11.3.1/thumb/v7e-m+fp/hard\libgcc.a
LOAD C:/ST/STM32CubeIDE_1.14.1/STM32CubeIDE/plugins/com.st.stm32cube.ide.mcu.externaltools.gnu-tools-for-stm32.11.3.rel1.win32_1.1.100.202309141235/tools/bin/../lib/gcc/arm-none-eabi/11.3.1/../../../../arm-none-eabi/lib/thumb/v7e-m+fp/hard\libc_nano.a
LOAD C:/ST/STM32CubeIDE_1.14.1/STM32CubeIDE/plugins/com.st.stm32cube.ide.mcu.externaltools.gnu-tools-for-stm32.11.3.rel1.win32_1.1.100.202309141235/tools/bin/../lib/gcc/arm-none-eabi/11.3.1/../../../../arm-none-eabi/lib/thumb/v7e-m+fp/hard\libnosys.a
END GROUP
LOAD C:/ST/STM32CubeIDE_1.14.1/STM32CubeIDE/plugins/com.st.stm32cube.ide.mcu.externaltools.gnu-tools-for-stm32.11.3.rel1.win32_1.1.100.202309141235/tools/bin/../lib/gcc/arm-none-eabi/11.3.1/thumb/v7e-m+fp/hard/crtend.o
LOAD C:/ST/STM32CubeIDE_1.14.1/STM32CubeIDE/plugins/com.st.stm32cube.ide.mcu.externaltools.gnu-tools-for-stm32.11.3.rel1.win32_1.1.100.202309141235/tools/bin/../lib/gcc/arm-none-eabi/11.3.1/thumb/v7e-m+fp/hard/crtn.o
                0x0000000020050000                _estack = (ORIGIN (RAM) + LENGTH (RAM))
                0x0000000000000200                _Min_Heap_Size = 0x200
                0x0000000000000400                _Min_Stack_Size = 0x400

.isr_vector     0x0000000008000000      0x1ac
                0x0000000008000000                . = ALIGN (0x4)
 *(.isr_vector)
 .isr_vector    0x0000000008000000      0x1ac ./Core/Startup/startup_stm32l496vgtx.o
                0x0000000008000000                g_pfnVectors
                0x00000000080001ac                . = ALIGN (0x4)

.text           0x00000000080001ac     0xc364
                0x00000000080001ac                . = ALIGN (0x4)
 *(.text)
 .text          0x00000000080001ac       0x40 C:/ST/STM32CubeIDE_1.14.1/STM32CubeIDE/plugins/com.st.stm32cube.ide.mcu.externaltools.gnu-tools-for-stm32.11.3.rel1.win32_1.1.100.202309141235/tools/bin/../lib/gcc/arm-none-eabi/11.3.1/thumb/v7e-m+fp/hard/crtbegin.o
 .text          0x00000000080001ec      0x378 C:/ST/STM32CubeIDE_1.14.1/STM32CubeIDE/plugins/com.st.stm32cube.ide.mcu.externaltools.gnu-tools-for-stm32.11.3.rel1.win32_1.1.100.202309141235/tools/bin/../lib/gcc/arm-none-eabi/11.3.1/thumb/v7e-m+fp/hard\libgcc.a(_arm_addsubdf3.o)
                0x00000000080001ec                __aeabi_drsub
                0x00000000080001f4                __aeabi_dsub
                0x00000000080001f4                __subdf3
                0x00000000080001f8                __aeabi_dadd
                0x00000000080001f8                __adddf3
                0x0000000008000470                __floatunsidf
                0x0000000008000470                __aeabi_ui2d
                0x0000000008000490                __floatsidf
                0x0000000008000490                __aeabi_i2d
                0x00000000080004b4                __aeabi_f2d
                0x00000000080004b4                __extendsfdf2
                0x00000000080004f8                __floatundidf
                0x00000000080004f8                __aeabi_ul2d
                0x0000000008000508                __floatdidf
                0x0000000008000508                __aeabi_l2d
 .text          0x0000000008000564      0x110 C:/ST/STM32CubeIDE_1.14.1/STM32CubeIDE/plugins/com.st.stm32cube.ide.mcu.externaltools.gnu-tools-for-stm32.11.3.rel1.win32_1.1.100.202309141235/tools/bin/../lib/gcc/arm-none-eabi/11.3.1/thumb/v7e-m+fp/hard\libgcc.a(_arm_cmpdf2.o)
                0x0000000008000564                __gtdf2
                0x0000000008000564                __gedf2
                0x000000000800056c                __ltdf2
                0x000000000800056c                __ledf2
                0x0000000008000574                __nedf2
                0x0000000008000574                __eqdf2
                0x0000000008000574                __cmpdf2
                0x00000000080005f0                __aeabi_cdrcmple
                0x0000000008000600                __aeabi_cdcmpeq
                0x0000000008000600                __aeabi_cdcmple
                0x0000000008000610                __aeabi_dcmpeq
                0x0000000008000624                __aeabi_dcmplt
                0x0000000008000638                __aeabi_dcmple
                0x000000000800064c                __aeabi_dcmpge
                0x0000000008000660                __aeabi_dcmpgt
 .text          0x0000000008000674       0x30 C:/ST/STM32CubeIDE_1.14.1/STM32CubeIDE/plugins/com.st.stm32cube.ide.mcu.externaltools.gnu-tools-for-stm32.11.3.rel1.win32_1.1.100.202309141235/tools/bin/../lib/gcc/arm-none-eabi/11.3.1/thumb/v7e-m+fp/hard\libgcc.a(_aeabi_uldivmod.o)
                0x0000000008000674                __aeabi_uldivmod
 .text          0x00000000080006a4      0x2c8 C:/ST/STM32CubeIDE_1.14.1/STM32CubeIDE/plugins/com.st.stm32cube.ide.mcu.externaltools.gnu-tools-for-stm32.11.3.rel1.win32_1.1.100.202309141235/tools/bin/../lib/gcc/arm-none-eabi/11.3.1/thumb/v7e-m+fp/hard\libgcc.a(_udivmoddi4.o)
                0x00000000080006a4                __udivmoddi4
 .text          0x000000000800096c        0x4 C:/ST/STM32CubeIDE_1.14.1/STM32CubeIDE/plugins/com.st.stm32cube.ide.mcu.externaltools.gnu-tools-for-stm32.11.3.rel1.win32_1.1.100.202309141235/tools/bin/../lib/gcc/arm-none-eabi/11.3.1/thumb/v7e-m+fp/hard\libgcc.a(_dvmd_tls.o)
                0x000000000800096c                __aeabi_idiv0
                0x000000000800096c                __aeabi_ldiv0
 *(.text*)
 .text._ZN11displayLink11dotPositionEv
                0x0000000008000970       0x18 ./Core/Src/7segments.o
                0x0000000008000970                displayLink::dotPosition()
 .text._ZN11displayLink12inputDisplayEih
                0x0000000008000988       0xe0 ./Core/Src/7segments.o
                0x0000000008000988                displayLink::inputDisplay(int, unsigned char)
 .text._ZN11displayLink13numberInDigitEh
                0x0000000008000a68       0x60 ./Core/Src/7segments.o
                0x0000000008000a68                displayLink::numberInDigit(unsigned char)
 .text._ZN15displayPhysical6enableEb
                0x0000000008000ac8       0x32 ./Core/Src/7segments.o
                0x0000000008000ac8                displayPhysical::enable(bool)
 .text._ZN15displayPhysical6setDotEh
                0x0000000008000afa       0x1e ./Core/Src/7segments.o
                0x0000000008000afa                displayPhysical::setDot(unsigned char)
 .text._ZN15displayPhysical4nextEv
                0x0000000008000b18       0x18 ./Core/Src/7segments.o
                0x0000000008000b18                displayPhysical::next()
 .text._ZN15displayPhysical9setNumberEh
                0x0000000008000b30      0x334 ./Core/Src/7segments.o
                0x0000000008000b30                displayPhysical::setNumber(unsigned char)
 .text._ZN15displayPhysical11firstNumberEv
                0x0000000008000e64       0x18 ./Core/Src/7segments.o
                0x0000000008000e64                displayPhysical::firstNumber()
 .text._ZN15displayPhysical12secondNumberEv
                0x0000000008000e7c       0x18 ./Core/Src/7segments.o
                0x0000000008000e7c                displayPhysical::secondNumber()
 .text._ZN15displayPhysical11thirdNumberEv
                0x0000000008000e94       0x18 ./Core/Src/7segments.o
                0x0000000008000e94                displayPhysical::thirdNumber()
 .text._ZN15displayPhysical12fourthNumberEv
                0x0000000008000eac       0x18 ./Core/Src/7segments.o
                0x0000000008000eac                displayPhysical::fourthNumber()
 .text._ZN15displayPhysical4aLedEv
                0x0000000008000ec4       0x18 ./Core/Src/7segments.o
                0x0000000008000ec4                displayPhysical::aLed()
 .text._ZN15displayPhysical4bLedEv
                0x0000000008000edc       0x18 ./Core/Src/7segments.o
                0x0000000008000edc                displayPhysical::bLed()
 .text._ZN15displayPhysical4cLedEv
                0x0000000008000ef4       0x18 ./Core/Src/7segments.o
                0x0000000008000ef4                displayPhysical::cLed()
 .text._ZN15displayPhysical4dLedEv
                0x0000000008000f0c       0x18 ./Core/Src/7segments.o
                0x0000000008000f0c                displayPhysical::dLed()
 .text._ZN15displayPhysical4eLedEv
                0x0000000008000f24       0x18 ./Core/Src/7segments.o
                0x0000000008000f24                displayPhysical::eLed()
 .text._ZN15displayPhysical4fLedEv
                0x0000000008000f3c       0x18 ./Core/Src/7segments.o
                0x0000000008000f3c                displayPhysical::fLed()
 .text._ZN15displayPhysical4gLedEv
                0x0000000008000f54       0x18 ./Core/Src/7segments.o
                0x0000000008000f54                displayPhysical::gLed()
 .text._ZN15displayPhysical5dpLedEv
                0x0000000008000f6c       0x18 ./Core/Src/7segments.o
                0x0000000008000f6c                displayPhysical::dpLed()
 .text._Z12bytestowritett
                0x0000000008000f84       0x32 ./Core/Src/EEPROM.o
                0x0000000008000f84                bytestowrite(unsigned short, unsigned short)
 *fill*         0x0000000008000fb6        0x2 
 .text._Z12EEPROM_WritettPht
                0x0000000008000fb8       0xcc ./Core/Src/EEPROM.o
                0x0000000008000fb8                EEPROM_Write(unsigned short, unsigned short, unsigned char*, unsigned short)
 .text._Z11EEPROM_ReadttPht
                0x0000000008001084       0xc4 ./Core/Src/EEPROM.o
                0x0000000008001084                EEPROM_Read(unsigned short, unsigned short, unsigned char*, unsigned short)
 .text._Z3appv  0x0000000008001148       0x18 ./Core/Src/app.o
                0x0000000008001148                app()
 .text._Z12displayCalibv
                0x0000000008001160      0x210 ./Core/Src/app.o
                0x0000000008001160                displayCalib()
 .text._Z9stabilityv
                0x0000000008001370      0x214 ./Core/Src/app.o
                0x0000000008001370                stability()
 .text._Z7processv
                0x0000000008001584      0x360 ./Core/Src/app.o
                0x0000000008001584                process()
 .text._Z7warmingv
                0x00000000080018e4       0x98 ./Core/Src/app.o
                0x00000000080018e4                warming()
 .text._Z3iirs  0x000000000800197c      0x104 ./Core/Src/app.o
                0x000000000800197c                iir(short)
 .text._Z4iir2s
                0x0000000008001a80      0x104 ./Core/Src/app.o
                0x0000000008001a80                iir2(short)
 .text._ZSt4fabsIiEN9__gnu_cxx11__enable_ifIXsrSt12__is_integerIT_E7__valueEdE6__typeES3_
                0x0000000008001b84       0x2a ./Core/Src/app.o
                0x0000000008001b84                __gnu_cxx::__enable_if<std::__is_integer<int>::__value, double>::__type std::fabs<int>(int)
 *fill*         0x0000000008001bae        0x2 
 .text._Z41__static_initialization_and_destruction_0ii
                0x0000000008001bb0       0x8c ./Core/Src/app.o
 .text._GLOBAL__sub_I_stateContent
                0x0000000008001c3c       0x10 ./Core/Src/app.o
 .text._ZN8fifoUartC2Ev
                0x0000000008001c4c       0x20 ./Core/Src/fifoUart.o
                0x0000000008001c4c                fifoUart::fifoUart()
                0x0000000008001c4c                fifoUart::fifoUart()
 .text._ZN8fifoUart13insertElementEh
                0x0000000008001c6c       0x66 ./Core/Src/fifoUart.o
                0x0000000008001c6c                fifoUart::insertElement(unsigned char)
 .text._ZN8gpsInputC2Ev
                0x0000000008001cd2       0x16 ./Core/Src/gpsGNSS.o
                0x0000000008001cd2                gpsInput::gpsInput()
                0x0000000008001cd2                gpsInput::gpsInput()
 .text._Z7hwInputv
                0x0000000008001ce8       0x1c ./Core/Src/hardwareIn.o
                0x0000000008001ce8                hwInput()
 .text._Z9hwAds1115v
                0x0000000008001d04      0x1a0 ./Core/Src/hardwareIn.o
                0x0000000008001d04                hwAds1115()
 .text._Z7hwSht31v
                0x0000000008001ea4      0x2c4 ./Core/Src/hardwareIn.o
                0x0000000008001ea4                hwSht31()
 .text._Z7hwBotonv
                0x0000000008002168       0xc4 ./Core/Src/hardwareIn.o
                0x0000000008002168                hwBoton()
 .text._Z8hwAnalogv
                0x000000000800222c       0xc0 ./Core/Src/hardwareIn.o
                0x000000000800222c                hwAnalog()
 .text._Z8hwEEPROMv
                0x00000000080022ec      0x1d0 ./Core/Src/hardwareIn.o
                0x00000000080022ec                hwEEPROM()
 .text._Z41__static_initialization_and_destruction_0ii
                0x00000000080024bc       0xa8 ./Core/Src/hardwareIn.o
 .text._GLOBAL__sub_I_boton
                0x0000000008002564       0x10 ./Core/Src/hardwareIn.o
 .text._Z8hwOutputv
                0x0000000008002574       0x14 ./Core/Src/hardwareOut.o
                0x0000000008002574                hwOutput()
 .text._Z11hwEEPROMOutv
                0x0000000008002588       0xf4 ./Core/Src/hardwareOut.o
                0x0000000008002588                hwEEPROMOut()
 .text._Z8hwLedOutv
                0x000000000800267c      0x17c ./Core/Src/hardwareOut.o
                0x000000000800267c                hwLedOut()
 .text._Z9hwDisplayv
                0x00000000080027f8      0x1cc ./Core/Src/hardwareOut.o
                0x00000000080027f8                hwDisplay()
 .text._Z41__static_initialization_and_destruction_0ii
                0x00000000080029c4       0x8c ./Core/Src/hardwareOut.o
 .text._GLOBAL__sub_I_availableGps
                0x0000000008002a50       0x10 ./Core/Src/hardwareOut.o
 .text._Z9linkInputv
                0x0000000008002a60       0x14 ./Core/Src/linkIn.o
                0x0000000008002a60                linkInput()
 .text._Z11linkBatteryv
                0x0000000008002a74      0x188 ./Core/Src/linkIn.o
                0x0000000008002a74                linkBattery()
 .text._Z9linkBotonv
                0x0000000008002bfc       0x88 ./Core/Src/linkIn.o
                0x0000000008002bfc                linkBoton()
 .text._Z7adc2PPMth
                0x0000000008002c84       0x44 ./Core/Src/linkIn.o
                0x0000000008002c84                adc2PPM(unsigned short, unsigned char)
 .text._Z10linkAnalogv
                0x0000000008002cc8      0x1f0 ./Core/Src/linkIn.o
                0x0000000008002cc8                linkAnalog()
 .text._Z41__static_initialization_and_destruction_0ii
                0x0000000008002eb8       0x88 ./Core/Src/linkIn.o
 .text._GLOBAL__sub_I_stateGpsLink
                0x0000000008002f40       0x10 ./Core/Src/linkIn.o
 .text._Z10linkOutputv
                0x0000000008002f50        0xc ./Core/Src/linkOut.o
                0x0000000008002f50                linkOutput()
 .text._Z14linkOutDisplayv
                0x0000000008002f5c       0x5c ./Core/Src/linkOut.o
                0x0000000008002f5c                linkOutDisplay()
 .text._Z12setupLoraAppv
                0x0000000008002fb8      0x1fc ./Core/Src/loraApp.o
                0x0000000008002fb8                setupLoraApp()
 .text._ZN10loraRutine10addCommandEP13rn2903Command
                0x00000000080031b4       0x36 ./Core/Src/loraApp.o
                0x00000000080031b4                loraRutine::addCommand(rn2903Command*)
 .text._ZN9wdTimeoutC2El
                0x00000000080031ea       0x1e ./Core/Src/loraLink.o
                0x00000000080031ea                wdTimeout::wdTimeout(long)
                0x00000000080031ea                wdTimeout::wdTimeout(long)
 .text._ZN9loraCheck18setResponsePointerEPPhh
                0x0000000008003208       0x26 ./Core/Src/loraLink.o
                0x0000000008003208                loraCheck::setResponsePointer(unsigned char**, unsigned char)
 .text._ZN9loraInput12insertBufferEPhh
                0x000000000800322e       0x26 ./Core/Src/loraLink.o
                0x000000000800322e                loraInput::insertBuffer(unsigned char*, unsigned char)
 .text._ZN12loraDecision10setRetriesEh
                0x0000000008003254       0x1e ./Core/Src/loraTcp.o
                0x0000000008003254                loraDecision::setRetries(unsigned char)
 .text._ZN12fifoCommandsC2Ev
                0x0000000008003272       0x7a ./Core/Src/main.o
                0x0000000008003272                fifoCommands::fifoCommands()
                0x0000000008003272                fifoCommands::fifoCommands()
 .text.main     0x00000000080032ec      0x1a0 ./Core/Src/main.o
                0x00000000080032ec                main
 .text._Z18SystemClock_Configv
                0x000000000800348c       0xae ./Core/Src/main.o
                0x000000000800348c                SystemClock_Config()
 .text._ZL12MX_IWDG_Initv
                0x000000000800353a        0xe ./Core/Src/main.o
 .text._ZL12MX_ADC1_Initv
                0x0000000008003548      0x160 ./Core/Src/main.o
 .text._ZL12MX_I2C1_Initv
                0x00000000080036a8       0x9c ./Core/Src/main.o
 .text._ZL12MX_TIM6_Initv
                0x0000000008003744       0x80 ./Core/Src/main.o
 .text._ZL13MX_UART4_Initv
                0x00000000080037c4       0x68 ./Core/Src/main.o
 .text._ZL13MX_UART5_Initv
                0x000000000800382c       0x68 ./Core/Src/main.o
 .text._ZL11MX_DMA_Initv
                0x0000000008003894       0xb4 ./Core/Src/main.o
 .text._ZL12MX_GPIO_Initv
                0x0000000008003948      0x150 ./Core/Src/main.o
 .text.HAL_ADC_ConvCpltCallback
                0x0000000008003a98       0x2c ./Core/Src/main.o
                0x0000000008003a98                HAL_ADC_ConvCpltCallback
 .text.HAL_UART_RxCpltCallback
                0x0000000008003ac4       0x84 ./Core/Src/main.o
                0x0000000008003ac4                HAL_UART_RxCpltCallback
 .text.HAL_TIM_PeriodElapsedCallback
                0x0000000008003b48       0x2c ./Core/Src/main.o
                0x0000000008003b48                HAL_TIM_PeriodElapsedCallback
 .text.HAL_I2C_MasterTxCpltCallback
                0x0000000008003b74       0x20 ./Core/Src/main.o
                0x0000000008003b74                HAL_I2C_MasterTxCpltCallback
 .text.HAL_I2C_MasterRxCpltCallback
                0x0000000008003b94       0x14 ./Core/Src/main.o
                0x0000000008003b94                HAL_I2C_MasterRxCpltCallback
 .text.Error_Handler
                0x0000000008003ba8        0xa ./Core/Src/main.o
                0x0000000008003ba8                Error_Handler
 *fill*         0x0000000008003bb2        0x2 
 .text._Z41__static_initialization_and_destruction_0ii
                0x0000000008003bb4       0x58 ./Core/Src/main.o
 .text._GLOBAL__sub_I_hadc1
                0x0000000008003c0c       0x10 ./Core/Src/main.o
 .text.HAL_MspInit
                0x0000000008003c1c       0x48 ./Core/Src/stm32l4xx_hal_msp.o
                0x0000000008003c1c                HAL_MspInit
 .text.HAL_ADC_MspInit
                0x0000000008003c64      0x140 ./Core/Src/stm32l4xx_hal_msp.o
                0x0000000008003c64                HAL_ADC_MspInit
 .text.HAL_I2C_MspInit
                0x0000000008003da4      0x190 ./Core/Src/stm32l4xx_hal_msp.o
                0x0000000008003da4                HAL_I2C_MspInit
 .text.HAL_TIM_Base_MspInit
                0x0000000008003f34       0x4c ./Core/Src/stm32l4xx_hal_msp.o
                0x0000000008003f34                HAL_TIM_Base_MspInit
 .text.HAL_UART_MspInit
                0x0000000008003f80      0x31c ./Core/Src/stm32l4xx_hal_msp.o
                0x0000000008003f80                HAL_UART_MspInit
 .text.NMI_Handler
                0x000000000800429c        0x6 ./Core/Src/stm32l4xx_it.o
                0x000000000800429c                NMI_Handler
 .text.HardFault_Handler
                0x00000000080042a2        0x6 ./Core/Src/stm32l4xx_it.o
                0x00000000080042a2                HardFault_Handler
 .text.MemManage_Handler
                0x00000000080042a8        0x6 ./Core/Src/stm32l4xx_it.o
                0x00000000080042a8                MemManage_Handler
 .text.BusFault_Handler
                0x00000000080042ae        0x6 ./Core/Src/stm32l4xx_it.o
                0x00000000080042ae                BusFault_Handler
 .text.UsageFault_Handler
                0x00000000080042b4        0x6 ./Core/Src/stm32l4xx_it.o
                0x00000000080042b4                UsageFault_Handler
 .text.SVC_Handler
                0x00000000080042ba        0xe ./Core/Src/stm32l4xx_it.o
                0x00000000080042ba                SVC_Handler
 .text.DebugMon_Handler
                0x00000000080042c8        0xe ./Core/Src/stm32l4xx_it.o
                0x00000000080042c8                DebugMon_Handler
 .text.PendSV_Handler
                0x00000000080042d6        0xe ./Core/Src/stm32l4xx_it.o
                0x00000000080042d6                PendSV_Handler
 .text.SysTick_Handler
                0x00000000080042e4        0xc ./Core/Src/stm32l4xx_it.o
                0x00000000080042e4                SysTick_Handler
 .text.DMA1_Channel1_IRQHandler
                0x00000000080042f0       0x14 ./Core/Src/stm32l4xx_it.o
                0x00000000080042f0                DMA1_Channel1_IRQHandler
 .text.DMA1_Channel6_IRQHandler
                0x0000000008004304       0x14 ./Core/Src/stm32l4xx_it.o
                0x0000000008004304                DMA1_Channel6_IRQHandler
 .text.DMA1_Channel7_IRQHandler
                0x0000000008004318       0x14 ./Core/Src/stm32l4xx_it.o
                0x0000000008004318                DMA1_Channel7_IRQHandler
 .text.ADC1_2_IRQHandler
                0x000000000800432c       0x14 ./Core/Src/stm32l4xx_it.o
                0x000000000800432c                ADC1_2_IRQHandler
 .text.I2C1_EV_IRQHandler
                0x0000000008004340       0x14 ./Core/Src/stm32l4xx_it.o
                0x0000000008004340                I2C1_EV_IRQHandler
 .text.I2C1_ER_IRQHandler
                0x0000000008004354       0x14 ./Core/Src/stm32l4xx_it.o
                0x0000000008004354                I2C1_ER_IRQHandler
 .text.UART4_IRQHandler
                0x0000000008004368       0x14 ./Core/Src/stm32l4xx_it.o
                0x0000000008004368                UART4_IRQHandler
 .text.UART5_IRQHandler
                0x000000000800437c       0x14 ./Core/Src/stm32l4xx_it.o
                0x000000000800437c                UART5_IRQHandler
 .text.TIM6_DAC_IRQHandler
                0x0000000008004390       0x14 ./Core/Src/stm32l4xx_it.o
                0x0000000008004390                TIM6_DAC_IRQHandler
 .text.DMA2_Channel1_IRQHandler
                0x00000000080043a4       0x14 ./Core/Src/stm32l4xx_it.o
                0x00000000080043a4                DMA2_Channel1_IRQHandler
 .text.DMA2_Channel2_IRQHandler
                0x00000000080043b8       0x14 ./Core/Src/stm32l4xx_it.o
                0x00000000080043b8                DMA2_Channel2_IRQHandler
 .text.DMA2_Channel3_IRQHandler
                0x00000000080043cc       0x14 ./Core/Src/stm32l4xx_it.o
                0x00000000080043cc                DMA2_Channel3_IRQHandler
 .text.DMA2_Channel5_IRQHandler
                0x00000000080043e0       0x14 ./Core/Src/stm32l4xx_it.o
                0x00000000080043e0                DMA2_Channel5_IRQHandler
 .text.SystemInit
                0x00000000080043f4       0x24 ./Core/Src/system_stm32l4xx.o
                0x00000000080043f4                SystemInit
 .text._Z41__static_initialization_and_destruction_0ii
                0x0000000008004418       0x78 ./Core/Src/tcpIn.o
 .text._GLOBAL__sub_I_stateGpsTcp
                0x0000000008004490       0x10 ./Core/Src/tcpIn.o
 .text._Z41__static_initialization_and_destruction_0ii
                0x00000000080044a0       0x44 ./Core/Src/tcpOut.o
 .text._GLOBAL__sub_I_loraTxCommand0
                0x00000000080044e4       0x10 ./Core/Src/tcpOut.o
 .text.Reset_Handler
                0x00000000080044f4       0x50 ./Core/Startup/startup_stm32l496vgtx.o
                0x00000000080044f4                Reset_Handler
 .text.Default_Handler
                0x0000000008004544        0x2 ./Core/Startup/startup_stm32l496vgtx.o
                0x0000000008004544                RTC_Alarm_IRQHandler
                0x0000000008004544                EXTI2_IRQHandler
                0x0000000008004544                TIM8_TRG_COM_IRQHandler
                0x0000000008004544                TIM8_CC_IRQHandler
                0x0000000008004544                TIM1_CC_IRQHandler
                0x0000000008004544                TSC_IRQHandler
                0x0000000008004544                TAMP_STAMP_IRQHandler
                0x0000000008004544                CAN2_RX1_IRQHandler
                0x0000000008004544                EXTI3_IRQHandler
                0x0000000008004544                LPTIM2_IRQHandler
                0x0000000008004544                DFSDM1_FLT1_IRQHandler
                0x0000000008004544                I2C3_ER_IRQHandler
                0x0000000008004544                DFSDM1_FLT2_IRQHandler
                0x0000000008004544                EXTI0_IRQHandler
                0x0000000008004544                I2C2_EV_IRQHandler
                0x0000000008004544                CAN1_RX0_IRQHandler
                0x0000000008004544                FPU_IRQHandler
                0x0000000008004544                TIM1_UP_TIM16_IRQHandler
                0x0000000008004544                CAN2_SCE_IRQHandler
                0x0000000008004544                SPI1_IRQHandler
                0x0000000008004544                DCMI_IRQHandler
                0x0000000008004544                CAN2_RX0_IRQHandler
                0x0000000008004544                TIM8_UP_IRQHandler
                0x0000000008004544                DMA1_Channel4_IRQHandler
                0x0000000008004544                SAI2_IRQHandler
                0x0000000008004544                DFSDM1_FLT3_IRQHandler
                0x0000000008004544                USART3_IRQHandler
                0x0000000008004544                CAN1_RX1_IRQHandler
                0x0000000008004544                LCD_IRQHandler
                0x0000000008004544                ADC3_IRQHandler
                0x0000000008004544                TIM4_IRQHandler
                0x0000000008004544                QUADSPI_IRQHandler
                0x0000000008004544                DMA2_Channel4_IRQHandler
                0x0000000008004544                TIM3_IRQHandler
                0x0000000008004544                RCC_IRQHandler
                0x0000000008004544                Default_Handler
                0x0000000008004544                DMA2_Channel7_IRQHandler
                0x0000000008004544                EXTI15_10_IRQHandler
                0x0000000008004544                TIM7_IRQHandler
                0x0000000008004544                SDMMC1_IRQHandler
                0x0000000008004544                CAN2_TX_IRQHandler
                0x0000000008004544                TIM5_IRQHandler
                0x0000000008004544                I2C3_EV_IRQHandler
                0x0000000008004544                EXTI9_5_IRQHandler
                0x0000000008004544                RTC_WKUP_IRQHandler
                0x0000000008004544                PVD_PVM_IRQHandler
                0x0000000008004544                SPI2_IRQHandler
                0x0000000008004544                CAN1_TX_IRQHandler
                0x0000000008004544                CRS_IRQHandler
                0x0000000008004544                DMA1_Channel5_IRQHandler
                0x0000000008004544                EXTI4_IRQHandler
                0x0000000008004544                RNG_IRQHandler
                0x0000000008004544                TIM1_TRG_COM_TIM17_IRQHandler
                0x0000000008004544                DMA1_Channel3_IRQHandler
                0x0000000008004544                COMP_IRQHandler
                0x0000000008004544                WWDG_IRQHandler
                0x0000000008004544                I2C4_EV_IRQHandler
                0x0000000008004544                LPUART1_IRQHandler
                0x0000000008004544                DMA2_Channel6_IRQHandler
                0x0000000008004544                TIM2_IRQHandler
                0x0000000008004544                EXTI1_IRQHandler
                0x0000000008004544                USART2_IRQHandler
                0x0000000008004544                DFSDM1_FLT0_IRQHandler
                0x0000000008004544                I2C2_ER_IRQHandler
                0x0000000008004544                DMA1_Channel2_IRQHandler
                0x0000000008004544                TIM8_BRK_IRQHandler
                0x0000000008004544                CAN1_SCE_IRQHandler
                0x0000000008004544                FLASH_IRQHandler
                0x0000000008004544                USART1_IRQHandler
                0x0000000008004544                OTG_FS_IRQHandler
                0x0000000008004544                SPI3_IRQHandler
                0x0000000008004544                FMC_IRQHandler
                0x0000000008004544                SWPMI1_IRQHandler
                0x0000000008004544                LPTIM1_IRQHandler
                0x0000000008004544                I2C4_ER_IRQHandler
                0x0000000008004544                SAI1_IRQHandler
                0x0000000008004544                TIM1_BRK_TIM15_IRQHandler
 .text.HAL_Init
                0x0000000008004546       0x30 ./Drivers/STM32L4xx_HAL_Driver/Src/stm32l4xx_hal.o
                0x0000000008004546                HAL_Init
 *fill*         0x0000000008004576        0x2 
 .text.HAL_InitTick
                0x0000000008004578       0x78 ./Drivers/STM32L4xx_HAL_Driver/Src/stm32l4xx_hal.o
                0x0000000008004578                HAL_InitTick
 .text.HAL_IncTick
                0x00000000080045f0       0x28 ./Drivers/STM32L4xx_HAL_Driver/Src/stm32l4xx_hal.o
                0x00000000080045f0                HAL_IncTick
 .text.HAL_GetTick
                0x0000000008004618       0x18 ./Drivers/STM32L4xx_HAL_Driver/Src/stm32l4xx_hal.o
                0x0000000008004618                HAL_GetTick
 .text.HAL_Delay
                0x0000000008004630       0x48 ./Drivers/STM32L4xx_HAL_Driver/Src/stm32l4xx_hal.o
                0x0000000008004630                HAL_Delay
 .text.HAL_SuspendTick
                0x0000000008004678       0x20 ./Drivers/STM32L4xx_HAL_Driver/Src/stm32l4xx_hal.o
                0x0000000008004678                HAL_SuspendTick
 .text.HAL_ResumeTick
                0x0000000008004698       0x20 ./Drivers/STM32L4xx_HAL_Driver/Src/stm32l4xx_hal.o
                0x0000000008004698                HAL_ResumeTick
 .text.LL_ADC_SetCommonClock
                0x00000000080046b8       0x26 ./Drivers/STM32L4xx_HAL_Driver/Src/stm32l4xx_hal_adc.o
 .text.LL_ADC_SetCommonPathInternalCh
                0x00000000080046de       0x26 ./Drivers/STM32L4xx_HAL_Driver/Src/stm32l4xx_hal_adc.o
 .text.LL_ADC_GetCommonPathInternalCh
                0x0000000008004704       0x1c ./Drivers/STM32L4xx_HAL_Driver/Src/stm32l4xx_hal_adc.o
 .text.LL_ADC_SetOffset
                0x0000000008004720       0x48 ./Drivers/STM32L4xx_HAL_Driver/Src/stm32l4xx_hal_adc.o
 .text.LL_ADC_GetOffsetChannel
                0x0000000008004768       0x2c ./Drivers/STM32L4xx_HAL_Driver/Src/stm32l4xx_hal_adc.o
 .text.LL_ADC_SetOffsetState
                0x0000000008004794       0x36 ./Drivers/STM32L4xx_HAL_Driver/Src/stm32l4xx_hal_adc.o
 .text.LL_ADC_SetSamplingTimeCommonConfig
                0x00000000080047ca       0x26 ./Drivers/STM32L4xx_HAL_Driver/Src/stm32l4xx_hal_adc.o
 .text.LL_ADC_REG_IsTriggerSourceSWStart
                0x00000000080047f0       0x26 ./Drivers/STM32L4xx_HAL_Driver/Src/stm32l4xx_hal_adc.o
 .text.LL_ADC_REG_SetSequencerRanks
                0x0000000008004816       0x58 ./Drivers/STM32L4xx_HAL_Driver/Src/stm32l4xx_hal_adc.o
 .text.LL_ADC_INJ_IsTriggerSourceSWStart
                0x000000000800486e       0x26 ./Drivers/STM32L4xx_HAL_Driver/Src/stm32l4xx_hal_adc.o
 .text.LL_ADC_SetChannelSamplingTime
                0x0000000008004894       0x56 ./Drivers/STM32L4xx_HAL_Driver/Src/stm32l4xx_hal_adc.o
 *fill*         0x00000000080048ea        0x2 
 .text.LL_ADC_SetChannelSingleDiff
                0x00000000080048ec       0x48 ./Drivers/STM32L4xx_HAL_Driver/Src/stm32l4xx_hal_adc.o
 .text.LL_ADC_GetMultimode
                0x0000000008004934       0x1c ./Drivers/STM32L4xx_HAL_Driver/Src/stm32l4xx_hal_adc.o
 .text.LL_ADC_GetMultiDMATransfer
                0x0000000008004950       0x1c ./Drivers/STM32L4xx_HAL_Driver/Src/stm32l4xx_hal_adc.o
 .text.LL_ADC_DisableDeepPowerDown
                0x000000000800496c       0x24 ./Drivers/STM32L4xx_HAL_Driver/Src/stm32l4xx_hal_adc.o
 .text.LL_ADC_IsDeepPowerDownEnabled
                0x0000000008004990       0x28 ./Drivers/STM32L4xx_HAL_Driver/Src/stm32l4xx_hal_adc.o
 .text.LL_ADC_EnableInternalRegulator
                0x00000000080049b8       0x28 ./Drivers/STM32L4xx_HAL_Driver/Src/stm32l4xx_hal_adc.o
 .text.LL_ADC_IsInternalRegulatorEnabled
                0x00000000080049e0       0x28 ./Drivers/STM32L4xx_HAL_Driver/Src/stm32l4xx_hal_adc.o
 .text.LL_ADC_Enable
                0x0000000008004a08       0x28 ./Drivers/STM32L4xx_HAL_Driver/Src/stm32l4xx_hal_adc.o
 .text.LL_ADC_IsEnabled
                0x0000000008004a30       0x26 ./Drivers/STM32L4xx_HAL_Driver/Src/stm32l4xx_hal_adc.o
 .text.LL_ADC_REG_StartConversion
                0x0000000008004a56       0x28 ./Drivers/STM32L4xx_HAL_Driver/Src/stm32l4xx_hal_adc.o
 .text.LL_ADC_REG_IsConversionOngoing
                0x0000000008004a7e       0x26 ./Drivers/STM32L4xx_HAL_Driver/Src/stm32l4xx_hal_adc.o
 .text.LL_ADC_INJ_IsConversionOngoing
                0x0000000008004aa4       0x26 ./Drivers/STM32L4xx_HAL_Driver/Src/stm32l4xx_hal_adc.o
 *fill*         0x0000000008004aca        0x2 
 .text.HAL_ADC_Init
                0x0000000008004acc      0x2a8 ./Drivers/STM32L4xx_HAL_Driver/Src/stm32l4xx_hal_adc.o
                0x0000000008004acc                HAL_ADC_Init
 .text.HAL_ADC_Start_DMA
                0x0000000008004d74      0x178 ./Drivers/STM32L4xx_HAL_Driver/Src/stm32l4xx_hal_adc.o
                0x0000000008004d74                HAL_ADC_Start_DMA
 .text.HAL_ADC_IRQHandler
                0x0000000008004eec      0x434 ./Drivers/STM32L4xx_HAL_Driver/Src/stm32l4xx_hal_adc.o
                0x0000000008004eec                HAL_ADC_IRQHandler
 .text.HAL_ADC_ConvHalfCpltCallback
                0x0000000008005320       0x14 ./Drivers/STM32L4xx_HAL_Driver/Src/stm32l4xx_hal_adc.o
                0x0000000008005320                HAL_ADC_ConvHalfCpltCallback
 .text.HAL_ADC_LevelOutOfWindowCallback
                0x0000000008005334       0x14 ./Drivers/STM32L4xx_HAL_Driver/Src/stm32l4xx_hal_adc.o
                0x0000000008005334                HAL_ADC_LevelOutOfWindowCallback
 .text.HAL_ADC_ErrorCallback
                0x0000000008005348       0x14 ./Drivers/STM32L4xx_HAL_Driver/Src/stm32l4xx_hal_adc.o
                0x0000000008005348                HAL_ADC_ErrorCallback
 .text.HAL_ADC_ConfigChannel
                0x000000000800535c      0x818 ./Drivers/STM32L4xx_HAL_Driver/Src/stm32l4xx_hal_adc.o
                0x000000000800535c                HAL_ADC_ConfigChannel
 .text.ADC_Enable
                0x0000000008005b74      0x10c ./Drivers/STM32L4xx_HAL_Driver/Src/stm32l4xx_hal_adc.o
                0x0000000008005b74                ADC_Enable
 .text.ADC_DMAConvCplt
                0x0000000008005c80       0xd8 ./Drivers/STM32L4xx_HAL_Driver/Src/stm32l4xx_hal_adc.o
                0x0000000008005c80                ADC_DMAConvCplt
 .text.ADC_DMAHalfConvCplt
                0x0000000008005d58       0x1c ./Drivers/STM32L4xx_HAL_Driver/Src/stm32l4xx_hal_adc.o
                0x0000000008005d58                ADC_DMAHalfConvCplt
 .text.ADC_DMAError
                0x0000000008005d74       0x34 ./Drivers/STM32L4xx_HAL_Driver/Src/stm32l4xx_hal_adc.o
                0x0000000008005d74                ADC_DMAError
 .text.LL_ADC_IsEnabled
                0x0000000008005da8       0x26 ./Drivers/STM32L4xx_HAL_Driver/Src/stm32l4xx_hal_adc_ex.o
 .text.LL_ADC_REG_IsConversionOngoing
                0x0000000008005dce       0x26 ./Drivers/STM32L4xx_HAL_Driver/Src/stm32l4xx_hal_adc_ex.o
 .text.HAL_ADCEx_InjectedConvCpltCallback
                0x0000000008005df4       0x14 ./Drivers/STM32L4xx_HAL_Driver/Src/stm32l4xx_hal_adc_ex.o
                0x0000000008005df4                HAL_ADCEx_InjectedConvCpltCallback
 .text.HAL_ADCEx_InjectedQueueOverflowCallback
                0x0000000008005e08       0x14 ./Drivers/STM32L4xx_HAL_Driver/Src/stm32l4xx_hal_adc_ex.o
                0x0000000008005e08                HAL_ADCEx_InjectedQueueOverflowCallback
 .text.HAL_ADCEx_LevelOutOfWindow2Callback
                0x0000000008005e1c       0x14 ./Drivers/STM32L4xx_HAL_Driver/Src/stm32l4xx_hal_adc_ex.o
                0x0000000008005e1c                HAL_ADCEx_LevelOutOfWindow2Callback
 .text.HAL_ADCEx_LevelOutOfWindow3Callback
                0x0000000008005e30       0x14 ./Drivers/STM32L4xx_HAL_Driver/Src/stm32l4xx_hal_adc_ex.o
                0x0000000008005e30                HAL_ADCEx_LevelOutOfWindow3Callback
 .text.HAL_ADCEx_EndOfSamplingCallback
                0x0000000008005e44       0x14 ./Drivers/STM32L4xx_HAL_Driver/Src/stm32l4xx_hal_adc_ex.o
                0x0000000008005e44                HAL_ADCEx_EndOfSamplingCallback
 .text.HAL_ADCEx_MultiModeConfigChannel
                0x0000000008005e58      0x160 ./Drivers/STM32L4xx_HAL_Driver/Src/stm32l4xx_hal_adc_ex.o
                0x0000000008005e58                HAL_ADCEx_MultiModeConfigChannel
 .text.__NVIC_SetPriorityGrouping
                0x0000000008005fb8       0x48 ./Drivers/STM32L4xx_HAL_Driver/Src/stm32l4xx_hal_cortex.o
 .text.__NVIC_GetPriorityGrouping
                0x0000000008006000       0x1c ./Drivers/STM32L4xx_HAL_Driver/Src/stm32l4xx_hal_cortex.o
 .text.__NVIC_EnableIRQ
                0x000000000800601c       0x3c ./Drivers/STM32L4xx_HAL_Driver/Src/stm32l4xx_hal_cortex.o
 .text.__NVIC_SetPriority
                0x0000000008006058       0x54 ./Drivers/STM32L4xx_HAL_Driver/Src/stm32l4xx_hal_cortex.o
 .text.NVIC_EncodePriority
                0x00000000080060ac       0x66 ./Drivers/STM32L4xx_HAL_Driver/Src/stm32l4xx_hal_cortex.o
 *fill*         0x0000000008006112        0x2 
 .text.SysTick_Config
                0x0000000008006114       0x44 ./Drivers/STM32L4xx_HAL_Driver/Src/stm32l4xx_hal_cortex.o
 .text.HAL_NVIC_SetPriorityGrouping
                0x0000000008006158       0x16 ./Drivers/STM32L4xx_HAL_Driver/Src/stm32l4xx_hal_cortex.o
                0x0000000008006158                HAL_NVIC_SetPriorityGrouping
 .text.HAL_NVIC_SetPriority
                0x000000000800616e       0x38 ./Drivers/STM32L4xx_HAL_Driver/Src/stm32l4xx_hal_cortex.o
                0x000000000800616e                HAL_NVIC_SetPriority
 .text.HAL_NVIC_EnableIRQ
                0x00000000080061a6       0x1c ./Drivers/STM32L4xx_HAL_Driver/Src/stm32l4xx_hal_cortex.o
                0x00000000080061a6                HAL_NVIC_EnableIRQ
 .text.HAL_SYSTICK_Config
                0x00000000080061c2       0x18 ./Drivers/STM32L4xx_HAL_Driver/Src/stm32l4xx_hal_cortex.o
                0x00000000080061c2                HAL_SYSTICK_Config
 *fill*         0x00000000080061da        0x2 
 .text.HAL_DMA_Init
                0x00000000080061dc      0x170 ./Drivers/STM32L4xx_HAL_Driver/Src/stm32l4xx_hal_dma.o
                0x00000000080061dc                HAL_DMA_Init
 .text.HAL_DMA_Start_IT
                0x000000000800634c       0xc0 ./Drivers/STM32L4xx_HAL_Driver/Src/stm32l4xx_hal_dma.o
                0x000000000800634c                HAL_DMA_Start_IT
 .text.HAL_DMA_Abort
                0x000000000800640c       0x7c ./Drivers/STM32L4xx_HAL_Driver/Src/stm32l4xx_hal_dma.o
                0x000000000800640c                HAL_DMA_Abort
 .text.HAL_DMA_Abort_IT
                0x0000000008006488       0x82 ./Drivers/STM32L4xx_HAL_Driver/Src/stm32l4xx_hal_dma.o
                0x0000000008006488                HAL_DMA_Abort_IT
 .text.HAL_DMA_IRQHandler
                0x000000000800650a      0x15e ./Drivers/STM32L4xx_HAL_Driver/Src/stm32l4xx_hal_dma.o
                0x000000000800650a                HAL_DMA_IRQHandler
 .text.HAL_DMA_GetState
                0x0000000008006668       0x1c ./Drivers/STM32L4xx_HAL_Driver/Src/stm32l4xx_hal_dma.o
                0x0000000008006668                HAL_DMA_GetState
 .text.DMA_SetConfig
                0x0000000008006684       0x60 ./Drivers/STM32L4xx_HAL_Driver/Src/stm32l4xx_hal_dma.o
 .text.HAL_GPIO_Init
                0x00000000080066e4      0x324 ./Drivers/STM32L4xx_HAL_Driver/Src/stm32l4xx_hal_gpio.o
                0x00000000080066e4                HAL_GPIO_Init
 .text.HAL_GPIO_ReadPin
                0x0000000008006a08       0x30 ./Drivers/STM32L4xx_HAL_Driver/Src/stm32l4xx_hal_gpio.o
                0x0000000008006a08                HAL_GPIO_ReadPin
 .text.HAL_GPIO_WritePin
                0x0000000008006a38       0x30 ./Drivers/STM32L4xx_HAL_Driver/Src/stm32l4xx_hal_gpio.o
                0x0000000008006a38                HAL_GPIO_WritePin
 .text.HAL_I2C_Init
                0x0000000008006a68      0x136 ./Drivers/STM32L4xx_HAL_Driver/Src/stm32l4xx_hal_i2c.o
                0x0000000008006a68                HAL_I2C_Init
 *fill*         0x0000000008006b9e        0x2 
 .text.HAL_I2C_Master_Transmit_DMA
                0x0000000008006ba0      0x228 ./Drivers/STM32L4xx_HAL_Driver/Src/stm32l4xx_hal_i2c.o
                0x0000000008006ba0                HAL_I2C_Master_Transmit_DMA
 .text.HAL_I2C_Master_Receive_DMA
                0x0000000008006dc8      0x1e0 ./Drivers/STM32L4xx_HAL_Driver/Src/stm32l4xx_hal_i2c.o
                0x0000000008006dc8                HAL_I2C_Master_Receive_DMA
 .text.HAL_I2C_Mem_Write
                0x0000000008006fa8      0x228 ./Drivers/STM32L4xx_HAL_Driver/Src/stm32l4xx_hal_i2c.o
                0x0000000008006fa8                HAL_I2C_Mem_Write
 .text.HAL_I2C_Mem_Read
                0x00000000080071d0      0x234 ./Drivers/STM32L4xx_HAL_Driver/Src/stm32l4xx_hal_i2c.o
                0x00000000080071d0                HAL_I2C_Mem_Read
 .text.HAL_I2C_EV_IRQHandler
                0x0000000008007404       0x34 ./Drivers/STM32L4xx_HAL_Driver/Src/stm32l4xx_hal_i2c.o
                0x0000000008007404                HAL_I2C_EV_IRQHandler
 .text.HAL_I2C_ER_IRQHandler
                0x0000000008007438       0xb6 ./Drivers/STM32L4xx_HAL_Driver/Src/stm32l4xx_hal_i2c.o
                0x0000000008007438                HAL_I2C_ER_IRQHandler
 .text.HAL_I2C_SlaveTxCpltCallback
                0x00000000080074ee       0x14 ./Drivers/STM32L4xx_HAL_Driver/Src/stm32l4xx_hal_i2c.o
                0x00000000080074ee                HAL_I2C_SlaveTxCpltCallback
 .text.HAL_I2C_SlaveRxCpltCallback
                0x0000000008007502       0x14 ./Drivers/STM32L4xx_HAL_Driver/Src/stm32l4xx_hal_i2c.o
                0x0000000008007502                HAL_I2C_SlaveRxCpltCallback
 .text.HAL_I2C_AddrCallback
                0x0000000008007516       0x1c ./Drivers/STM32L4xx_HAL_Driver/Src/stm32l4xx_hal_i2c.o
                0x0000000008007516                HAL_I2C_AddrCallback
 .text.HAL_I2C_ListenCpltCallback
                0x0000000008007532       0x14 ./Drivers/STM32L4xx_HAL_Driver/Src/stm32l4xx_hal_i2c.o
                0x0000000008007532                HAL_I2C_ListenCpltCallback
 .text.HAL_I2C_MemTxCpltCallback
                0x0000000008007546       0x14 ./Drivers/STM32L4xx_HAL_Driver/Src/stm32l4xx_hal_i2c.o
                0x0000000008007546                HAL_I2C_MemTxCpltCallback
 .text.HAL_I2C_MemRxCpltCallback
                0x000000000800755a       0x14 ./Drivers/STM32L4xx_HAL_Driver/Src/stm32l4xx_hal_i2c.o
                0x000000000800755a                HAL_I2C_MemRxCpltCallback
 .text.HAL_I2C_ErrorCallback
                0x000000000800756e       0x14 ./Drivers/STM32L4xx_HAL_Driver/Src/stm32l4xx_hal_i2c.o
                0x000000000800756e                HAL_I2C_ErrorCallback
 .text.HAL_I2C_AbortCpltCallback
                0x0000000008007582       0x14 ./Drivers/STM32L4xx_HAL_Driver/Src/stm32l4xx_hal_i2c.o
                0x0000000008007582                HAL_I2C_AbortCpltCallback
 .text.I2C_Master_ISR_IT
                0x0000000008007596      0x24e ./Drivers/STM32L4xx_HAL_Driver/Src/stm32l4xx_hal_i2c.o
 .text.I2C_Slave_ISR_IT
                0x00000000080077e4      0x1f0 ./Drivers/STM32L4xx_HAL_Driver/Src/stm32l4xx_hal_i2c.o
 .text.I2C_Master_ISR_DMA
                0x00000000080079d4      0x1d6 ./Drivers/STM32L4xx_HAL_Driver/Src/stm32l4xx_hal_i2c.o
 *fill*         0x0000000008007baa        0x2 
 .text.I2C_Mem_ISR_DMA
                0x0000000008007bac      0x24c ./Drivers/STM32L4xx_HAL_Driver/Src/stm32l4xx_hal_i2c.o
 .text.I2C_Slave_ISR_DMA
                0x0000000008007df8      0x1ac ./Drivers/STM32L4xx_HAL_Driver/Src/stm32l4xx_hal_i2c.o
 .text.I2C_RequestMemoryWrite
                0x0000000008007fa4       0xa8 ./Drivers/STM32L4xx_HAL_Driver/Src/stm32l4xx_hal_i2c.o
 .text.I2C_RequestMemoryRead
                0x000000000800804c       0xa8 ./Drivers/STM32L4xx_HAL_Driver/Src/stm32l4xx_hal_i2c.o
 .text.I2C_ITAddrCplt
                0x00000000080080f4      0x108 ./Drivers/STM32L4xx_HAL_Driver/Src/stm32l4xx_hal_i2c.o
 .text.I2C_ITMasterSeqCplt
                0x00000000080081fc       0x7a ./Drivers/STM32L4xx_HAL_Driver/Src/stm32l4xx_hal_i2c.o
 .text.I2C_ITSlaveSeqCplt
                0x0000000008008276       0xb8 ./Drivers/STM32L4xx_HAL_Driver/Src/stm32l4xx_hal_i2c.o
 *fill*         0x000000000800832e        0x2 
 .text.I2C_ITMasterCplt
                0x0000000008008330      0x190 ./Drivers/STM32L4xx_HAL_Driver/Src/stm32l4xx_hal_i2c.o
 .text.I2C_ITSlaveCplt
                0x00000000080084c0      0x224 ./Drivers/STM32L4xx_HAL_Driver/Src/stm32l4xx_hal_i2c.o
 .text.I2C_ITListenCplt
                0x00000000080086e4       0xa8 ./Drivers/STM32L4xx_HAL_Driver/Src/stm32l4xx_hal_i2c.o
 .text.I2C_ITError
                0x000000000800878c      0x1e0 ./Drivers/STM32L4xx_HAL_Driver/Src/stm32l4xx_hal_i2c.o
 .text.I2C_TreatErrorCallback
                0x000000000800896c       0x4e ./Drivers/STM32L4xx_HAL_Driver/Src/stm32l4xx_hal_i2c.o
 .text.I2C_Flush_TXDR
                0x00000000080089ba       0x48 ./Drivers/STM32L4xx_HAL_Driver/Src/stm32l4xx_hal_i2c.o
 .text.I2C_DMAMasterTransmitCplt
                0x0000000008008a02       0x96 ./Drivers/STM32L4xx_HAL_Driver/Src/stm32l4xx_hal_i2c.o
 .text.I2C_DMAMasterReceiveCplt
                0x0000000008008a98       0x96 ./Drivers/STM32L4xx_HAL_Driver/Src/stm32l4xx_hal_i2c.o
 .text.I2C_DMAError
                0x0000000008008b2e       0x2e ./Drivers/STM32L4xx_HAL_Driver/Src/stm32l4xx_hal_i2c.o
 .text.I2C_DMAAbort
                0x0000000008008b5c       0x3c ./Drivers/STM32L4xx_HAL_Driver/Src/stm32l4xx_hal_i2c.o
 .text.I2C_WaitOnFlagUntilTimeout
                0x0000000008008b98       0x9e ./Drivers/STM32L4xx_HAL_Driver/Src/stm32l4xx_hal_i2c.o
 .text.I2C_WaitOnTXISFlagUntilTimeout
                0x0000000008008c36       0x8e ./Drivers/STM32L4xx_HAL_Driver/Src/stm32l4xx_hal_i2c.o
 .text.I2C_WaitOnSTOPFlagUntilTimeout
                0x0000000008008cc4       0x86 ./Drivers/STM32L4xx_HAL_Driver/Src/stm32l4xx_hal_i2c.o
 *fill*         0x0000000008008d4a        0x2 
 .text.I2C_IsErrorOccurred
                0x0000000008008d4c      0x1c0 ./Drivers/STM32L4xx_HAL_Driver/Src/stm32l4xx_hal_i2c.o
 .text.I2C_TransferConfig
                0x0000000008008f0c       0x64 ./Drivers/STM32L4xx_HAL_Driver/Src/stm32l4xx_hal_i2c.o
 .text.I2C_Enable_IRQ
                0x0000000008008f70      0x108 ./Drivers/STM32L4xx_HAL_Driver/Src/stm32l4xx_hal_i2c.o
 .text.I2C_Disable_IRQ
                0x0000000008009078       0xbc ./Drivers/STM32L4xx_HAL_Driver/Src/stm32l4xx_hal_i2c.o
 .text.HAL_I2CEx_ConfigAnalogFilter
                0x0000000008009134       0x96 ./Drivers/STM32L4xx_HAL_Driver/Src/stm32l4xx_hal_i2c_ex.o
                0x0000000008009134                HAL_I2CEx_ConfigAnalogFilter
 .text.HAL_I2CEx_ConfigDigitalFilter
                0x00000000080091ca       0x98 ./Drivers/STM32L4xx_HAL_Driver/Src/stm32l4xx_hal_i2c_ex.o
                0x00000000080091ca                HAL_I2CEx_ConfigDigitalFilter
 *fill*         0x0000000008009262        0x2 
 .text.HAL_PWREx_GetVoltageRange
                0x0000000008009264       0x1c ./Drivers/STM32L4xx_HAL_Driver/Src/stm32l4xx_hal_pwr_ex.o
                0x0000000008009264                HAL_PWREx_GetVoltageRange
 .text.HAL_PWREx_ControlVoltageScaling
                0x0000000008009280       0xac ./Drivers/STM32L4xx_HAL_Driver/Src/stm32l4xx_hal_pwr_ex.o
                0x0000000008009280                HAL_PWREx_ControlVoltageScaling
 .text.HAL_RCC_OscConfig
                0x000000000800932c      0x834 ./Drivers/STM32L4xx_HAL_Driver/Src/stm32l4xx_hal_rcc.o
                0x000000000800932c                HAL_RCC_OscConfig
 .text.HAL_RCC_ClockConfig
                0x0000000008009b60      0x200 ./Drivers/STM32L4xx_HAL_Driver/Src/stm32l4xx_hal_rcc.o
                0x0000000008009b60                HAL_RCC_ClockConfig
 .text.HAL_RCC_GetSysClockFreq
                0x0000000008009d60      0x118 ./Drivers/STM32L4xx_HAL_Driver/Src/stm32l4xx_hal_rcc.o
                0x0000000008009d60                HAL_RCC_GetSysClockFreq
 .text.HAL_RCC_GetHCLKFreq
                0x0000000008009e78       0x18 ./Drivers/STM32L4xx_HAL_Driver/Src/stm32l4xx_hal_rcc.o
                0x0000000008009e78                HAL_RCC_GetHCLKFreq
 .text.HAL_RCC_GetPCLK1Freq
                0x0000000008009e90       0x2c ./Drivers/STM32L4xx_HAL_Driver/Src/stm32l4xx_hal_rcc.o
                0x0000000008009e90                HAL_RCC_GetPCLK1Freq
 .text.HAL_RCC_GetPCLK2Freq
                0x0000000008009ebc       0x2c ./Drivers/STM32L4xx_HAL_Driver/Src/stm32l4xx_hal_rcc.o
                0x0000000008009ebc                HAL_RCC_GetPCLK2Freq
 .text.RCC_SetFlashLatencyFromMSIRange
                0x0000000008009ee8       0xc0 ./Drivers/STM32L4xx_HAL_Driver/Src/stm32l4xx_hal_rcc.o
 .text.HAL_RCCEx_PeriphCLKConfig
                0x0000000008009fa8      0x5f8 ./Drivers/STM32L4xx_HAL_Driver/Src/stm32l4xx_hal_rcc_ex.o
                0x0000000008009fa8                HAL_RCCEx_PeriphCLKConfig
 .text.RCCEx_PLLSAI1_Config
                0x000000000800a5a0      0x1e4 ./Drivers/STM32L4xx_HAL_Driver/Src/stm32l4xx_hal_rcc_ex.o
 .text.RCCEx_PLLSAI2_Config
                0x000000000800a784      0x1b8 ./Drivers/STM32L4xx_HAL_Driver/Src/stm32l4xx_hal_rcc_ex.o
 .text.HAL_TIM_Base_Init
                0x000000000800a93c       0xae ./Drivers/STM32L4xx_HAL_Driver/Src/stm32l4xx_hal_tim.o
                0x000000000800a93c                HAL_TIM_Base_Init
 *fill*         0x000000000800a9ea        0x2 
 .text.HAL_TIM_Base_Start_IT
                0x000000000800a9ec       0xe0 ./Drivers/STM32L4xx_HAL_Driver/Src/stm32l4xx_hal_tim.o
                0x000000000800a9ec                HAL_TIM_Base_Start_IT
 .text.HAL_TIM_IRQHandler
                0x000000000800aacc      0x204 ./Drivers/STM32L4xx_HAL_Driver/Src/stm32l4xx_hal_tim.o
                0x000000000800aacc                HAL_TIM_IRQHandler
 .text.HAL_TIM_OC_DelayElapsedCallback
                0x000000000800acd0       0x14 ./Drivers/STM32L4xx_HAL_Driver/Src/stm32l4xx_hal_tim.o
                0x000000000800acd0                HAL_TIM_OC_DelayElapsedCallback
 .text.HAL_TIM_IC_CaptureCallback
                0x000000000800ace4       0x14 ./Drivers/STM32L4xx_HAL_Driver/Src/stm32l4xx_hal_tim.o
                0x000000000800ace4                HAL_TIM_IC_CaptureCallback
 .text.HAL_TIM_PWM_PulseFinishedCallback
                0x000000000800acf8       0x14 ./Drivers/STM32L4xx_HAL_Driver/Src/stm32l4xx_hal_tim.o
                0x000000000800acf8                HAL_TIM_PWM_PulseFinishedCallback
 .text.HAL_TIM_TriggerCallback
                0x000000000800ad0c       0x14 ./Drivers/STM32L4xx_HAL_Driver/Src/stm32l4xx_hal_tim.o
                0x000000000800ad0c                HAL_TIM_TriggerCallback
 .text.TIM_Base_SetConfig
                0x000000000800ad20      0x134 ./Drivers/STM32L4xx_HAL_Driver/Src/stm32l4xx_hal_tim.o
                0x000000000800ad20                TIM_Base_SetConfig
 .text.HAL_TIMEx_MasterConfigSynchronization
                0x000000000800ae54      0x110 ./Drivers/STM32L4xx_HAL_Driver/Src/stm32l4xx_hal_tim_ex.o
                0x000000000800ae54                HAL_TIMEx_MasterConfigSynchronization
 .text.HAL_TIMEx_CommutCallback
                0x000000000800af64       0x14 ./Drivers/STM32L4xx_HAL_Driver/Src/stm32l4xx_hal_tim_ex.o
                0x000000000800af64                HAL_TIMEx_CommutCallback
 .text.HAL_TIMEx_BreakCallback
                0x000000000800af78       0x14 ./Drivers/STM32L4xx_HAL_Driver/Src/stm32l4xx_hal_tim_ex.o
                0x000000000800af78                HAL_TIMEx_BreakCallback
 .text.HAL_TIMEx_Break2Callback
                0x000000000800af8c       0x14 ./Drivers/STM32L4xx_HAL_Driver/Src/stm32l4xx_hal_tim_ex.o
                0x000000000800af8c                HAL_TIMEx_Break2Callback
 .text.HAL_UART_Init
                0x000000000800afa0       0x9c ./Drivers/STM32L4xx_HAL_Driver/Src/stm32l4xx_hal_uart.o
                0x000000000800afa0                HAL_UART_Init
 .text.HAL_UART_Receive_DMA
                0x000000000800b03c       0x98 ./Drivers/STM32L4xx_HAL_Driver/Src/stm32l4xx_hal_uart.o
                0x000000000800b03c                HAL_UART_Receive_DMA
 .text.HAL_UART_IRQHandler
                0x000000000800b0d4      0x5d4 ./Drivers/STM32L4xx_HAL_Driver/Src/stm32l4xx_hal_uart.o
                0x000000000800b0d4                HAL_UART_IRQHandler
 .text.HAL_UART_TxCpltCallback
                0x000000000800b6a8       0x14 ./Drivers/STM32L4xx_HAL_Driver/Src/stm32l4xx_hal_uart.o
                0x000000000800b6a8                HAL_UART_TxCpltCallback
 .text.HAL_UART_RxHalfCpltCallback
                0x000000000800b6bc       0x14 ./Drivers/STM32L4xx_HAL_Driver/Src/stm32l4xx_hal_uart.o
                0x000000000800b6bc                HAL_UART_RxHalfCpltCallback
 .text.HAL_UART_ErrorCallback
                0x000000000800b6d0       0x14 ./Drivers/STM32L4xx_HAL_Driver/Src/stm32l4xx_hal_uart.o
                0x000000000800b6d0                HAL_UART_ErrorCallback
 .text.HAL_UARTEx_RxEventCallback
                0x000000000800b6e4       0x18 ./Drivers/STM32L4xx_HAL_Driver/Src/stm32l4xx_hal_uart.o
                0x000000000800b6e4                HAL_UARTEx_RxEventCallback
 .text.UART_SetConfig
                0x000000000800b6fc      0x570 ./Drivers/STM32L4xx_HAL_Driver/Src/stm32l4xx_hal_uart.o
                0x000000000800b6fc                UART_SetConfig
 .text.UART_AdvFeatureConfig
                0x000000000800bc6c      0x144 ./Drivers/STM32L4xx_HAL_Driver/Src/stm32l4xx_hal_uart.o
                0x000000000800bc6c                UART_AdvFeatureConfig
 .text.UART_CheckIdleState
                0x000000000800bdb0      0x150 ./Drivers/STM32L4xx_HAL_Driver/Src/stm32l4xx_hal_uart.o
                0x000000000800bdb0                UART_CheckIdleState
 .text.UART_WaitOnFlagUntilTimeout
                0x000000000800bf00       0xce ./Drivers/STM32L4xx_HAL_Driver/Src/stm32l4xx_hal_uart.o
                0x000000000800bf00                UART_WaitOnFlagUntilTimeout
 *fill*         0x000000000800bfce        0x2 
 .text.UART_Start_Receive_DMA
                0x000000000800bfd0      0x140 ./Drivers/STM32L4xx_HAL_Driver/Src/stm32l4xx_hal_uart.o
                0x000000000800bfd0                UART_Start_Receive_DMA
 .text.UART_EndTxTransfer
                0x000000000800c110       0x4c ./Drivers/STM32L4xx_HAL_Driver/Src/stm32l4xx_hal_uart.o
 .text.UART_EndRxTransfer
                0x000000000800c15c       0xc8 ./Drivers/STM32L4xx_HAL_Driver/Src/stm32l4xx_hal_uart.o
 .text.UART_DMAReceiveCplt
                0x000000000800c224      0x12c ./Drivers/STM32L4xx_HAL_Driver/Src/stm32l4xx_hal_uart.o
 .text.UART_DMARxHalfCplt
                0x000000000800c350       0x3e ./Drivers/STM32L4xx_HAL_Driver/Src/stm32l4xx_hal_uart.o
 .text.UART_DMAError
                0x000000000800c38e       0x7e ./Drivers/STM32L4xx_HAL_Driver/Src/stm32l4xx_hal_uart.o
 .text.UART_DMAAbortOnError
                0x000000000800c40c       0x2c ./Drivers/STM32L4xx_HAL_Driver/Src/stm32l4xx_hal_uart.o
 .text.UART_EndTransmit_IT
                0x000000000800c438       0x54 ./Drivers/STM32L4xx_HAL_Driver/Src/stm32l4xx_hal_uart.o
 .text.HAL_UARTEx_WakeupCallback
                0x000000000800c48c       0x14 ./Drivers/STM32L4xx_HAL_Driver/Src/stm32l4xx_hal_uart_ex.o
                0x000000000800c48c                HAL_UARTEx_WakeupCallback
 .text.memset   0x000000000800c4a0       0x10 C:/ST/STM32CubeIDE_1.14.1/STM32CubeIDE/plugins/com.st.stm32cube.ide.mcu.externaltools.gnu-tools-for-stm32.11.3.rel1.win32_1.1.100.202309141235/tools/bin/../lib/gcc/arm-none-eabi/11.3.1/../../../../arm-none-eabi/lib/thumb/v7e-m+fp/hard\libc_nano.a(libc_a-memset.o)
                0x000000000800c4a0                memset
 .text.__libc_init_array
                0x000000000800c4b0       0x48 C:/ST/STM32CubeIDE_1.14.1/STM32CubeIDE/plugins/com.st.stm32cube.ide.mcu.externaltools.gnu-tools-for-stm32.11.3.rel1.win32_1.1.100.202309141235/tools/bin/../lib/gcc/arm-none-eabi/11.3.1/../../../../arm-none-eabi/lib/thumb/v7e-m+fp/hard\libc_nano.a(libc_a-init.o)
                0x000000000800c4b0                __libc_init_array
 *(.glue_7)
 .glue_7        0x000000000800c4f8        0x0 linker stubs
 *(.glue_7t)
 .glue_7t       0x000000000800c4f8        0x0 linker stubs
 *(.eh_frame)
 .eh_frame      0x000000000800c4f8        0x0 C:/ST/STM32CubeIDE_1.14.1/STM32CubeIDE/plugins/com.st.stm32cube.ide.mcu.externaltools.gnu-tools-for-stm32.11.3.rel1.win32_1.1.100.202309141235/tools/bin/../lib/gcc/arm-none-eabi/11.3.1/thumb/v7e-m+fp/hard/crtbegin.o
 *(.init)
 .init          0x000000000800c4f8        0x4 C:/ST/STM32CubeIDE_1.14.1/STM32CubeIDE/plugins/com.st.stm32cube.ide.mcu.externaltools.gnu-tools-for-stm32.11.3.rel1.win32_1.1.100.202309141235/tools/bin/../lib/gcc/arm-none-eabi/11.3.1/thumb/v7e-m+fp/hard/crti.o
                0x000000000800c4f8                _init
 .init          0x000000000800c4fc        0x8 C:/ST/STM32CubeIDE_1.14.1/STM32CubeIDE/plugins/com.st.stm32cube.ide.mcu.externaltools.gnu-tools-for-stm32.11.3.rel1.win32_1.1.100.202309141235/tools/bin/../lib/gcc/arm-none-eabi/11.3.1/thumb/v7e-m+fp/hard/crtn.o
 *(.fini)
 .fini          0x000000000800c504        0x4 C:/ST/STM32CubeIDE_1.14.1/STM32CubeIDE/plugins/com.st.stm32cube.ide.mcu.externaltools.gnu-tools-for-stm32.11.3.rel1.win32_1.1.100.202309141235/tools/bin/../lib/gcc/arm-none-eabi/11.3.1/thumb/v7e-m+fp/hard/crti.o
                0x000000000800c504                _fini
 .fini          0x000000000800c508        0x8 C:/ST/STM32CubeIDE_1.14.1/STM32CubeIDE/plugins/com.st.stm32cube.ide.mcu.externaltools.gnu-tools-for-stm32.11.3.rel1.win32_1.1.100.202309141235/tools/bin/../lib/gcc/arm-none-eabi/11.3.1/thumb/v7e-m+fp/hard/crtn.o
                0x000000000800c510                . = ALIGN (0x4)
                0x000000000800c510                _etext = .

.vfp11_veneer   0x000000000800c510        0x0
 .vfp11_veneer  0x000000000800c510        0x0 linker stubs

.v4_bx          0x000000000800c510        0x0
 .v4_bx         0x000000000800c510        0x0 linker stubs

.iplt           0x000000000800c510        0x0
 .iplt          0x000000000800c510        0x0 C:/ST/STM32CubeIDE_1.14.1/STM32CubeIDE/plugins/com.st.stm32cube.ide.mcu.externaltools.gnu-tools-for-stm32.11.3.rel1.win32_1.1.100.202309141235/tools/bin/../lib/gcc/arm-none-eabi/11.3.1/thumb/v7e-m+fp/hard/crtbegin.o

.rodata         0x000000000800c510       0x70
                0x000000000800c510                . = ALIGN (0x4)
 *(.rodata)
 .rodata        0x000000000800c510       0x26 ./Core/Src/app.o
 *(.rodata*)
 *fill*         0x000000000800c536        0x2 
 .rodata.AHBPrescTable
                0x000000000800c538       0x10 ./Core/Src/system_stm32l4xx.o
                0x000000000800c538                AHBPrescTable
 .rodata.APBPrescTable
                0x000000000800c548        0x8 ./Core/Src/system_stm32l4xx.o
                0x000000000800c548                APBPrescTable
 .rodata.MSIRangeTable
                0x000000000800c550       0x30 ./Core/Src/system_stm32l4xx.o
                0x000000000800c550                MSIRangeTable
                0x000000000800c580                . = ALIGN (0x4)

.ARM.extab      0x000000000800c580        0x0
                0x000000000800c580                . = ALIGN (0x4)
 *(.ARM.extab* .gnu.linkonce.armextab.*)
                0x000000000800c580                . = ALIGN (0x4)

.ARM            0x000000000800c580        0x8
                0x000000000800c580                . = ALIGN (0x4)
                0x000000000800c580                __exidx_start = .
 *(.ARM.exidx*)
 .ARM.exidx     0x000000000800c580        0x8 C:/ST/STM32CubeIDE_1.14.1/STM32CubeIDE/plugins/com.st.stm32cube.ide.mcu.externaltools.gnu-tools-for-stm32.11.3.rel1.win32_1.1.100.202309141235/tools/bin/../lib/gcc/arm-none-eabi/11.3.1/thumb/v7e-m+fp/hard\libgcc.a(_udivmoddi4.o)
                0x000000000800c588                __exidx_end = .
                0x000000000800c588                . = ALIGN (0x4)

.rel.dyn        0x000000000800c588        0x0
 .rel.iplt      0x000000000800c588        0x0 C:/ST/STM32CubeIDE_1.14.1/STM32CubeIDE/plugins/com.st.stm32cube.ide.mcu.externaltools.gnu-tools-for-stm32.11.3.rel1.win32_1.1.100.202309141235/tools/bin/../lib/gcc/arm-none-eabi/11.3.1/thumb/v7e-m+fp/hard/crtbegin.o

.preinit_array  0x000000000800c588        0x0
                0x000000000800c588                . = ALIGN (0x4)
                0x000000000800c588                PROVIDE (__preinit_array_start = .)
 *(.preinit_array*)
                0x000000000800c588                PROVIDE (__preinit_array_end = .)
                0x000000000800c588                . = ALIGN (0x4)

.init_array     0x000000000800c588       0x20
                0x000000000800c588                . = ALIGN (0x4)
                0x000000000800c588                PROVIDE (__init_array_start = .)
 *(SORT_BY_NAME(.init_array.*))
 *(.init_array*)
 .init_array    0x000000000800c588        0x4 C:/ST/STM32CubeIDE_1.14.1/STM32CubeIDE/plugins/com.st.stm32cube.ide.mcu.externaltools.gnu-tools-for-stm32.11.3.rel1.win32_1.1.100.202309141235/tools/bin/../lib/gcc/arm-none-eabi/11.3.1/thumb/v7e-m+fp/hard/crtbegin.o
 .init_array    0x000000000800c58c        0x4 ./Core/Src/app.o
 .init_array    0x000000000800c590        0x4 ./Core/Src/hardwareIn.o
 .init_array    0x000000000800c594        0x4 ./Core/Src/hardwareOut.o
 .init_array    0x000000000800c598        0x4 ./Core/Src/linkIn.o
 .init_array    0x000000000800c59c        0x4 ./Core/Src/main.o
 .init_array    0x000000000800c5a0        0x4 ./Core/Src/tcpIn.o
 .init_array    0x000000000800c5a4        0x4 ./Core/Src/tcpOut.o
                0x000000000800c5a8                PROVIDE (__init_array_end = .)
                0x000000000800c5a8                . = ALIGN (0x4)

.fini_array     0x000000000800c5a8        0x4
                0x000000000800c5a8                . = ALIGN (0x4)
                [!provide]                        PROVIDE (__fini_array_start = .)
 *(SORT_BY_NAME(.fini_array.*))
 *(.fini_array*)
 .fini_array    0x000000000800c5a8        0x4 C:/ST/STM32CubeIDE_1.14.1/STM32CubeIDE/plugins/com.st.stm32cube.ide.mcu.externaltools.gnu-tools-for-stm32.11.3.rel1.win32_1.1.100.202309141235/tools/bin/../lib/gcc/arm-none-eabi/11.3.1/thumb/v7e-m+fp/hard/crtbegin.o
                [!provide]                        PROVIDE (__fini_array_end = .)
                0x000000000800c5ac                . = ALIGN (0x4)
                0x000000000800c5ac                _sidata = LOADADDR (.data)

.data           0x0000000020000000      0x368 load address 0x000000000800c5ac
                0x0000000020000000                . = ALIGN (0x4)
                0x0000000020000000                _sdata = .
 *(.data)
 *(.data*)
 .data.sizeBufStab
                0x0000000020000000        0x1 ./Core/Src/app.o
                0x0000000020000000                sizeBufStab
 *fill*         0x0000000020000001        0x1 
 .data.command_Sht31
                0x0000000020000002        0x2 ./Core/Src/hardwareIn.o
                0x0000000020000002                command_Sht31
 .data.buffer_SHT31_I2C_OUT
                0x0000000020000004        0x2 ./Core/Src/hardwareIn.o
                0x0000000020000004                buffer_SHT31_I2C_OUT
 .data.addressSht31
                0x0000000020000006        0x1 ./Core/Src/hardwareIn.o
                0x0000000020000006                addressSht31
 .data.enableI2C
                0x0000000020000007        0x1 ./Core/Src/hardwareIn.o
                0x0000000020000007                enableI2C
 .data.AdsCommand_0
                0x0000000020000008        0x3 ./Core/Src/hardwareIn.o
                0x0000000020000008                AdsCommand_0
 *fill*         0x000000002000000b        0x1 
 .data.AdsCommand_2
                0x000000002000000c        0x3 ./Core/Src/hardwareIn.o
                0x000000002000000c                AdsCommand_2
 *fill*         0x000000002000000f        0x1 
 .data.nameAlphaB
                0x0000000020000010       0x12 ./Core/Src/hardwareIn.o
                0x0000000020000010                nameAlphaB
 *fill*         0x0000000020000022        0x2 
 .data.thresholdBat
                0x0000000020000024        0x4 ./Core/Src/linkIn.o
                0x0000000020000024                thresholdBat
 .data.rxCommand_0
                0x0000000020000028        0x4 ./Core/Src/loraApp.o
                0x0000000020000028                rxCommand_0
 .data.rxCommand_1
                0x000000002000002c        0x7 ./Core/Src/loraApp.o
                0x000000002000002c                rxCommand_1
 *fill*         0x0000000020000033        0x1 
 .data.rxCommand_2
                0x0000000020000034        0xf ./Core/Src/loraApp.o
                0x0000000020000034                rxCommand_2
 *fill*         0x0000000020000043        0x1 
 .data.rxCommand_3
                0x0000000020000044       0x12 ./Core/Src/loraApp.o
                0x0000000020000044                rxCommand_3
 *fill*         0x0000000020000056        0x2 
 .data.rxCommand_4
                0x0000000020000058        0xf ./Core/Src/loraApp.o
                0x0000000020000058                rxCommand_4
 *fill*         0x0000000020000067        0x1 
 .data.rxCommand_5
                0x0000000020000068        0xf ./Core/Src/loraApp.o
                0x0000000020000068                rxCommand_5
 *fill*         0x0000000020000077        0x1 
 .data.rxCommand_6
                0x0000000020000078        0xc ./Core/Src/loraApp.o
                0x0000000020000078                rxCommand_6
 .data.rxCommand_7
                0x0000000020000084       0x20 ./Core/Src/loraApp.o
                0x0000000020000084                rxCommand_7
 .data.rxCommand_8
                0x00000000200000a4       0x18 ./Core/Src/loraApp.o
                0x00000000200000a4                rxCommand_8
 .data.rxCommand_9
                0x00000000200000bc        0xc ./Core/Src/loraApp.o
                0x00000000200000bc                rxCommand_9
 .data.rxCommand_10
                0x00000000200000c8        0xc ./Core/Src/loraApp.o
                0x00000000200000c8                rxCommand_10
 .data.rxCommand_11
                0x00000000200000d4        0x8 ./Core/Src/loraApp.o
                0x00000000200000d4                rxCommand_11
 .data.rxCommand_12
                0x00000000200000dc        0x5 ./Core/Src/loraApp.o
                0x00000000200000dc                rxCommand_12
 *fill*         0x00000000200000e1        0x3 
 .data.rxCommand_18
                0x00000000200000e4        0xb ./Core/Src/loraApp.o
                0x00000000200000e4                rxCommand_18
 *fill*         0x00000000200000ef        0x1 
 .data.rxCommand
                0x00000000200000f0       0x38 ./Core/Src/loraApp.o
                0x00000000200000f0                rxCommand
 .data.sysReset_RN2903
                0x0000000020000128        0xc ./Core/Src/loraApp.o
                0x0000000020000128                sysReset_RN2903
 .data.radioSetMod_RN2903
                0x0000000020000134       0x15 ./Core/Src/loraApp.o
                0x0000000020000134                radioSetMod_RN2903
 *fill*         0x0000000020000149        0x3 
 .data.radioSetSf_RN2903
                0x000000002000014c       0x14 ./Core/Src/loraApp.o
                0x000000002000014c                radioSetSf_RN2903
 .data.radioSetBw_RN2903
                0x0000000020000160       0x13 ./Core/Src/loraApp.o
                0x0000000020000160                radioSetBw_RN2903
 *fill*         0x0000000020000173        0x1 
 .data.radioSetPwr_RN2903
                0x0000000020000174       0x13 ./Core/Src/loraApp.o
                0x0000000020000174                radioSetPwr_RN2903
 *fill*         0x0000000020000187        0x1 
 .data.macSetDevEui_RN2903
                0x0000000020000188       0x21 ./Core/Src/loraApp.o
                0x0000000020000188                macSetDevEui_RN2903
 *fill*         0x00000000200001a9        0x3 
 .data.macSetDevAddr_RN2903
                0x00000000200001ac       0x1b ./Core/Src/loraApp.o
                0x00000000200001ac                macSetDevAddr_RN2903
 *fill*         0x00000000200001c7        0x1 
 .data.macSetNwkskey_RN2903
                0x00000000200001c8       0x33 ./Core/Src/loraApp.o
                0x00000000200001c8                macSetNwkskey_RN2903
 *fill*         0x00000000200001fb        0x1 
 .data.macSetAppskey_RN2903
                0x00000000200001fc       0x33 ./Core/Src/loraApp.o
                0x00000000200001fc                macSetAppskey_RN2903
 *fill*         0x000000002000022f        0x1 
 .data.macJoinOtaa_RN2903
                0x0000000020000230       0x10 ./Core/Src/loraApp.o
                0x0000000020000230                macJoinOtaa_RN2903
 .data.macJoinAbp_RN2903
                0x0000000020000240        0xf ./Core/Src/loraApp.o
                0x0000000020000240                macJoinAbp_RN2903
 *fill*         0x000000002000024f        0x1 
 .data.macSetSync_RN2903
                0x0000000020000250       0x12 ./Core/Src/loraApp.o
                0x0000000020000250                macSetSync_RN2903
 *fill*         0x0000000020000262        0x2 
 .data.macSave_RN2903
                0x0000000020000264        0xb ./Core/Src/loraApp.o
                0x0000000020000264                macSave_RN2903
 *fill*         0x000000002000026f        0x1 
 .data.macTxData_RN2903
                0x0000000020000270       0x1a ./Core/Src/loraApp.o
                0x0000000020000270                macTxData_RN2903
 *fill*         0x000000002000028a        0x2 
 .data.macTxGps_RN2903
                0x000000002000028c       0x1a ./Core/Src/loraApp.o
                0x000000002000028c                macTxGps_RN2903
 *fill*         0x00000000200002a6        0x2 
 .data.macTxSys_RN2903
                0x00000000200002a8       0x16 ./Core/Src/loraApp.o
                0x00000000200002a8                macTxSys_RN2903
 *fill*         0x00000000200002be        0x2 
 .data.macSetCh8_RN2903
                0x00000000200002c0       0x1a ./Core/Src/loraApp.o
                0x00000000200002c0                macSetCh8_RN2903
 *fill*         0x00000000200002da        0x2 
 .data.macSetCh9_RN2903
                0x00000000200002dc       0x1a ./Core/Src/loraApp.o
                0x00000000200002dc                macSetCh9_RN2903
 *fill*         0x00000000200002f6        0x2 
 .data.macSetCh10_RN2903
                0x00000000200002f8       0x1b ./Core/Src/loraApp.o
                0x00000000200002f8                macSetCh10_RN2903
 *fill*         0x0000000020000313        0x1 
 .data.amplifier2_0
                0x0000000020000314        0x5 ./Core/Src/main.o
                0x0000000020000314                amplifier2_0
 *fill*         0x0000000020000319        0x3 
 .data.groundSensor0
                0x000000002000031c        0x5 ./Core/Src/main.o
                0x000000002000031c                groundSensor0
 *fill*         0x0000000020000321        0x3 
 .data.curveSensor0
                0x0000000020000324        0x5 ./Core/Src/main.o
                0x0000000020000324                curveSensor0
 *fill*         0x0000000020000329        0x3 
 .data.dateCalib0
                0x000000002000032c        0xb ./Core/Src/main.o
                0x000000002000032c                dateCalib0
 *fill*         0x0000000020000337        0x1 
 .data.amplifier2_1
                0x0000000020000338        0x5 ./Core/Src/main.o
                0x0000000020000338                amplifier2_1
 *fill*         0x000000002000033d        0x3 
 .data.groundSensor1
                0x0000000020000340        0x5 ./Core/Src/main.o
                0x0000000020000340                groundSensor1
 *fill*         0x0000000020000345        0x3 
 .data.curveSensor1
                0x0000000020000348        0x5 ./Core/Src/main.o
                0x0000000020000348                curveSensor1
 *fill*         0x000000002000034d        0x3 
 .data.dateCalib1
                0x0000000020000350        0xb ./Core/Src/main.o
                0x0000000020000350                dateCalib1
 .data.superloop
                0x000000002000035b        0x1 ./Core/Src/main.o
                0x000000002000035b                superloop
 .data.SystemCoreClock
                0x000000002000035c        0x4 ./Core/Src/system_stm32l4xx.o
                0x000000002000035c                SystemCoreClock
 .data.uwTickPrio
                0x0000000020000360        0x4 ./Drivers/STM32L4xx_HAL_Driver/Src/stm32l4xx_hal.o
                0x0000000020000360                uwTickPrio
 .data.uwTickFreq
                0x0000000020000364        0x1 ./Drivers/STM32L4xx_HAL_Driver/Src/stm32l4xx_hal.o
                0x0000000020000364                uwTickFreq
 *(.RamFunc)
 *(.RamFunc*)
                0x0000000020000368                . = ALIGN (0x4)
 *fill*         0x0000000020000365        0x3 
                0x0000000020000368                _edata = .

.igot.plt       0x0000000020000368        0x0 load address 0x000000000800c914
 .igot.plt      0x0000000020000368        0x0 C:/ST/STM32CubeIDE_1.14.1/STM32CubeIDE/plugins/com.st.stm32cube.ide.mcu.externaltools.gnu-tools-for-stm32.11.3.rel1.win32_1.1.100.202309141235/tools/bin/../lib/gcc/arm-none-eabi/11.3.1/thumb/v7e-m+fp/hard/crtbegin.o
                0x0000000020000368                . = ALIGN (0x4)

.bss            0x0000000020000368      0xde0 load address 0x000000000800c914
                0x0000000020000368                _sbss = .
                0x0000000020000368                __bss_start__ = _sbss
 *(.bss)
 .bss           0x0000000020000368       0x1c C:/ST/STM32CubeIDE_1.14.1/STM32CubeIDE/plugins/com.st.stm32cube.ide.mcu.externaltools.gnu-tools-for-stm32.11.3.rel1.win32_1.1.100.202309141235/tools/bin/../lib/gcc/arm-none-eabi/11.3.1/thumb/v7e-m+fp/hard/crtbegin.o
 *(.bss*)
 .bss.limitLoraApp
                0x0000000020000384        0x4 ./Core/Src/app.o
                0x0000000020000384                limitLoraApp
 .bss.stateWarming
                0x0000000020000388        0x1 ./Core/Src/app.o
                0x0000000020000388                stateWarming
 *fill*         0x0000000020000389        0x3 
 .bss.countWarming
                0x000000002000038c        0x4 ./Core/Src/app.o
                0x000000002000038c                countWarming
 .bss.limitWarming
                0x0000000020000390        0x4 ./Core/Src/app.o
                0x0000000020000390                limitWarming
 .bss.flagWarmingOk
                0x0000000020000394        0x1 ./Core/Src/app.o
                0x0000000020000394                flagWarmingOk
 .bss.flagResetWarming
                0x0000000020000395        0x1 ./Core/Src/app.o
                0x0000000020000395                flagResetWarming
 .bss.stateProcess
                0x0000000020000396        0x1 ./Core/Src/app.o
                0x0000000020000396                stateProcess
 *fill*         0x0000000020000397        0x1 
 .bss.countProcess
                0x0000000020000398        0x4 ./Core/Src/app.o
                0x0000000020000398                countProcess
 .bss._ZL12limitProcess
                0x000000002000039c        0x4 ./Core/Src/app.o
 .bss.flagStability
                0x00000000200003a0        0x1 ./Core/Src/app.o
                0x00000000200003a0                flagStability
 *fill*         0x00000000200003a1        0x1 
 .bss.alphaA_LP
                0x00000000200003a2        0x2 ./Core/Src/app.o
                0x00000000200003a2                alphaA_LP
 .bss.alphaB_LP
                0x00000000200003a4        0x2 ./Core/Src/app.o
                0x00000000200003a4                alphaB_LP
 .bss.meanAlphaA
                0x00000000200003a6        0x2 ./Core/Src/app.o
                0x00000000200003a6                meanAlphaA
 .bss.meanAlphaA_2
                0x00000000200003a8        0x2 ./Core/Src/app.o
                0x00000000200003a8                meanAlphaA_2
 .bss.meanAlphaB
                0x00000000200003aa        0x2 ./Core/Src/app.o
                0x00000000200003aa                meanAlphaB
 .bss.meanAlphaB_2
                0x00000000200003ac        0x2 ./Core/Src/app.o
                0x00000000200003ac                meanAlphaB_2
 .bss.stateStability
                0x00000000200003ae        0x1 ./Core/Src/app.o
                0x00000000200003ae                stateStability
 *fill*         0x00000000200003af        0x1 
 .bss.countStability
                0x00000000200003b0        0x4 ./Core/Src/app.o
                0x00000000200003b0                countStability
 .bss.countStability2
                0x00000000200003b4        0x1 ./Core/Src/app.o
                0x00000000200003b4                countStability2
 .bss.countStability3
                0x00000000200003b5        0x1 ./Core/Src/app.o
                0x00000000200003b5                countStability3
 *fill*         0x00000000200003b6        0x2 
 .bss._ZL14limitStability
                0x00000000200003b8        0x4 ./Core/Src/app.o
 .bss.flagStartStability
                0x00000000200003bc        0x1 ./Core/Src/app.o
                0x00000000200003bc                flagStartStability
 .bss.flagFinishStab
                0x00000000200003bd        0x1 ./Core/Src/app.o
                0x00000000200003bd                flagFinishStab
 *fill*         0x00000000200003be        0x2 
 .bss.bufferStabA
                0x00000000200003c0       0x3c ./Core/Src/app.o
                0x00000000200003c0                bufferStabA
 .bss.calibContent
                0x00000000200003fc        0x4 ./Core/Src/app.o
                0x00000000200003fc                calibContent
 .bss.countDebug
                0x0000000020000400        0x4 ./Core/Src/app.o
                0x0000000020000400                countDebug
 .bss._ZZ3iirsE1y
                0x0000000020000404        0xc ./Core/Src/app.o
 .bss._ZZ3iirsE1x
                0x0000000020000410        0x6 ./Core/Src/app.o
 *fill*         0x0000000020000416        0x2 
 .bss._ZZ4iir2sE2y2
                0x0000000020000418        0xc ./Core/Src/app.o
 .bss._ZZ4iir2sE2x2
                0x0000000020000424        0x6 ./Core/Src/app.o
 .bss.boton     0x000000002000042a        0x1 ./Core/Src/hardwareIn.o
                0x000000002000042a                boton
 *fill*         0x000000002000042b        0x1 
 .bss.countBoton
                0x000000002000042c        0x4 ./Core/Src/hardwareIn.o
                0x000000002000042c                countBoton
 .bss.limitBoton
                0x0000000020000430        0x4 ./Core/Src/hardwareIn.o
                0x0000000020000430                limitBoton
 .bss.stateBoton
                0x0000000020000434        0x1 ./Core/Src/hardwareIn.o
                0x0000000020000434                stateBoton
 .bss.stateSht31
                0x0000000020000435        0x1 ./Core/Src/hardwareIn.o
                0x0000000020000435                stateSht31
 *fill*         0x0000000020000436        0x2 
 .bss.countSht31
                0x0000000020000438        0x4 ./Core/Src/hardwareIn.o
                0x0000000020000438                countSht31
 .bss.limitSht31_measure
                0x000000002000043c        0x4 ./Core/Src/hardwareIn.o
                0x000000002000043c                limitSht31_measure
 .bss.limitSht31_i2c
                0x0000000020000440        0x4 ./Core/Src/hardwareIn.o
                0x0000000020000440                limitSht31_i2c
 .bss.buffer_SHT31_I2C_IN
                0x0000000020000444        0x6 ./Core/Src/hardwareIn.o
                0x0000000020000444                buffer_SHT31_I2C_IN
 .bss.selectSht31
                0x000000002000044a        0x1 ./Core/Src/hardwareIn.o
                0x000000002000044a                selectSht31
 *fill*         0x000000002000044b        0x1 
 .bss.tempIntern
                0x000000002000044c        0x2 ./Core/Src/hardwareIn.o
                0x000000002000044c                tempIntern
 .bss.humIntern
                0x000000002000044e        0x2 ./Core/Src/hardwareIn.o
                0x000000002000044e                humIntern
 .bss.tempExtern
                0x0000000020000450        0x2 ./Core/Src/hardwareIn.o
                0x0000000020000450                tempExtern
 .bss.humExtern
                0x0000000020000452        0x2 ./Core/Src/hardwareIn.o
                0x0000000020000452                humExtern
 .bss.stateAdc  0x0000000020000454        0x1 ./Core/Src/hardwareIn.o
                0x0000000020000454                stateAdc
 *fill*         0x0000000020000455        0x3 
 .bss.countAdc  0x0000000020000458        0x4 ./Core/Src/hardwareIn.o
                0x0000000020000458                countAdc
 .bss._ZL9sampleAdc
                0x000000002000045c        0x4 ./Core/Src/hardwareIn.o
 .bss._ZL12limitAds_i2c
                0x0000000020000460        0x4 ./Core/Src/hardwareIn.o
 .bss.AdsCommand_1
                0x0000000020000464        0x1 ./Core/Src/hardwareIn.o
                0x0000000020000464                AdsCommand_1
 *fill*         0x0000000020000465        0x3 
 .bss.buffer_ADS_I2C_IN
                0x0000000020000468        0x2 ./Core/Src/hardwareIn.o
                0x0000000020000468                buffer_ADS_I2C_IN
 .bss.alphaA    0x000000002000046a        0x2 ./Core/Src/hardwareIn.o
                0x000000002000046a                alphaA
 .bss.alphaB    0x000000002000046c        0x2 ./Core/Src/hardwareIn.o
                0x000000002000046c                alphaB
 .bss.selectChannelAds
                0x000000002000046e        0x1 ./Core/Src/hardwareIn.o
                0x000000002000046e                selectChannelAds
 *fill*         0x000000002000046f        0x1 
 .bss.battery   0x0000000020000470        0x2 ./Core/Src/hardwareIn.o
                0x0000000020000470                battery
 .bss.alphaAnalog_A
                0x0000000020000472        0x2 ./Core/Src/hardwareIn.o
                0x0000000020000472                alphaAnalog_A
 .bss.alphaAnalog_B
                0x0000000020000474        0x2 ./Core/Src/hardwareIn.o
                0x0000000020000474                alphaAnalog_B
 *fill*         0x0000000020000476        0x2 
 .bss.countAnalog
                0x0000000020000478        0x4 ./Core/Src/hardwareIn.o
                0x0000000020000478                countAnalog
 .bss.sampleAnalog
                0x000000002000047c        0x4 ./Core/Src/hardwareIn.o
                0x000000002000047c                sampleAnalog
 .bss.stateAnalog
                0x0000000020000480        0x1 ./Core/Src/hardwareIn.o
                0x0000000020000480                stateAnalog
 *fill*         0x0000000020000481        0x3 
 .bss.nameSensor_0
                0x0000000020000484       0x14 ./Core/Src/hardwareIn.o
                0x0000000020000484                nameSensor_0
 .bss.idSensor_0
                0x0000000020000498        0x4 ./Core/Src/hardwareIn.o
                0x0000000020000498                idSensor_0
 .bss.rangeSensor_0
                0x000000002000049c        0x4 ./Core/Src/hardwareIn.o
                0x000000002000049c                rangeSensor_0
 .bss.amplifier_10
                0x00000000200004a0        0x4 ./Core/Src/hardwareIn.o
                0x00000000200004a0                amplifier_10
 .bss.amplifier_20
                0x00000000200004a4        0x4 ./Core/Src/hardwareIn.o
                0x00000000200004a4                amplifier_20
 .bss.groundSensor_0
                0x00000000200004a8        0x4 ./Core/Src/hardwareIn.o
                0x00000000200004a8                groundSensor_0
 .bss.curveSensor_0
                0x00000000200004ac        0x4 ./Core/Src/hardwareIn.o
                0x00000000200004ac                curveSensor_0
 .bss.dateCalib_0
                0x00000000200004b0        0xa ./Core/Src/hardwareIn.o
                0x00000000200004b0                dateCalib_0
 *fill*         0x00000000200004ba        0x2 
 .bss.nameSensor_1
                0x00000000200004bc       0x14 ./Core/Src/hardwareIn.o
                0x00000000200004bc                nameSensor_1
 .bss.idSensor_1
                0x00000000200004d0        0x4 ./Core/Src/hardwareIn.o
                0x00000000200004d0                idSensor_1
 .bss.rangeSensor_1
                0x00000000200004d4        0x4 ./Core/Src/hardwareIn.o
                0x00000000200004d4                rangeSensor_1
 .bss.amplifier_11
                0x00000000200004d8        0x4 ./Core/Src/hardwareIn.o
                0x00000000200004d8                amplifier_11
 .bss.amplifier_21
                0x00000000200004dc        0x4 ./Core/Src/hardwareIn.o
                0x00000000200004dc                amplifier_21
 .bss.groundSensor_1
                0x00000000200004e0        0x4 ./Core/Src/hardwareIn.o
                0x00000000200004e0                groundSensor_1
 .bss.curveSensor_1
                0x00000000200004e4        0x4 ./Core/Src/hardwareIn.o
                0x00000000200004e4                curveSensor_1
 .bss.dateCalib_1
                0x00000000200004e8        0xa ./Core/Src/hardwareIn.o
                0x00000000200004e8                dateCalib_1
 .bss.stateEEPROM
                0x00000000200004f2        0x1 ./Core/Src/hardwareIn.o
                0x00000000200004f2                stateEEPROM
 *fill*         0x00000000200004f3        0x1 
 .bss.warningHardware
                0x00000000200004f4        0x8 ./Core/Src/hardwareIn.o
                0x00000000200004f4                warningHardware
 .bss.errorHardware
                0x00000000200004fc        0x8 ./Core/Src/hardwareIn.o
                0x00000000200004fc                errorHardware
 .bss.limitGpsAvailable
                0x0000000020000504        0x2 ./Core/Src/hardwareOut.o
                0x0000000020000504                limitGpsAvailable
 .bss.resetHwLora
                0x0000000020000506        0x2 ./Core/Src/hardwareOut.o
                0x0000000020000506                resetHwLora
 .bss.limitUartGps
                0x0000000020000508        0x2 ./Core/Src/hardwareOut.o
                0x0000000020000508                limitUartGps
 .bss.stateLed  0x000000002000050a        0x1 ./Core/Src/hardwareOut.o
                0x000000002000050a                stateLed
 *fill*         0x000000002000050b        0x1 
 .bss.countLedOut
                0x000000002000050c        0x2 ./Core/Src/hardwareOut.o
                0x000000002000050c                countLedOut
 .bss.limitLed  0x000000002000050e        0x2 ./Core/Src/hardwareOut.o
                0x000000002000050e                limitLed
 .bss.flagLedOn
                0x0000000020000510        0x1 ./Core/Src/hardwareOut.o
                0x0000000020000510                flagLedOn
 .bss.flagLedOff
                0x0000000020000511        0x1 ./Core/Src/hardwareOut.o
                0x0000000020000511                flagLedOff
 .bss.flagLedFreq
                0x0000000020000512        0x1 ./Core/Src/hardwareOut.o
                0x0000000020000512                flagLedFreq
 .bss.flagSaveEeprom
                0x0000000020000513        0x1 ./Core/Src/hardwareOut.o
                0x0000000020000513                flagSaveEeprom
 .bss.stateEepromOut
                0x0000000020000514        0x1 ./Core/Src/hardwareOut.o
                0x0000000020000514                stateEepromOut