Archive member included to satisfy reference by file (symbol)

D:/ST/STM32CubeIDE_1.15.0/STM32CubeIDE/plugins/com.st.stm32cube.ide.mcu.externaltools.gnu-tools-for-stm32.12.3.rel1.win32_1.0.100.202403111256/tools/bin/../lib/gcc/arm-none-eabi/12.3.1/../../../../arm-none-eabi/lib/thumb/v7e-m+fp/hard\libc_nano.a(libc_a-exit.o)
                              D:/ST/STM32CubeIDE_1.15.0/STM32CubeIDE/plugins/com.st.stm32cube.ide.mcu.externaltools.gnu-tools-for-stm32.12.3.rel1.win32_1.0.100.202403111256/tools/bin/../lib/gcc/arm-none-eabi/12.3.1/../../../../arm-none-eabi/lib/thumb/v7e-m+fp/hard/crt0.o (exit)
D:/ST/STM32CubeIDE_1.15.0/STM32CubeIDE/plugins/com.st.stm32cube.ide.mcu.externaltools.gnu-tools-for-stm32.12.3.rel1.win32_1.0.100.202403111256/tools/bin/../lib/gcc/arm-none-eabi/12.3.1/../../../../arm-none-eabi/lib/thumb/v7e-m+fp/hard\libc_nano.a(libc_a-findfp.o)
                              D:/ST/STM32CubeIDE_1.15.0/STM32CubeIDE/plugins/com.st.stm32cube.ide.mcu.externaltools.gnu-tools-for-stm32.12.3.rel1.win32_1.0.100.202403111256/tools/bin/../lib/gcc/arm-none-eabi/12.3.1/../../../../arm-none-eabi/lib/thumb/v7e-m+fp/hard\libc_nano.a(libc_a-exit.o) (__stdio_exit_handler)
D:/ST/STM32CubeIDE_1.15.0/STM32CubeIDE/plugins/com.st.stm32cube.ide.mcu.externaltools.gnu-tools-for-stm32.12.3.rel1.win32_1.0.100.202403111256/tools/bin/../lib/gcc/arm-none-eabi/12.3.1/../../../../arm-none-eabi/lib/thumb/v7e-m+fp/hard\libc_nano.a(libc_a-fwalk.o)
                              D:/ST/STM32CubeIDE_1.15.0/STM32CubeIDE/plugins/com.st.stm32cube.ide.mcu.externaltools.gnu-tools-for-stm32.12.3.rel1.win32_1.0.100.202403111256/tools/bin/../lib/gcc/arm-none-eabi/12.3.1/../../../../arm-none-eabi/lib/thumb/v7e-m+fp/hard\libc_nano.a(libc_a-findfp.o) (_fwalk_sglue)
D:/ST/STM32CubeIDE_1.15.0/STM32CubeIDE/plugins/com.st.stm32cube.ide.mcu.externaltools.gnu-tools-for-stm32.12.3.rel1.win32_1.0.100.202403111256/tools/bin/../lib/gcc/arm-none-eabi/12.3.1/../../../../arm-none-eabi/lib/thumb/v7e-m+fp/hard\libc_nano.a(libc_a-stdio.o)
                              D:/ST/STM32CubeIDE_1.15.0/STM32CubeIDE/plugins/com.st.stm32cube.ide.mcu.externaltools.gnu-tools-for-stm32.12.3.rel1.win32_1.0.100.202403111256/tools/bin/../lib/gcc/arm-none-eabi/12.3.1/../../../../arm-none-eabi/lib/thumb/v7e-m+fp/hard\libc_nano.a(libc_a-findfp.o) (__sread)
D:/ST/STM32CubeIDE_1.15.0/STM32CubeIDE/plugins/com.st.stm32cube.ide.mcu.externaltools.gnu-tools-for-stm32.12.3.rel1.win32_1.0.100.202403111256/tools/bin/../lib/gcc/arm-none-eabi/12.3.1/../../../../arm-none-eabi/lib/thumb/v7e-m+fp/hard\libc_nano.a(libc_a-memset.o)
                              D:/ST/STM32CubeIDE_1.15.0/STM32CubeIDE/plugins/com.st.stm32cube.ide.mcu.externaltools.gnu-tools-for-stm32.12.3.rel1.win32_1.0.100.202403111256/tools/bin/../lib/gcc/arm-none-eabi/12.3.1/../../../../arm-none-eabi/lib/thumb/v7e-m+fp/hard/crt0.o (memset)
D:/ST/STM32CubeIDE_1.15.0/STM32CubeIDE/plugins/com.st.stm32cube.ide.mcu.externaltools.gnu-tools-for-stm32.12.3.rel1.win32_1.0.100.202403111256/tools/bin/../lib/gcc/arm-none-eabi/12.3.1/../../../../arm-none-eabi/lib/thumb/v7e-m+fp/hard\libc_nano.a(libc_a-closer.o)
                              D:/ST/STM32CubeIDE_1.15.0/STM32CubeIDE/plugins/com.st.stm32cube.ide.mcu.externaltools.gnu-tools-for-stm32.12.3.rel1.win32_1.0.100.202403111256/tools/bin/../lib/gcc/arm-none-eabi/12.3.1/../../../../arm-none-eabi/lib/thumb/v7e-m+fp/hard\libc_nano.a(libc_a-stdio.o) (_close_r)
D:/ST/STM32CubeIDE_1.15.0/STM32CubeIDE/plugins/com.st.stm32cube.ide.mcu.externaltools.gnu-tools-for-stm32.12.3.rel1.win32_1.0.100.202403111256/tools/bin/../lib/gcc/arm-none-eabi/12.3.1/../../../../arm-none-eabi/lib/thumb/v7e-m+fp/hard\libc_nano.a(libc_a-reent.o)
                              D:/ST/STM32CubeIDE_1.15.0/STM32CubeIDE/plugins/com.st.stm32cube.ide.mcu.externaltools.gnu-tools-for-stm32.12.3.rel1.win32_1.0.100.202403111256/tools/bin/../lib/gcc/arm-none-eabi/12.3.1/../../../../arm-none-eabi/lib/thumb/v7e-m+fp/hard\libc_nano.a(libc_a-closer.o) (errno)
D:/ST/STM32CubeIDE_1.15.0/STM32CubeIDE/plugins/com.st.stm32cube.ide.mcu.externaltools.gnu-tools-for-stm32.12.3.rel1.win32_1.0.100.202403111256/tools/bin/../lib/gcc/arm-none-eabi/12.3.1/../../../../arm-none-eabi/lib/thumb/v7e-m+fp/hard\libc_nano.a(libc_a-impure.o)
                              D:/ST/STM32CubeIDE_1.15.0/STM32CubeIDE/plugins/com.st.stm32cube.ide.mcu.externaltools.gnu-tools-for-stm32.12.3.rel1.win32_1.0.100.202403111256/tools/bin/../lib/gcc/arm-none-eabi/12.3.1/../../../../arm-none-eabi/lib/thumb/v7e-m+fp/hard\libc_nano.a(libc_a-reent.o) (_impure_ptr)
D:/ST/STM32CubeIDE_1.15.0/STM32CubeIDE/plugins/com.st.stm32cube.ide.mcu.externaltools.gnu-tools-for-stm32.12.3.rel1.win32_1.0.100.202403111256/tools/bin/../lib/gcc/arm-none-eabi/12.3.1/../../../../arm-none-eabi/lib/thumb/v7e-m+fp/hard\libc_nano.a(libc_a-lseekr.o)
[...]
Memory Configuration

Name             Origin             Length             Attributes
RAM              0x20000000         0x00050000         xrw
RAM2             0x10000000         0x00010000         xrw
FLASH            0x08000000         0x00100000         xr
*default*        0x00000000         0xffffffff

Linker script and memory map

LOAD D:/ST/STM32CubeIDE_1.15.0/STM32CubeIDE/plugins/com.st.stm32cube.ide.mcu.externaltools.gnu-tools-for-stm32.12.3.rel1.win32_1.0.100.202403111256/tools/bin/../lib/gcc/arm-none-eabi/12.3.1/thumb/v7e-m+fp/hard/crti.o
LOAD D:/ST/STM32CubeIDE_1.15.0/STM32CubeIDE/plugins/com.st.stm32cube.ide.mcu.externaltools.gnu-tools-for-stm32.12.3.rel1.win32_1.0.100.202403111256/tools/bin/../lib/gcc/arm-none-eabi/12.3.1/thumb/v7e-m+fp/hard/crtbegin.o
LOAD D:/ST/STM32CubeIDE_1.15.0/STM32CubeIDE/plugins/com.st.stm32cube.ide.mcu.externaltools.gnu-tools-for-stm32.12.3.rel1.win32_1.0.100.202403111256/tools/bin/../lib/gcc/arm-none-eabi/12.3.1/../../../../arm-none-eabi/lib/thumb/v7e-m+fp/hard/crt0.o
LOAD ./Core/Src/7segments.o
LOAD ./Core/Src/EEPROM.o
LOAD ./Core/Src/app.o
LOAD ./Core/Src/fifoUart.o
LOAD ./Core/Src/gpsGNSS.o
LOAD ./Core/Src/hardwareIn.o
LOAD ./Core/Src/hardwareOut.o
LOAD ./Core/Src/linkIn.o
LOAD ./Core/Src/linkOut.o
LOAD ./Core/Src/loraApp.o
LOAD ./Core/Src/loraLink.o
LOAD ./Core/Src/loraTcp.o
LOAD ./Core/Src/main.o
LOAD ./Core/Src/stm32l4xx_hal_msp.o
LOAD ./Core/Src/stm32l4xx_it.o
LOAD ./Core/Src/syscalls.o
LOAD ./Core/Src/sysmem.o
LOAD ./Core/Src/system_stm32l4xx.o
LOAD ./Core/Src/tcpIn.o
LOAD ./Core/Src/tcpOut.o
LOAD ./Core/Startup/startup_stm32l496vgtx.o
LOAD ./Drivers/STM32L4xx_HAL_Driver/Src/stm32l4xx_hal.o
LOAD ./Drivers/STM32L4xx_HAL_Driver/Src/stm32l4xx_hal_adc.o
LOAD ./Drivers/STM32L4xx_HAL_Driver/Src/stm32l4xx_hal_adc_ex.o
LOAD ./Drivers/STM32L4xx_HAL_Driver/Src/stm32l4xx_hal_cortex.o
LOAD ./Drivers/STM32L4xx_HAL_Driver/Src/stm32l4xx_hal_dma.o
LOAD ./Drivers/STM32L4xx_HAL_Driver/Src/stm32l4xx_hal_dma_ex.o
LOAD ./Drivers/STM32L4xx_HAL_Driver/Src/stm32l4xx_hal_exti.o
LOAD ./Drivers/STM32L4xx_HAL_Driver/Src/stm32l4xx_hal_flash.o
LOAD ./Drivers/STM32L4xx_HAL_Driver/Src/stm32l4xx_hal_flash_ex.o
LOAD ./Drivers/STM32L4xx_HAL_Driver/Src/stm32l4xx_hal_flash_ramfunc.o
LOAD ./Drivers/STM32L4xx_HAL_Driver/Src/stm32l4xx_hal_gpio.o
LOAD ./Drivers/STM32L4xx_HAL_Driver/Src/stm32l4xx_hal_i2c.o
LOAD ./Drivers/STM32L4xx_HAL_Driver/Src/stm32l4xx_hal_i2c_ex.o
LOAD ./Drivers/STM32L4xx_HAL_Driver/Src/stm32l4xx_hal_iwdg.o
LOAD ./Drivers/STM32L4xx_HAL_Driver/Src/stm32l4xx_hal_pwr.o
LOAD ./Drivers/STM32L4xx_HAL_Driver/Src/stm32l4xx_hal_pwr_ex.o
LOAD ./Drivers/STM32L4xx_HAL_Driver/Src/stm32l4xx_hal_rcc.o
LOAD ./Drivers/STM32L4xx_HAL_Driver/Src/stm32l4xx_hal_rcc_ex.o
LOAD ./Drivers/STM32L4xx_HAL_Driver/Src/stm32l4xx_hal_tim.o
LOAD ./Drivers/STM32L4xx_HAL_Driver/Src/stm32l4xx_hal_tim_ex.o
LOAD ./Drivers/STM32L4xx_HAL_Driver/Src/stm32l4xx_hal_uart.o
LOAD ./Drivers/STM32L4xx_HAL_Driver/Src/stm32l4xx_hal_uart_ex.o
START GROUP
LOAD D:/ST/STM32CubeIDE_1.15.0/STM32CubeIDE/plugins/com.st.stm32cube.ide.mcu.externaltools.gnu-tools-for-stm32.12.3.rel1.win32_1.0.100.202403111256/tools/bin/../lib/gcc/arm-none-eabi/12.3.1/../../../../arm-none-eabi/lib/thumb/v7e-m+fp/hard\libstdc++_nano.a
LOAD D:/ST/STM32CubeIDE_1.15.0/STM32CubeIDE/plugins/com.st.stm32cube.ide.mcu.externaltools.gnu-tools-for-stm32.12.3.rel1.win32_1.0.100.202403111256/tools/bin/../lib/gcc/arm-none-eabi/12.3.1/../../../../arm-none-eabi/lib/thumb/v7e-m+fp/hard\libsupc++_nano.a
END GROUP
LOAD D:/ST/STM32CubeIDE_1.15.0/STM32CubeIDE/plugins/com.st.stm32cube.ide.mcu.externaltools.gnu-tools-for-stm32.12.3.rel1.win32_1.0.100.202403111256/tools/bin/../lib/gcc/arm-none-eabi/12.3.1/../../../../arm-none-eabi/lib/thumb/v7e-m+fp/hard\libstdc++_nano.a
LOAD D:/ST/STM32CubeIDE_1.15.0/STM32CubeIDE/plugins/com.st.stm32cube.ide.mcu.externaltools.gnu-tools-for-stm32.12.3.rel1.win32_1.0.100.202403111256/tools/bin/../lib/gcc/arm-none-eabi/12.3.1/../../../../arm-none-eabi/lib/thumb/v7e-m+fp/hard\libm.a
LOAD D:/ST/STM32CubeIDE_1.15.0/STM32CubeIDE/plugins/com.st.stm32cube.ide.mcu.externaltools.gnu-tools-for-stm32.12.3.rel1.win32_1.0.100.202403111256/tools/bin/../lib/gcc/arm-none-eabi/12.3.1/../../../../arm-none-eabi/lib/thumb/v7e-m+fp/hard\libc_nano.a
START GROUP
LOAD D:/ST/STM32CubeIDE_1.15.0/STM32CubeIDE/plugins/com.st.stm32cube.ide.mcu.externaltools.gnu-tools-for-stm32.12.3.rel1.win32_1.0.100.202403111256/tools/bin/../lib/gcc/arm-none-eabi/12.3.1/thumb/v7e-m+fp/hard\libgcc.a
LOAD D:/ST/STM32CubeIDE_1.15.0/STM32CubeIDE/plugins/com.st.stm32cube.ide.mcu.externaltools.gnu-tools-for-stm32.12.3.rel1.win32_1.0.100.202403111256/tools/bin/../lib/gcc/arm-none-eabi/12.3.1/../../../../arm-none-eabi/lib/thumb/v7e-m+fp/hard\libc_nano.a
END GROUP
START GROUP
LOAD D:/ST/STM32CubeIDE_1.15.0/STM32CubeIDE/plugins/com.st.stm32cube.ide.mcu.externaltools.gnu-tools-for-stm32.12.3.rel1.win32_1.0.100.202403111256/tools/bin/../lib/gcc/arm-none-eabi/12.3.1/thumb/v7e-m+fp/hard\libgcc.a
LOAD D:/ST/STM32CubeIDE_1.15.0/STM32CubeIDE/plugins/com.st.stm32cube.ide.mcu.externaltools.gnu-tools-for-stm32.12.3.rel1.win32_1.0.100.202403111256/tools/bin/../lib/gcc/arm-none-eabi/12.3.1/../../../../arm-none-eabi/lib/thumb/v7e-m+fp/hard\libc_nano.a
LOAD D:/ST/STM32CubeIDE_1.15.0/STM32CubeIDE/plugins/com.st.stm32cube.ide.mcu.externaltools.gnu-tools-for-stm32.12.3.rel1.win32_1.0.100.202403111256/tools/bin/../lib/gcc/arm-none-eabi/12.3.1/../../../../arm-none-eabi/lib/thumb/v7e-m+fp/hard\libnosys.a
END GROUP
START GROUP
LOAD D:/ST/STM32CubeIDE_1.15.0/STM32CubeIDE/plugins/com.st.stm32cube.ide.mcu.externaltools.gnu-tools-for-stm32.12.3.rel1.win32_1.0.100.202403111256/tools/bin/../lib/gcc/arm-none-eabi/12.3.1/thumb/v7e-m+fp/hard\libgcc.a
LOAD D:/ST/STM32CubeIDE_1.15.0/STM32CubeIDE/plugins/com.st.stm32cube.ide.mcu.externaltools.gnu-tools-for-stm32.12.3.rel1.win32_1.0.100.202403111256/tools/bin/../lib/gcc/arm-none-eabi/12.3.1/../../../../arm-none-eabi/lib/thumb/v7e-m+fp/hard\libc_nano.a
LOAD D:/ST/STM32CubeIDE_1.15.0/STM32CubeIDE/plugins/com.st.stm32cube.ide.mcu.externaltools.gnu-tools-for-stm32.12.3.rel1.win32_1.0.100.202403111256/tools/bin/../lib/gcc/arm-none-eabi/12.3.1/../../../../arm-none-eabi/lib/thumb/v7e-m+fp/hard\libnosys.a
END GROUP
LOAD D:/ST/STM32CubeIDE_1.15.0/STM32CubeIDE/plugins/com.st.stm32cube.ide.mcu.externaltools.gnu-tools-for-stm32.12.3.rel1.win32_1.0.100.202403111256/tools/bin/../lib/gcc/arm-none-eabi/12.3.1/thumb/v7e-m+fp/hard/crtend.o
LOAD D:/ST/STM32CubeIDE_1.15.0/STM32CubeIDE/plugins/com.st.stm32cube.ide.mcu.externaltools.gnu-tools-for-stm32.12.3.rel1.win32_1.0.100.202403111256/tools/bin/../lib/gcc/arm-none-eabi/12.3.1/thumb/v7e-m+fp/hard/crtn.o
                0x20050000                        _estack = (ORIGIN (RAM) + LENGTH (RAM))
                0x00000200                        _Min_Heap_Size = 0x200
                0x00000400                        _Min_Stack_Size = 0x400

.isr_vector     0x08000000      0x1ac
                0x08000000                        . = ALIGN (0x4)
 *(.isr_vector)
 .isr_vector    0x08000000      0x1ac ./Core/Startup/startup_stm32l496vgtx.o
                0x08000000                g_pfnVectors
                0x080001ac                        . = ALIGN (0x4)

.text           0x080001ac     0xbdbc
                0x080001ac                        . = ALIGN (0x4)
 *(.text)
 .text          0x080001ac       0x40 D:/ST/STM32CubeIDE_1.15.0/STM32CubeIDE/plugins/com.st.stm32cube.ide.mcu.externaltools.gnu-tools-for-stm32.12.3.rel1.win32_1.0.100.202403111256/tools/bin/../lib/gcc/arm-none-eabi/12.3.1/thumb/v7e-m+fp/hard/crtbegin.o
 .text          0x080001ec      0x378 D:/ST/STM32CubeIDE_1.15.0/STM32CubeIDE/plugins/com.st.stm32cube.ide.mcu.externaltools.gnu-tools-for-stm32.12.3.rel1.win32_1.0.100.202403111256/tools/bin/../lib/gcc/arm-none-eabi/12.3.1/thumb/v7e-m+fp/hard\libgcc.a(_arm_addsubdf3.o)
                0x080001ec                __aeabi_drsub
                0x080001f4                __aeabi_dsub
                0x080001f4                __subdf3
                0x080001f8                __aeabi_dadd
                0x080001f8                __adddf3
                0x08000470                __floatunsidf
                0x08000470                __aeabi_ui2d
                0x08000490                __floatsidf
                0x08000490                __aeabi_i2d
                0x080004b4                __aeabi_f2d
                0x080004b4                __extendsfdf2
                0x080004f8                __floatundidf
                0x080004f8                __aeabi_ul2d
                0x08000508                __floatdidf
                0x08000508                __aeabi_l2d
 .text          0x08000564      0x110 D:/ST/STM32CubeIDE_1.15.0/STM32CubeIDE/plugins/com.st.stm32cube.ide.mcu.externaltools.gnu-tools-for-stm32.12.3.rel1.win32_1.0.100.202403111256/tools/bin/../lib/gcc/arm-none-eabi/12.3.1/thumb/v7e-m+fp/hard\libgcc.a(_arm_cmpdf2.o)
                0x08000564                __gtdf2
                0x08000564                __gedf2
                0x0800056c                __ltdf2
                0x0800056c                __ledf2
                0x08000574                __nedf2
                0x08000574                __eqdf2
                0x08000574                __cmpdf2
                0x080005f0                __aeabi_cdrcmple
                0x08000600                __aeabi_cdcmpeq
                0x08000600                __aeabi_cdcmple
                0x08000610                __aeabi_dcmpeq
                0x08000624                __aeabi_dcmplt
                0x08000638                __aeabi_dcmple
                0x0800064c                __aeabi_dcmpge
                0x08000660                __aeabi_dcmpgt
 .text          0x08000674       0x30 D:/ST/STM32CubeIDE_1.15.0/STM32CubeIDE/plugins/com.st.stm32cube.ide.mcu.externaltools.gnu-tools-for-stm32.12.3.rel1.win32_1.0.100.202403111256/tools/bin/../lib/gcc/arm-none-eabi/12.3.1/thumb/v7e-m+fp/hard\libgcc.a(_aeabi_uldivmod.o)
                0x08000674                __aeabi_uldivmod
 .text          0x080006a4      0x2bc D:/ST/STM32CubeIDE_1.15.0/STM32CubeIDE/plugins/com.st.stm32cube.ide.mcu.externaltools.gnu-tools-for-stm32.12.3.rel1.win32_1.0.100.202403111256/tools/bin/../lib/gcc/arm-none-eabi/12.3.1/thumb/v7e-m+fp/hard\libgcc.a(_udivmoddi4.o)
                0x080006a4                __udivmoddi4
 .text          0x08000960        0x4 D:/ST/STM32CubeIDE_1.15.0/STM32CubeIDE/plugins/com.st.stm32cube.ide.mcu.externaltools.gnu-tools-for-stm32.12.3.rel1.win32_1.0.100.202403111256/tools/bin/../lib/gcc/arm-none-eabi/12.3.1/thumb/v7e-m+fp/hard\libgcc.a(_dvmd_tls.o)
                0x08000960                __aeabi_idiv0
                0x08000960                __aeabi_ldiv0
 *(.text*)
 .text._ZN15displayPhysical6enableEb
                0x08000964       0x32 ./Core/Src/7segments.o
                0x08000964                displayPhysical::enable(bool)
 .text._Z12bytestowritett
                0x08000996       0x32 ./Core/Src/EEPROM.o
                0x08000996                bytestowrite(unsigned short, unsigned short)
 .text._Z12EEPROM_WritettPht
                0x080009c8       0xcc ./Core/Src/EEPROM.o
                0x080009c8                EEPROM_Write(unsigned short, unsigned short, unsigned char*, unsigned short)
 .text._Z11EEPROM_ReadttPht
                0x08000a94       0xc4 ./Core/Src/EEPROM.o
                0x08000a94                EEPROM_Read(unsigned short, unsigned short, unsigned char*, unsigned short)
 .text._Z3appv  0x08000b58       0x18 ./Core/Src/app.o
                0x08000b58                app()
 .text._Z12displayCalibv
                0x08000b70      0x1c0 ./Core/Src/app.o
                0x08000b70                displayCalib()
 .text._Z9stabilityv
                0x08000d30      0x210 ./Core/Src/app.o
                0x08000d30                stability()
 .text._Z7processv
                0x08000f40      0x2a8 ./Core/Src/app.o
                0x08000f40                process()
 .text._Z7warmingv
                0x080011e8       0x98 ./Core/Src/app.o
                0x080011e8                warming()
 .text._Z3iirs  0x08001280      0x104 ./Core/Src/app.o
                0x08001280                iir(short)
 .text._Z4iir3s
                0x08001384       0xf4 ./Core/Src/app.o
                0x08001384                iir3(short)
 .text._ZSt4fabsIiEN9__gnu_cxx11__enable_ifIXsrSt12__is_integerIT_E7__valueEdE6__typeES3_
                0x08001478       0x2a ./Core/Src/app.o
                0x08001478                __gnu_cxx::__enable_if<std::__is_integer<int>::__value, double>::__type std::fabs<int>(int)
 *fill*         0x080014a2        0x2 
 .text._Z41__static_initialization_and_destruction_0ii
                0x080014a4       0x70 ./Core/Src/app.o
 .text._GLOBAL__sub_I_stateContent
                0x08001514       0x10 ./Core/Src/app.o
 .text._ZN8fifoUartC2Ev
                0x08001524       0x20 ./Core/Src/fifoUart.o
                0x08001524                fifoUart::fifoUart()
                0x08001524                fifoUart::fifoUart()
 .text._ZN8fifoUart13insertElementEh
                0x08001544       0x66 ./Core/Src/fifoUart.o
                0x08001544                fifoUart::insertElement(unsigned char)
 .text._ZN8fifoUart11readElementEv
                0x080015aa       0x72 ./Core/Src/fifoUart.o
                0x080015aa                fifoUart::readElement()
 .text._ZN8fifoUart9availableEv
                0x0800161c       0x38 ./Core/Src/fifoUart.o
                0x0800161c                fifoUart::available()
 .text._ZN8gpsInputC2Ev
                0x08001654       0x16 ./Core/Src/gpsGNSS.o
                0x08001654                gpsInput::gpsInput()
                0x08001654                gpsInput::gpsInput()
 .text._Z7hwInputv
                0x0800166a       0x24 ./Core/Src/hardwareIn.o
                0x0800166a                hwInput()
 *fill*         0x0800168e        0x2 
 .text._Z8hwLoraInv
                0x08001690       0x2c ./Core/Src/hardwareIn.o
                0x08001690                hwLoraIn()
 .text._Z9hwAds1115v
                0x080016bc      0x1a0 ./Core/Src/hardwareIn.o
                0x080016bc                hwAds1115()
 .text._Z7hwSht31v
                0x0800185c      0x2b0 ./Core/Src/hardwareIn.o
                0x0800185c                hwSht31()
 .text._Z7hwBotonv
                0x08001b0c       0xc4 ./Core/Src/hardwareIn.o
                0x08001b0c                hwBoton()
 .text._Z7hwGpsInv
                0x08001bd0       0x2c ./Core/Src/hardwareIn.o
                0x08001bd0                hwGpsIn()
 .text._Z8hwAnalogv
                0x08001bfc       0xc0 ./Core/Src/hardwareIn.o
                0x08001bfc                hwAnalog()
 .text._Z8hwEEPROMv
                0x08001cbc      0x1d0 ./Core/Src/hardwareIn.o
                0x08001cbc                hwEEPROM()
 .text._Z41__static_initialization_and_destruction_0ii
                0x08001e8c       0xa8 ./Core/Src/hardwareIn.o
 .text._GLOBAL__sub_I_boton
                0x08001f34       0x10 ./Core/Src/hardwareIn.o
 .text._Z8hwOutputv
                0x08001f44       0x10 ./Core/Src/hardwareOut.o
                0x08001f44                hwOutput()
 .text._Z11hwEEPROMOutv
                0x08001f54      0x174 ./Core/Src/hardwareOut.o
                0x08001f54                hwEEPROMOut()
 .text._Z8hwLedOutv
                0x080020c8      0x17c ./Core/Src/hardwareOut.o
                0x080020c8                hwLedOut()
 .text._Z41__static_initialization_and_destruction_0ii
                0x08002244       0x8c ./Core/Src/hardwareOut.o
 .text._GLOBAL__sub_I_availableGps
                0x080022d0       0x10 ./Core/Src/hardwareOut.o
 .text._Z9linkInputv
                0x080022e0       0x14 ./Core/Src/linkIn.o
                0x080022e0                linkInput()
 .text._Z11linkBatteryv
                0x080022f4      0x188 ./Core/Src/linkIn.o
                0x080022f4                linkBattery()
 .text._Z9linkBotonv
                0x0800247c       0x88 ./Core/Src/linkIn.o
                0x0800247c                linkBoton()
 .text._Z7adc2PPMth
                0x08002504       0x44 ./Core/Src/linkIn.o
                0x08002504                adc2PPM(unsigned short, unsigned char)
 .text._Z10linkAnalogv
                0x08002548      0x1f0 ./Core/Src/linkIn.o
                0x08002548                linkAnalog()
 .text._Z41__static_initialization_and_destruction_0ii
                0x08002738       0x88 ./Core/Src/linkIn.o
 .text._GLOBAL__sub_I_stateGpsLink
                0x080027c0       0x10 ./Core/Src/linkIn.o
 .text._Z10linkOutputv
                0x080027d0        0xe ./Core/Src/linkOut.o
                0x080027d0                linkOutput()
 *fill*         0x080027de        0x2 
 .text._Z12setupLoraAppv
                0x080027e0      0x1fc ./Core/Src/loraApp.o
                0x080027e0                setupLoraApp()
 .text._ZN10loraRutine10addCommandEP13rn2903Command
                0x080029dc       0x36 ./Core/Src/loraApp.o
                0x080029dc                loraRutine::addCommand(rn2903Command*)
 .text._ZN9wdTimeoutC2El
                0x08002a12       0x1e ./Core/Src/loraLink.o
                0x08002a12                wdTimeout::wdTimeout(long)
                0x08002a12                wdTimeout::wdTimeout(long)
 .text._ZN9loraCheck18setResponsePointerEPPhh
                0x08002a30       0x26 ./Core/Src/loraLink.o
                0x08002a30                loraCheck::setResponsePointer(unsigned char**, unsigned char)
 .text._ZN9loraInput12insertBufferEPhh
                0x08002a56       0x26 ./Core/Src/loraLink.o
                0x08002a56                loraInput::insertBuffer(unsigned char*, unsigned char)
 .text._ZN12loraDecision10setRetriesEh
                0x08002a7c       0x1e ./Core/Src/loraTcp.o
                0x08002a7c                loraDecision::setRetries(unsigned char)
 .text._ZN12fifoCommandsC2Ev
                0x08002a9a       0x7a ./Core/Src/main.o
                0x08002a9a                fifoCommands::fifoCommands()
                0x08002a9a                fifoCommands::fifoCommands()
 .text.main     0x08002b14      0x1c4 ./Core/Src/main.o
                0x08002b14                main
 .text._Z18SystemClock_Configv
                0x08002cd8       0xae ./Core/Src/main.o
                0x08002cd8                SystemClock_Config()
 *fill*         0x08002d86        0x2 
 .text._ZL12MX_IWDG_Initv
                0x08002d88       0x48 ./Core/Src/main.o
 .text._ZL12MX_ADC1_Initv
                0x08002dd0      0x160 ./Core/Src/main.o
 .text._ZL12MX_I2C1_Initv
                0x08002f30       0x9c ./Core/Src/main.o
 .text._ZL12MX_TIM6_Initv
                0x08002fcc       0x80 ./Core/Src/main.o
 .text._ZL13MX_UART4_Initv
                0x0800304c       0x68 ./Core/Src/main.o
 .text._ZL13MX_UART5_Initv
                0x080030b4       0x68 ./Core/Src/main.o
 .text._ZL11MX_DMA_Initv
                0x0800311c       0xb4 ./Core/Src/main.o
 .text._ZL12MX_GPIO_Initv
                0x080031d0      0x150 ./Core/Src/main.o
 .text.HAL_ADC_ConvCpltCallback
                0x08003320       0x2c ./Core/Src/main.o
                0x08003320                HAL_ADC_ConvCpltCallback
 .text.HAL_UART_RxCpltCallback
                0x0800334c       0x84 ./Core/Src/main.o
                0x0800334c                HAL_UART_RxCpltCallback
 .text.HAL_TIM_PeriodElapsedCallback
                0x080033d0       0x2c ./Core/Src/main.o
                0x080033d0                HAL_TIM_PeriodElapsedCallback
 .text.HAL_I2C_MasterTxCpltCallback
                0x080033fc       0x20 ./Core/Src/main.o
                0x080033fc                HAL_I2C_MasterTxCpltCallback
 .text.HAL_I2C_MasterRxCpltCallback
                0x0800341c       0x14 ./Core/Src/main.o
                0x0800341c                HAL_I2C_MasterRxCpltCallback
 .text.Error_Handler
                0x08003430        0xc ./Core/Src/main.o
                0x08003430                Error_Handler
 .text._Z41__static_initialization_and_destruction_0ii
                0x0800343c       0x58 ./Core/Src/main.o
 .text._GLOBAL__sub_I_hadc1
                0x08003494       0x10 ./Core/Src/main.o
 .text.HAL_MspInit
                0x080034a4       0x48 ./Core/Src/stm32l4xx_hal_msp.o
                0x080034a4                HAL_MspInit
 .text.HAL_ADC_MspInit
                0x080034ec      0x140 ./Core/Src/stm32l4xx_hal_msp.o
                0x080034ec                HAL_ADC_MspInit
 .text.HAL_I2C_MspInit
                0x0800362c      0x190 ./Core/Src/stm32l4xx_hal_msp.o
                0x0800362c                HAL_I2C_MspInit
 .text.HAL_TIM_Base_MspInit
                0x080037bc       0x4c ./Core/Src/stm32l4xx_hal_msp.o
                0x080037bc                HAL_TIM_Base_MspInit
 .text.HAL_UART_MspInit
                0x08003808      0x31c ./Core/Src/stm32l4xx_hal_msp.o
                0x08003808                HAL_UART_MspInit
 .text.NMI_Handler
                0x08003b24        0x8 ./Core/Src/stm32l4xx_it.o
                0x08003b24                NMI_Handler
 .text.HardFault_Handler
                0x08003b2c        0x8 ./Core/Src/stm32l4xx_it.o
                0x08003b2c                HardFault_Handler
 .text.MemManage_Handler
                0x08003b34        0x8 ./Core/Src/stm32l4xx_it.o
                0x08003b34                MemManage_Handler
 .text.BusFault_Handler
                0x08003b3c        0x8 ./Core/Src/stm32l4xx_it.o
                0x08003b3c                BusFault_Handler
 .text.UsageFault_Handler
                0x08003b44        0x8 ./Core/Src/stm32l4xx_it.o
                0x08003b44                UsageFault_Handler
 .text.SVC_Handler
                0x08003b4c        0xe ./Core/Src/stm32l4xx_it.o
                0x08003b4c                SVC_Handler
 .text.DebugMon_Handler
                0x08003b5a        0xe ./Core/Src/stm32l4xx_it.o
                0x08003b5a                DebugMon_Handler
 .text.PendSV_Handler
                0x08003b68        0xe ./Core/Src/stm32l4xx_it.o
                0x08003b68                PendSV_Handler
 .text.SysTick_Handler
                0x08003b76        0xc ./Core/Src/stm32l4xx_it.o
                0x08003b76                SysTick_Handler
 *fill*         0x08003b82        0x2 
 .text.DMA1_Channel1_IRQHandler
                0x08003b84       0x14 ./Core/Src/stm32l4xx_it.o
                0x08003b84                DMA1_Channel1_IRQHandler
 .text.DMA1_Channel6_IRQHandler
                0x08003b98       0x14 ./Core/Src/stm32l4xx_it.o
                0x08003b98                DMA1_Channel6_IRQHandler
 .text.DMA1_Channel7_IRQHandler
                0x08003bac       0x14 ./Core/Src/stm32l4xx_it.o
                0x08003bac                DMA1_Channel7_IRQHandler
 .text.ADC1_2_IRQHandler
                0x08003bc0       0x14 ./Core/Src/stm32l4xx_it.o
                0x08003bc0                ADC1_2_IRQHandler
 .text.I2C1_EV_IRQHandler
                0x08003bd4       0x14 ./Core/Src/stm32l4xx_it.o
                0x08003bd4                I2C1_EV_IRQHandler
 .text.I2C1_ER_IRQHandler
                0x08003be8       0x14 ./Core/Src/stm32l4xx_it.o
                0x08003be8                I2C1_ER_IRQHandler
 .text.UART4_IRQHandler
                0x08003bfc       0x14 ./Core/Src/stm32l4xx_it.o
                0x08003bfc                UART4_IRQHandler
 .text.UART5_IRQHandler
                0x08003c10       0x14 ./Core/Src/stm32l4xx_it.o
                0x08003c10                UART5_IRQHandler
 .text.TIM6_DAC_IRQHandler
                0x08003c24       0x14 ./Core/Src/stm32l4xx_it.o
                0x08003c24                TIM6_DAC_IRQHandler
 .text.DMA2_Channel1_IRQHandler
                0x08003c38       0x14 ./Core/Src/stm32l4xx_it.o
                0x08003c38                DMA2_Channel1_IRQHandler
 .text.DMA2_Channel2_IRQHandler
                0x08003c4c       0x14 ./Core/Src/stm32l4xx_it.o
                0x08003c4c                DMA2_Channel2_IRQHandler
 .text.DMA2_Channel3_IRQHandler
                0x08003c60       0x14 ./Core/Src/stm32l4xx_it.o
                0x08003c60                DMA2_Channel3_IRQHandler
 .text.DMA2_Channel5_IRQHandler
                0x08003c74       0x14 ./Core/Src/stm32l4xx_it.o
                0x08003c74                DMA2_Channel5_IRQHandler
 .text.SystemInit
                0x08003c88       0x24 ./Core/Src/system_stm32l4xx.o
                0x08003c88                SystemInit
 .text._Z8tcpInputv
                0x08003cac        0xe ./Core/Src/tcpIn.o
                0x08003cac                tcpInput()
 *fill*         0x08003cba        0x2 
 .text._Z41__static_initialization_and_destruction_0ii
                0x08003cbc       0x78 ./Core/Src/tcpIn.o
 .text._GLOBAL__sub_I_stateGpsTcp
                0x08003d34       0x10 ./Core/Src/tcpIn.o
 .text._Z9tcpOutputv
                0x08003d44        0xe ./Core/Src/tcpOut.o
                0x08003d44                tcpOutput()
 *fill*         0x08003d52        0x2 
 .text._Z41__static_initialization_and_destruction_0ii
                0x08003d54       0x44 ./Core/Src/tcpOut.o
 .text._GLOBAL__sub_I_loraTxCommand0
                0x08003d98       0x10 ./Core/Src/tcpOut.o
 .text.Reset_Handler
                0x08003da8       0x50 ./Core/Startup/startup_stm32l496vgtx.o
                0x08003da8                Reset_Handler
 .text.Default_Handler
                0x08003df8        0x2 ./Core/Startup/startup_stm32l496vgtx.o
                0x08003df8                RTC_Alarm_IRQHandler
                0x08003df8                EXTI2_IRQHandler
                0x08003df8                TIM8_TRG_COM_IRQHandler
                0x08003df8                TIM8_CC_IRQHandler
                0x08003df8                TIM1_CC_IRQHandler
                0x08003df8                TSC_IRQHandler
                0x08003df8                TAMP_STAMP_IRQHandler
                0x08003df8                CAN2_RX1_IRQHandler
                0x08003df8                EXTI3_IRQHandler
                0x08003df8                LPTIM2_IRQHandler
                0x08003df8                DFSDM1_FLT1_IRQHandler
                0x08003df8                I2C3_ER_IRQHandler
                0x08003df8                DFSDM1_FLT2_IRQHandler
                0x08003df8                EXTI0_IRQHandler
                0x08003df8                I2C2_EV_IRQHandler
                0x08003df8                CAN1_RX0_IRQHandler
                0x08003df8                FPU_IRQHandler
                0x08003df8                TIM1_UP_TIM16_IRQHandler
                0x08003df8                CAN2_SCE_IRQHandler
                0x08003df8                SPI1_IRQHandler
                0x08003df8                DCMI_IRQHandler
                0x08003df8                CAN2_RX0_IRQHandler
                0x08003df8                TIM8_UP_IRQHandler
                0x08003df8                DMA1_Channel4_IRQHandler
                0x08003df8                SAI2_IRQHandler
                0x08003df8                DFSDM1_FLT3_IRQHandler
                0x08003df8                USART3_IRQHandler
                0x08003df8                CAN1_RX1_IRQHandler
                0x08003df8                LCD_IRQHandler
                0x08003df8                ADC3_IRQHandler
                0x08003df8                TIM4_IRQHandler
                0x08003df8                QUADSPI_IRQHandler
                0x08003df8                DMA2_Channel4_IRQHandler
                0x08003df8                TIM3_IRQHandler
                0x08003df8                RCC_IRQHandler
                0x08003df8                Default_Handler
                0x08003df8                DMA2_Channel7_IRQHandler
                0x08003df8                EXTI15_10_IRQHandler
                0x08003df8                TIM7_IRQHandler
                0x08003df8                SDMMC1_IRQHandler
                0x08003df8                CAN2_TX_IRQHandler
                0x08003df8                TIM5_IRQHandler
                0x08003df8                I2C3_EV_IRQHandler
                0x08003df8                EXTI9_5_IRQHandler
                0x08003df8                RTC_WKUP_IRQHandler
                0x08003df8                PVD_PVM_IRQHandler
                0x08003df8                SPI2_IRQHandler
                0x08003df8                CAN1_TX_IRQHandler
                0x08003df8                CRS_IRQHandler
                0x08003df8                DMA1_Channel5_IRQHandler
                0x08003df8                EXTI4_IRQHandler
                0x08003df8                RNG_IRQHandler
                0x08003df8                TIM1_TRG_COM_TIM17_IRQHandler
                0x08003df8                DMA1_Channel3_IRQHandler
                0x08003df8                COMP_IRQHandler
                0x08003df8                WWDG_IRQHandler
                0x08003df8                I2C4_EV_IRQHandler
                0x08003df8                LPUART1_IRQHandler
                0x08003df8                DMA2_Channel6_IRQHandler
                0x08003df8                TIM2_IRQHandler
                0x08003df8                EXTI1_IRQHandler
                0x08003df8                USART2_IRQHandler
                0x08003df8                DFSDM1_FLT0_IRQHandler
                0x08003df8                I2C2_ER_IRQHandler
                0x08003df8                DMA1_Channel2_IRQHandler
                0x08003df8                TIM8_BRK_IRQHandler
                0x08003df8                CAN1_SCE_IRQHandler
                0x08003df8                FLASH_IRQHandler
                0x08003df8                USART1_IRQHandler
                0x08003df8                OTG_FS_IRQHandler
                0x08003df8                SPI3_IRQHandler
                0x08003df8                FMC_IRQHandler
                0x08003df8                SWPMI1_IRQHandler
                0x08003df8                LPTIM1_IRQHandler
                0x08003df8                I2C4_ER_IRQHandler
                0x08003df8                SAI1_IRQHandler
                0x08003df8                TIM1_BRK_TIM15_IRQHandler
 .text.HAL_Init
                0x08003dfa       0x30 ./Drivers/STM32L4xx_HAL_Driver/Src/stm32l4xx_hal.o
                0x08003dfa                HAL_Init
 *fill*         0x08003e2a        0x2 
 .text.HAL_InitTick
                0x08003e2c       0x78 ./Drivers/STM32L4xx_HAL_Driver/Src/stm32l4xx_hal.o
                0x08003e2c                HAL_InitTick
 .text.HAL_IncTick
                0x08003ea4       0x28 ./Drivers/STM32L4xx_HAL_Driver/Src/stm32l4xx_hal.o
                0x08003ea4                HAL_IncTick
 .text.HAL_GetTick
                0x08003ecc       0x18 ./Drivers/STM32L4xx_HAL_Driver/Src/stm32l4xx_hal.o
                0x08003ecc                HAL_GetTick
 .text.HAL_Delay
                0x08003ee4       0x48 ./Drivers/STM32L4xx_HAL_Driver/Src/stm32l4xx_hal.o
                0x08003ee4                HAL_Delay
 .text.HAL_SuspendTick
                0x08003f2c       0x20 ./Drivers/STM32L4xx_HAL_Driver/Src/stm32l4xx_hal.o
                0x08003f2c                HAL_SuspendTick
 .text.HAL_ResumeTick
                0x08003f4c       0x20 ./Drivers/STM32L4xx_HAL_Driver/Src/stm32l4xx_hal.o
                0x08003f4c                HAL_ResumeTick
 .text.LL_ADC_SetCommonClock
                0x08003f6c       0x26 ./Drivers/STM32L4xx_HAL_Driver/Src/stm32l4xx_hal_adc.o
 .text.LL_ADC_SetCommonPathInternalCh
                0x08003f92       0x26 ./Drivers/STM32L4xx_HAL_Driver/Src/stm32l4xx_hal_adc.o
 .text.LL_ADC_GetCommonPathInternalCh
                0x08003fb8       0x1c ./Drivers/STM32L4xx_HAL_Driver/Src/stm32l4xx_hal_adc.o
 .text.LL_ADC_SetOffset
                0x08003fd4       0x48 ./Drivers/STM32L4xx_HAL_Driver/Src/stm32l4xx_hal_adc.o
 .text.LL_ADC_GetOffsetChannel
                0x0800401c       0x2c ./Drivers/STM32L4xx_HAL_Driver/Src/stm32l4xx_hal_adc.o
 .text.LL_ADC_SetOffsetState
                0x08004048       0x36 ./Drivers/STM32L4xx_HAL_Driver/Src/stm32l4xx_hal_adc.o
 .text.LL_ADC_SetSamplingTimeCommonConfig
                0x0800407e       0x26 ./Drivers/STM32L4xx_HAL_Driver/Src/stm32l4xx_hal_adc.o
 .text.LL_ADC_REG_IsTriggerSourceSWStart
                0x080040a4       0x26 ./Drivers/STM32L4xx_HAL_Driver/Src/stm32l4xx_hal_adc.o
 .text.LL_ADC_REG_SetSequencerRanks
                0x080040ca       0x58 ./Drivers/STM32L4xx_HAL_Driver/Src/stm32l4xx_hal_adc.o
 .text.LL_ADC_INJ_IsTriggerSourceSWStart
                0x08004122       0x26 ./Drivers/STM32L4xx_HAL_Driver/Src/stm32l4xx_hal_adc.o
 .text.LL_ADC_SetChannelSamplingTime
                0x08004148       0x56 ./Drivers/STM32L4xx_HAL_Driver/Src/stm32l4xx_hal_adc.o
 *fill*         0x0800419e        0x2 
 .text.LL_ADC_SetChannelSingleDiff
                0x080041a0       0x48 ./Drivers/STM32L4xx_HAL_Driver/Src/stm32l4xx_hal_adc.o
 .text.LL_ADC_GetMultimode
                0x080041e8       0x1c ./Drivers/STM32L4xx_HAL_Driver/Src/stm32l4xx_hal_adc.o
 .text.LL_ADC_GetMultiDMATransfer
                0x08004204       0x1c ./Drivers/STM32L4xx_HAL_Driver/Src/stm32l4xx_hal_adc.o
 .text.LL_ADC_DisableDeepPowerDown
                0x08004220       0x24 ./Drivers/STM32L4xx_HAL_Driver/Src/stm32l4xx_hal_adc.o
 .text.LL_ADC_IsDeepPowerDownEnabled
                0x08004244       0x28 ./Drivers/STM32L4xx_HAL_Driver/Src/stm32l4xx_hal_adc.o
 .text.LL_ADC_EnableInternalRegulator
                0x0800426c       0x28 ./Drivers/STM32L4xx_HAL_Driver/Src/stm32l4xx_hal_adc.o
 .text.LL_ADC_IsInternalRegulatorEnabled
                0x08004294       0x28 ./Drivers/STM32L4xx_HAL_Driver/Src/stm32l4xx_hal_adc.o
 .text.LL_ADC_Enable
                0x080042bc       0x28 ./Drivers/STM32L4xx_HAL_Driver/Src/stm32l4xx_hal_adc.o
 .text.LL_ADC_IsEnabled
                0x080042e4       0x26 ./Drivers/STM32L4xx_HAL_Driver/Src/stm32l4xx_hal_adc.o
 .text.LL_ADC_REG_StartConversion
                0x0800430a       0x28 ./Drivers/STM32L4xx_HAL_Driver/Src/stm32l4xx_hal_adc.o
 .text.LL_ADC_REG_IsConversionOngoing
                0x08004332       0x26 ./Drivers/STM32L4xx_HAL_Driver/Src/stm32l4xx_hal_adc.o
 .text.LL_ADC_INJ_IsConversionOngoing
                0x08004358       0x26 ./Drivers/STM32L4xx_HAL_Driver/Src/stm32l4xx_hal_adc.o
 *fill*         0x0800437e        0x2 
 .text.HAL_ADC_Init
                0x08004380      0x2a8 ./Drivers/STM32L4xx_HAL_Driver/Src/stm32l4xx_hal_adc.o
                0x08004380                HAL_ADC_Init
 .text.HAL_ADC_Start_DMA
                0x08004628      0x178 ./Drivers/STM32L4xx_HAL_Driver/Src/stm32l4xx_hal_adc.o
                0x08004628                HAL_ADC_Start_DMA
 .text.HAL_ADC_IRQHandler
                0x080047a0      0x434 ./Drivers/STM32L4xx_HAL_Driver/Src/stm32l4xx_hal_adc.o
                0x080047a0                HAL_ADC_IRQHandler
 .text.HAL_ADC_ConvHalfCpltCallback
                0x08004bd4       0x14 ./Drivers/STM32L4xx_HAL_Driver/Src/stm32l4xx_hal_adc.o
                0x08004bd4                HAL_ADC_ConvHalfCpltCallback
 .text.HAL_ADC_LevelOutOfWindowCallback
                0x08004be8       0x14 ./Drivers/STM32L4xx_HAL_Driver/Src/stm32l4xx_hal_adc.o
                0x08004be8                HAL_ADC_LevelOutOfWindowCallback
 .text.HAL_ADC_ErrorCallback
                0x08004bfc       0x14 ./Drivers/STM32L4xx_HAL_Driver/Src/stm32l4xx_hal_adc.o
                0x08004bfc                HAL_ADC_ErrorCallback
 .text.HAL_ADC_ConfigChannel
                0x08004c10      0x818 ./Drivers/STM32L4xx_HAL_Driver/Src/stm32l4xx_hal_adc.o
                0x08004c10                HAL_ADC_ConfigChannel
 .text.ADC_Enable
                0x08005428      0x10c ./Drivers/STM32L4xx_HAL_Driver/Src/stm32l4xx_hal_adc.o
                0x08005428                ADC_Enable
 .text.ADC_DMAConvCplt
                0x08005534       0xd8 ./Drivers/STM32L4xx_HAL_Driver/Src/stm32l4xx_hal_adc.o
                0x08005534                ADC_DMAConvCplt
 .text.ADC_DMAHalfConvCplt
                0x0800560c       0x1c ./Drivers/STM32L4xx_HAL_Driver/Src/stm32l4xx_hal_adc.o
                0x0800560c                ADC_DMAHalfConvCplt
 .text.ADC_DMAError
                0x08005628       0x34 ./Drivers/STM32L4xx_HAL_Driver/Src/stm32l4xx_hal_adc.o
                0x08005628                ADC_DMAError
 .text.LL_ADC_IsEnabled
                0x0800565c       0x26 ./Drivers/STM32L4xx_HAL_Driver/Src/stm32l4xx_hal_adc_ex.o
 .text.LL_ADC_REG_IsConversionOngoing
                0x08005682       0x26 ./Drivers/STM32L4xx_HAL_Driver/Src/stm32l4xx_hal_adc_ex.o
 .text.HAL_ADCEx_InjectedConvCpltCallback
                0x080056a8       0x14 ./Drivers/STM32L4xx_HAL_Driver/Src/stm32l4xx_hal_adc_ex.o
                0x080056a8                HAL_ADCEx_InjectedConvCpltCallback
 .text.HAL_ADCEx_InjectedQueueOverflowCallback
                0x080056bc       0x14 ./Drivers/STM32L4xx_HAL_Driver/Src/stm32l4xx_hal_adc_ex.o
                0x080056bc                HAL_ADCEx_InjectedQueueOverflowCallback
 .text.HAL_ADCEx_LevelOutOfWindow2Callback
                0x080056d0       0x14 ./Drivers/STM32L4xx_HAL_Driver/Src/stm32l4xx_hal_adc_ex.o
                0x080056d0                HAL_ADCEx_LevelOutOfWindow2Callback
 .text.HAL_ADCEx_LevelOutOfWindow3Callback
                0x080056e4       0x14 ./Drivers/STM32L4xx_HAL_Driver/Src/stm32l4xx_hal_adc_ex.o
                0x080056e4                HAL_ADCEx_LevelOutOfWindow3Callback
 .text.HAL_ADCEx_EndOfSamplingCallback
                0x080056f8       0x14 ./Drivers/STM32L4xx_HAL_Driver/Src/stm32l4xx_hal_adc_ex.o
                0x080056f8                HAL_ADCEx_EndOfSamplingCallback
 .text.HAL_ADCEx_MultiModeConfigChannel
                0x0800570c      0x160 ./Drivers/STM32L4xx_HAL_Driver/Src/stm32l4xx_hal_adc_ex.o
                0x0800570c                HAL_ADCEx_MultiModeConfigChannel
 .text.__NVIC_SetPriorityGrouping
                0x0800586c       0x48 ./Drivers/STM32L4xx_HAL_Driver/Src/stm32l4xx_hal_cortex.o
 .text.__NVIC_GetPriorityGrouping
                0x080058b4       0x1c ./Drivers/STM32L4xx_HAL_Driver/Src/stm32l4xx_hal_cortex.o
 .text.__NVIC_EnableIRQ
                0x080058d0       0x3c ./Drivers/STM32L4xx_HAL_Driver/Src/stm32l4xx_hal_cortex.o
 .text.__NVIC_SetPriority
                0x0800590c       0x54 ./Drivers/STM32L4xx_HAL_Driver/Src/stm32l4xx_hal_cortex.o
 .text.NVIC_EncodePriority
                0x08005960       0x66 ./Drivers/STM32L4xx_HAL_Driver/Src/stm32l4xx_hal_cortex.o
 *fill*         0x080059c6        0x2 
 .text.SysTick_Config
                0x080059c8       0x44 ./Drivers/STM32L4xx_HAL_Driver/Src/stm32l4xx_hal_cortex.o
 .text.HAL_NVIC_SetPriorityGrouping
                0x08005a0c       0x16 ./Drivers/STM32L4xx_HAL_Driver/Src/stm32l4xx_hal_cortex.o
                0x08005a0c                HAL_NVIC_SetPriorityGrouping
 .text.HAL_NVIC_SetPriority
                0x08005a22       0x38 ./Drivers/STM32L4xx_HAL_Driver/Src/stm32l4xx_hal_cortex.o
                0x08005a22                HAL_NVIC_SetPriority
 .text.HAL_NVIC_EnableIRQ
                0x08005a5a       0x1c ./Drivers/STM32L4xx_HAL_Driver/Src/stm32l4xx_hal_cortex.o
                0x08005a5a                HAL_NVIC_EnableIRQ
 .text.HAL_SYSTICK_Config
                0x08005a76       0x18 ./Drivers/STM32L4xx_HAL_Driver/Src/stm32l4xx_hal_cortex.o
                0x08005a76                HAL_SYSTICK_Config
 *fill*         0x08005a8e        0x2 
 .text.HAL_DMA_Init
                0x08005a90      0x170 ./Drivers/STM32L4xx_HAL_Driver/Src/stm32l4xx_hal_dma.o
                0x08005a90                HAL_DMA_Init
 .text.HAL_DMA_Start_IT
                0x08005c00       0xc0 ./Drivers/STM32L4xx_HAL_Driver/Src/stm32l4xx_hal_dma.o
                0x08005c00                HAL_DMA_Start_IT
 .text.HAL_DMA_Abort
                0x08005cc0       0x7c ./Drivers/STM32L4xx_HAL_Driver/Src/stm32l4xx_hal_dma.o
                0x08005cc0                HAL_DMA_Abort
 .text.HAL_DMA_Abort_IT
                0x08005d3c       0x82 ./Drivers/STM32L4xx_HAL_Driver/Src/stm32l4xx_hal_dma.o
                0x08005d3c                HAL_DMA_Abort_IT
 .text.HAL_DMA_IRQHandler
                0x08005dbe      0x15e ./Drivers/STM32L4xx_HAL_Driver/Src/stm32l4xx_hal_dma.o
                0x08005dbe                HAL_DMA_IRQHandler
 .text.HAL_DMA_GetState
                0x08005f1c       0x1c ./Drivers/STM32L4xx_HAL_Driver/Src/stm32l4xx_hal_dma.o
                0x08005f1c                HAL_DMA_GetState
 .text.DMA_SetConfig
                0x08005f38       0x60 ./Drivers/STM32L4xx_HAL_Driver/Src/stm32l4xx_hal_dma.o
 .text.HAL_GPIO_Init
                0x08005f98      0x324 ./Drivers/STM32L4xx_HAL_Driver/Src/stm32l4xx_hal_gpio.o
                0x08005f98                HAL_GPIO_Init
 .text.HAL_GPIO_ReadPin
                0x080062bc       0x30 ./Drivers/STM32L4xx_HAL_Driver/Src/stm32l4xx_hal_gpio.o
                0x080062bc                HAL_GPIO_ReadPin
 .text.HAL_GPIO_WritePin
                0x080062ec       0x30 ./Drivers/STM32L4xx_HAL_Driver/Src/stm32l4xx_hal_gpio.o
                0x080062ec                HAL_GPIO_WritePin
 .text.HAL_I2C_Init
                0x0800631c      0x136 ./Drivers/STM32L4xx_HAL_Driver/Src/stm32l4xx_hal_i2c.o
                0x0800631c                HAL_I2C_Init
 *fill*         0x08006452        0x2 
 .text.HAL_I2C_Master_Transmit_DMA
                0x08006454      0x228 ./Drivers/STM32L4xx_HAL_Driver/Src/stm32l4xx_hal_i2c.o
                0x08006454                HAL_I2C_Master_Transmit_DMA
 .text.HAL_I2C_Master_Receive_DMA
                0x0800667c      0x1e0 ./Drivers/STM32L4xx_HAL_Driver/Src/stm32l4xx_hal_i2c.o
                0x0800667c                HAL_I2C_Master_Receive_DMA
 .text.HAL_I2C_Mem_Write
                0x0800685c      0x228 ./Drivers/STM32L4xx_HAL_Driver/Src/stm32l4xx_hal_i2c.o
                0x0800685c                HAL_I2C_Mem_Write
 .text.HAL_I2C_Mem_Read
                0x08006a84      0x234 ./Drivers/STM32L4xx_HAL_Driver/Src/stm32l4xx_hal_i2c.o
                0x08006a84                HAL_I2C_Mem_Read
 .text.HAL_I2C_EV_IRQHandler
                0x08006cb8       0x34 ./Drivers/STM32L4xx_HAL_Driver/Src/stm32l4xx_hal_i2c.o
                0x08006cb8                HAL_I2C_EV_IRQHandler
 .text.HAL_I2C_ER_IRQHandler
                0x08006cec       0xb6 ./Drivers/STM32L4xx_HAL_Driver/Src/stm32l4xx_hal_i2c.o
                0x08006cec                HAL_I2C_ER_IRQHandler
 .text.HAL_I2C_SlaveTxCpltCallback
                0x08006da2       0x14 ./Drivers/STM32L4xx_HAL_Driver/Src/stm32l4xx_hal_i2c.o
                0x08006da2                HAL_I2C_SlaveTxCpltCallback
 .text.HAL_I2C_SlaveRxCpltCallback
                0x08006db6       0x14 ./Drivers/STM32L4xx_HAL_Driver/Src/stm32l4xx_hal_i2c.o
                0x08006db6                HAL_I2C_SlaveRxCpltCallback
 .text.HAL_I2C_AddrCallback
                0x08006dca       0x1c ./Drivers/STM32L4xx_HAL_Driver/Src/stm32l4xx_hal_i2c.o
                0x08006dca                HAL_I2C_AddrCallback
 .text.HAL_I2C_ListenCpltCallback
                0x08006de6       0x14 ./Drivers/STM32L4xx_HAL_Driver/Src/stm32l4xx_hal_i2c.o
                0x08006de6                HAL_I2C_ListenCpltCallback
 .text.HAL_I2C_MemTxCpltCallback
                0x08006dfa       0x14 ./Drivers/STM32L4xx_HAL_Driver/Src/stm32l4xx_hal_i2c.o
                0x08006dfa                HAL_I2C_MemTxCpltCallback
 .text.HAL_I2C_MemRxCpltCallback
                0x08006e0e       0x14 ./Drivers/STM32L4xx_HAL_Driver/Src/stm32l4xx_hal_i2c.o
                0x08006e0e                HAL_I2C_MemRxCpltCallback
 .text.HAL_I2C_ErrorCallback
                0x08006e22       0x14 ./Drivers/STM32L4xx_HAL_Driver/Src/stm32l4xx_hal_i2c.o
                0x08006e22                HAL_I2C_ErrorCallback
 .text.HAL_I2C_AbortCpltCallback
                0x08006e36       0x14 ./Drivers/STM32L4xx_HAL_Driver/Src/stm32l4xx_hal_i2c.o
                0x08006e36                HAL_I2C_AbortCpltCallback
 .text.I2C_Master_ISR_IT
                0x08006e4a      0x24e ./Drivers/STM32L4xx_HAL_Driver/Src/stm32l4xx_hal_i2c.o
 .text.I2C_Slave_ISR_IT
                0x08007098      0x1f0 ./Drivers/STM32L4xx_HAL_Driver/Src/stm32l4xx_hal_i2c.o
 .text.I2C_Master_ISR_DMA
                0x08007288      0x1d6 ./Drivers/STM32L4xx_HAL_Driver/Src/stm32l4xx_hal_i2c.o
 *fill*         0x0800745e        0x2 
 .text.I2C_Mem_ISR_DMA
                0x08007460      0x24c ./Drivers/STM32L4xx_HAL_Driver/Src/stm32l4xx_hal_i2c.o
 .text.I2C_Slave_ISR_DMA
                0x080076ac      0x1ac ./Drivers/STM32L4xx_HAL_Driver/Src/stm32l4xx_hal_i2c.o
 .text.I2C_RequestMemoryWrite
                0x08007858       0xa8 ./Drivers/STM32L4xx_HAL_Driver/Src/stm32l4xx_hal_i2c.o
 .text.I2C_RequestMemoryRead
                0x08007900       0xa8 ./Drivers/STM32L4xx_HAL_Driver/Src/stm32l4xx_hal_i2c.o
 .text.I2C_ITAddrCplt
                0x080079a8      0x108 ./Drivers/STM32L4xx_HAL_Driver/Src/stm32l4xx_hal_i2c.o
 .text.I2C_ITMasterSeqCplt
                0x08007ab0       0x7a ./Drivers/STM32L4xx_HAL_Driver/Src/stm32l4xx_hal_i2c.o
 .text.I2C_ITSlaveSeqCplt
                0x08007b2a       0xb8 ./Drivers/STM32L4xx_HAL_Driver/Src/stm32l4xx_hal_i2c.o
 *fill*         0x08007be2        0x2 
 .text.I2C_ITMasterCplt
                0x08007be4      0x190 ./Drivers/STM32L4xx_HAL_Driver/Src/stm32l4xx_hal_i2c.o
 .text.I2C_ITSlaveCplt
                0x08007d74      0x224 ./Drivers/STM32L4xx_HAL_Driver/Src/stm32l4xx_hal_i2c.o
 .text.I2C_ITListenCplt
                0x08007f98       0xa8 ./Drivers/STM32L4xx_HAL_Driver/Src/stm32l4xx_hal_i2c.o
 .text.I2C_ITError
                0x08008040      0x1e0 ./Drivers/STM32L4xx_HAL_Driver/Src/stm32l4xx_hal_i2c.o
 .text.I2C_TreatErrorCallback
                0x08008220       0x4e ./Drivers/STM32L4xx_HAL_Driver/Src/stm32l4xx_hal_i2c.o
 .text.I2C_Flush_TXDR
                0x0800826e       0x48 ./Drivers/STM32L4xx_HAL_Driver/Src/stm32l4xx_hal_i2c.o
 .text.I2C_DMAMasterTransmitCplt
                0x080082b6       0x96 ./Drivers/STM32L4xx_HAL_Driver/Src/stm32l4xx_hal_i2c.o
 .text.I2C_DMAMasterReceiveCplt
                0x0800834c       0x96 ./Drivers/STM32L4xx_HAL_Driver/Src/stm32l4xx_hal_i2c.o
 .text.I2C_DMAError
                0x080083e2       0x2e ./Drivers/STM32L4xx_HAL_Driver/Src/stm32l4xx_hal_i2c.o
 .text.I2C_DMAAbort
                0x08008410       0x3c ./Drivers/STM32L4xx_HAL_Driver/Src/stm32l4xx_hal_i2c.o
 .text.I2C_WaitOnFlagUntilTimeout
                0x0800844c       0x9e ./Drivers/STM32L4xx_HAL_Driver/Src/stm32l4xx_hal_i2c.o
 .text.I2C_WaitOnTXISFlagUntilTimeout
                0x080084ea       0x8e ./Drivers/STM32L4xx_HAL_Driver/Src/stm32l4xx_hal_i2c.o
 .text.I2C_WaitOnSTOPFlagUntilTimeout
                0x08008578       0x86 ./Drivers/STM32L4xx_HAL_Driver/Src/stm32l4xx_hal_i2c.o
 *fill*         0x080085fe        0x2 
 .text.I2C_IsErrorOccurred
                0x08008600      0x1c0 ./Drivers/STM32L4xx_HAL_Driver/Src/stm32l4xx_hal_i2c.o
 .text.I2C_TransferConfig
                0x080087c0       0x64 ./Drivers/STM32L4xx_HAL_Driver/Src/stm32l4xx_hal_i2c.o
 .text.I2C_Enable_IRQ
                0x08008824      0x108 ./Drivers/STM32L4xx_HAL_Driver/Src/stm32l4xx_hal_i2c.o
 .text.I2C_Disable_IRQ
                0x0800892c       0xbc ./Drivers/STM32L4xx_HAL_Driver/Src/stm32l4xx_hal_i2c.o
 .text.HAL_I2CEx_ConfigAnalogFilter
                0x080089e8       0x96 ./Drivers/STM32L4xx_HAL_Driver/Src/stm32l4xx_hal_i2c_ex.o
                0x080089e8                HAL_I2CEx_ConfigAnalogFilter
 .text.HAL_I2CEx_ConfigDigitalFilter
                0x08008a7e       0x98 ./Drivers/STM32L4xx_HAL_Driver/Src/stm32l4xx_hal_i2c_ex.o
                0x08008a7e                HAL_I2CEx_ConfigDigitalFilter
 .text.HAL_IWDG_Init
                0x08008b16       0x8c ./Drivers/STM32L4xx_HAL_Driver/Src/stm32l4xx_hal_iwdg.o
                0x08008b16                HAL_IWDG_Init
 .text.HAL_IWDG_Refresh
                0x08008ba2       0x20 ./Drivers/STM32L4xx_HAL_Driver/Src/stm32l4xx_hal_iwdg.o
                0x08008ba2                HAL_IWDG_Refresh
 *fill*         0x08008bc2        0x2 
 .text.HAL_PWR_EnterSLEEPMode
                0x08008bc4       0x68 ./Drivers/STM32L4xx_HAL_Driver/Src/stm32l4xx_hal_pwr.o
                0x08008bc4                HAL_PWR_EnterSLEEPMode
 .text.HAL_PWREx_GetVoltageRange
                0x08008c2c       0x1c ./Drivers/STM32L4xx_HAL_Driver/Src/stm32l4xx_hal_pwr_ex.o
                0x08008c2c                HAL_PWREx_GetVoltageRange
 .text.HAL_PWREx_ControlVoltageScaling
                0x08008c48       0xac ./Drivers/STM32L4xx_HAL_Driver/Src/stm32l4xx_hal_pwr_ex.o
                0x08008c48                HAL_PWREx_ControlVoltageScaling
 .text.HAL_PWREx_EnableLowPowerRunMode
                0x08008cf4       0x20 ./Drivers/STM32L4xx_HAL_Driver/Src/stm32l4xx_hal_pwr_ex.o
                0x08008cf4                HAL_PWREx_EnableLowPowerRunMode
 .text.HAL_PWREx_DisableLowPowerRunMode
                0x08008d14       0x70 ./Drivers/STM32L4xx_HAL_Driver/Src/stm32l4xx_hal_pwr_ex.o
                0x08008d14                HAL_PWREx_DisableLowPowerRunMode
 .text.HAL_RCC_OscConfig
                0x08008d84      0x834 ./Drivers/STM32L4xx_HAL_Driver/Src/stm32l4xx_hal_rcc.o
                0x08008d84                HAL_RCC_OscConfig
 .text.HAL_RCC_ClockConfig
                0x080095b8      0x200 ./Drivers/STM32L4xx_HAL_Driver/Src/stm32l4xx_hal_rcc.o
                0x080095b8                HAL_RCC_ClockConfig
 .text.HAL_RCC_GetSysClockFreq
                0x080097b8      0x118 ./Drivers/STM32L4xx_HAL_Driver/Src/stm32l4xx_hal_rcc.o
                0x080097b8                HAL_RCC_GetSysClockFreq
 .text.HAL_RCC_GetHCLKFreq
                0x080098d0       0x18 ./Drivers/STM32L4xx_HAL_Driver/Src/stm32l4xx_hal_rcc.o
                0x080098d0                HAL_RCC_GetHCLKFreq
 .text.HAL_RCC_GetPCLK1Freq
                0x080098e8       0x2c ./Drivers/STM32L4xx_HAL_Driver/Src/stm32l4xx_hal_rcc.o
                0x080098e8                HAL_RCC_GetPCLK1Freq
 .text.HAL_RCC_GetPCLK2Freq
                0x08009914       0x2c ./Drivers/STM32L4xx_HAL_Driver/Src/stm32l4xx_hal_rcc.o
                0x08009914                HAL_RCC_GetPCLK2Freq
 .text.RCC_SetFlashLatencyFromMSIRange
                0x08009940       0xc0 ./Drivers/STM32L4xx_HAL_Driver/Src/stm32l4xx_hal_rcc.o
 .text.HAL_RCCEx_PeriphCLKConfig
                0x08009a00      0x5f8 ./Drivers/STM32L4xx_HAL_Driver/Src/stm32l4xx_hal_rcc_ex.o
                0x08009a00                HAL_RCCEx_PeriphCLKConfig
 .text.RCCEx_PLLSAI1_Config
                0x08009ff8      0x1e4 ./Drivers/STM32L4xx_HAL_Driver/Src/stm32l4xx_hal_rcc_ex.o
 .text.RCCEx_PLLSAI2_Config
                0x0800a1dc      0x1b8 ./Drivers/STM32L4xx_HAL_Driver/Src/stm32l4xx_hal_rcc_ex.o
 .text.HAL_TIM_Base_Init
                0x0800a394       0xae ./Drivers/STM32L4xx_HAL_Driver/Src/stm32l4xx_hal_tim.o
                0x0800a394                HAL_TIM_Base_Init
 *fill*         0x0800a442        0x2 
 .text.HAL_TIM_Base_Start_IT
                0x0800a444       0xe0 ./Drivers/STM32L4xx_HAL_Driver/Src/stm32l4xx_hal_tim.o
                0x0800a444                HAL_TIM_Base_Start_IT
 .text.HAL_TIM_IRQHandler
                0x0800a524      0x204 ./Drivers/STM32L4xx_HAL_Driver/Src/stm32l4xx_hal_tim.o
                0x0800a524                HAL_TIM_IRQHandler
 .text.HAL_TIM_OC_DelayElapsedCallback
                0x0800a728       0x14 ./Drivers/STM32L4xx_HAL_Driver/Src/stm32l4xx_hal_tim.o
                0x0800a728                HAL_TIM_OC_DelayElapsedCallback
 .text.HAL_TIM_IC_CaptureCallback
                0x0800a73c       0x14 ./Drivers/STM32L4xx_HAL_Driver/Src/stm32l4xx_hal_tim.o
                0x0800a73c                HAL_TIM_IC_CaptureCallback
 .text.HAL_TIM_PWM_PulseFinishedCallback
                0x0800a750       0x14 ./Drivers/STM32L4xx_HAL_Driver/Src/stm32l4xx_hal_tim.o
                0x0800a750                HAL_TIM_PWM_PulseFinishedCallback
 .text.HAL_TIM_TriggerCallback
                0x0800a764       0x14 ./Drivers/STM32L4xx_HAL_Driver/Src/stm32l4xx_hal_tim.o
                0x0800a764                HAL_TIM_TriggerCallback
 .text.TIM_Base_SetConfig
                0x0800a778      0x134 ./Drivers/STM32L4xx_HAL_Driver/Src/stm32l4xx_hal_tim.o
                0x0800a778                TIM_Base_SetConfig
 .text.HAL_TIMEx_MasterConfigSynchronization
                0x0800a8ac      0x110 ./Drivers/STM32L4xx_HAL_Driver/Src/stm32l4xx_hal_tim_ex.o
                0x0800a8ac                HAL_TIMEx_MasterConfigSynchronization
 .text.HAL_TIMEx_CommutCallback
                0x0800a9bc       0x14 ./Drivers/STM32L4xx_HAL_Driver/Src/stm32l4xx_hal_tim_ex.o
                0x0800a9bc                HAL_TIMEx_CommutCallback
 .text.HAL_TIMEx_BreakCallback
                0x0800a9d0       0x14 ./Drivers/STM32L4xx_HAL_Driver/Src/stm32l4xx_hal_tim_ex.o
                0x0800a9d0                HAL_TIMEx_BreakCallback
 .text.HAL_TIMEx_Break2Callback
                0x0800a9e4       0x14 ./Drivers/STM32L4xx_HAL_Driver/Src/stm32l4xx_hal_tim_ex.o
                0x0800a9e4                HAL_TIMEx_Break2Callback
 .text.HAL_UART_Init
                0x0800a9f8       0x9c ./Drivers/STM32L4xx_HAL_Driver/Src/stm32l4xx_hal_uart.o
                0x0800a9f8                HAL_UART_Init
 .text.HAL_UART_Receive_DMA
                0x0800aa94       0x98 ./Drivers/STM32L4xx_HAL_Driver/Src/stm32l4xx_hal_uart.o
                0x0800aa94                HAL_UART_Receive_DMA
 .text.HAL_UART_IRQHandler
                0x0800ab2c      0x5d4 ./Drivers/STM32L4xx_HAL_Driver/Src/stm32l4xx_hal_uart.o
                0x0800ab2c                HAL_UART_IRQHandler
 .text.HAL_UART_TxCpltCallback
                0x0800b100       0x14 ./Drivers/STM32L4xx_HAL_Driver/Src/stm32l4xx_hal_uart.o
                0x0800b100                HAL_UART_TxCpltCallback
 .text.HAL_UART_RxHalfCpltCallback
                0x0800b114       0x14 ./Drivers/STM32L4xx_HAL_Driver/Src/stm32l4xx_hal_uart.o
                0x0800b114                HAL_UART_RxHalfCpltCallback
 .text.HAL_UART_ErrorCallback
                0x0800b128       0x14 ./Drivers/STM32L4xx_HAL_Driver/Src/stm32l4xx_hal_uart.o
                0x0800b128                HAL_UART_ErrorCallback
 .text.HAL_UARTEx_RxEventCallback
                0x0800b13c       0x18 ./Drivers/STM32L4xx_HAL_Driver/Src/stm32l4xx_hal_uart.o
                0x0800b13c                HAL_UARTEx_RxEventCallback
 .text.UART_SetConfig
                0x0800b154      0x570 ./Drivers/STM32L4xx_HAL_Driver/Src/stm32l4xx_hal_uart.o
                0x0800b154                UART_SetConfig
 .text.UART_AdvFeatureConfig
                0x0800b6c4      0x144 ./Drivers/STM32L4xx_HAL_Driver/Src/stm32l4xx_hal_uart.o
                0x0800b6c4                UART_AdvFeatureConfig
 .text.UART_CheckIdleState
                0x0800b808      0x150 ./Drivers/STM32L4xx_HAL_Driver/Src/stm32l4xx_hal_uart.o
                0x0800b808                UART_CheckIdleState
 .text.UART_WaitOnFlagUntilTimeout
                0x0800b958       0xce ./Drivers/STM32L4xx_HAL_Driver/Src/stm32l4xx_hal_uart.o
                0x0800b958                UART_WaitOnFlagUntilTimeout
 *fill*         0x0800ba26        0x2 
 .text.UART_Start_Receive_DMA
                0x0800ba28      0x140 ./Drivers/STM32L4xx_HAL_Driver/Src/stm32l4xx_hal_uart.o
                0x0800ba28                UART_Start_Receive_DMA
 .text.UART_EndTxTransfer
                0x0800bb68       0x4c ./Drivers/STM32L4xx_HAL_Driver/Src/stm32l4xx_hal_uart.o
 .text.UART_EndRxTransfer
                0x0800bbb4       0xc8 ./Drivers/STM32L4xx_HAL_Driver/Src/stm32l4xx_hal_uart.o
 .text.UART_DMAReceiveCplt
                0x0800bc7c      0x12c ./Drivers/STM32L4xx_HAL_Driver/Src/stm32l4xx_hal_uart.o
 .text.UART_DMARxHalfCplt
                0x0800bda8       0x3e ./Drivers/STM32L4xx_HAL_Driver/Src/stm32l4xx_hal_uart.o
 .text.UART_DMAError
                0x0800bde6       0x7e ./Drivers/STM32L4xx_HAL_Driver/Src/stm32l4xx_hal_uart.o
 .text.UART_DMAAbortOnError
                0x0800be64       0x2c ./Drivers/STM32L4xx_HAL_Driver/Src/stm32l4xx_hal_uart.o
 .text.UART_EndTransmit_IT
                0x0800be90       0x54 ./Drivers/STM32L4xx_HAL_Driver/Src/stm32l4xx_hal_uart.o
 .text.HAL_UARTEx_WakeupCallback
                0x0800bee4       0x14 ./Drivers/STM32L4xx_HAL_Driver/Src/stm32l4xx_hal_uart_ex.o
                0x0800bee4                HAL_UARTEx_WakeupCallback
 .text.memset   0x0800bef8       0x10 D:/ST/STM32CubeIDE_1.15.0/STM32CubeIDE/plugins/com.st.stm32cube.ide.mcu.externaltools.gnu-tools-for-stm32.12.3.rel1.win32_1.0.100.202403111256/tools/bin/../lib/gcc/arm-none-eabi/12.3.1/../../../../arm-none-eabi/lib/thumb/v7e-m+fp/hard\libc_nano.a(libc_a-memset.o)
                0x0800bef8                memset
 .text.__libc_init_array
                0x0800bf08       0x48 D:/ST/STM32CubeIDE_1.15.0/STM32CubeIDE/plugins/com.st.stm32cube.ide.mcu.externaltools.gnu-tools-for-stm32.12.3.rel1.win32_1.0.100.202403111256/tools/bin/../lib/gcc/arm-none-eabi/12.3.1/../../../../arm-none-eabi/lib/thumb/v7e-m+fp/hard\libc_nano.a(libc_a-init.o)
                0x0800bf08                __libc_init_array
 *(.glue_7)
 .glue_7        0x0800bf50        0x0 linker stubs
 *(.glue_7t)
 .glue_7t       0x0800bf50        0x0 linker stubs
 *(.eh_frame)
 .eh_frame      0x0800bf50        0x0 D:/ST/STM32CubeIDE_1.15.0/STM32CubeIDE/plugins/com.st.stm32cube.ide.mcu.externaltools.gnu-tools-for-stm32.12.3.rel1.win32_1.0.100.202403111256/tools/bin/../lib/gcc/arm-none-eabi/12.3.1/thumb/v7e-m+fp/hard/crtbegin.o
 *(.init)
 .init          0x0800bf50        0x4 D:/ST/STM32CubeIDE_1.15.0/STM32CubeIDE/plugins/com.st.stm32cube.ide.mcu.externaltools.gnu-tools-for-stm32.12.3.rel1.win32_1.0.100.202403111256/tools/bin/../lib/gcc/arm-none-eabi/12.3.1/thumb/v7e-m+fp/hard/crti.o
                0x0800bf50                _init
 .init          0x0800bf54        0x8 D:/ST/STM32CubeIDE_1.15.0/STM32CubeIDE/plugins/com.st.stm32cube.ide.mcu.externaltools.gnu-tools-for-stm32.12.3.rel1.win32_1.0.100.202403111256/tools/bin/../lib/gcc/arm-none-eabi/12.3.1/thumb/v7e-m+fp/hard/crtn.o
 *(.fini)
 .fini          0x0800bf5c        0x4 D:/ST/STM32CubeIDE_1.15.0/STM32CubeIDE/plugins/com.st.stm32cube.ide.mcu.externaltools.gnu-tools-for-stm32.12.3.rel1.win32_1.0.100.202403111256/tools/bin/../lib/gcc/arm-none-eabi/12.3.1/thumb/v7e-m+fp/hard/crti.o
                0x0800bf5c                _fini
 .fini          0x0800bf60        0x8 D:/ST/STM32CubeIDE_1.15.0/STM32CubeIDE/plugins/com.st.stm32cube.ide.mcu.externaltools.gnu-tools-for-stm32.12.3.rel1.win32_1.0.100.202403111256/tools/bin/../lib/gcc/arm-none-eabi/12.3.1/thumb/v7e-m+fp/hard/crtn.o
                0x0800bf68                        . = ALIGN (0x4)
                0x0800bf68                        _etext = .

.vfp11_veneer   0x0800bf68        0x0
 .vfp11_veneer  0x0800bf68        0x0 linker stubs

.v4_bx          0x0800bf68        0x0
 .v4_bx         0x0800bf68        0x0 linker stubs

.iplt           0x0800bf68        0x0
 .iplt          0x0800bf68        0x0 D:/ST/STM32CubeIDE_1.15.0/STM32CubeIDE/plugins/com.st.stm32cube.ide.mcu.externaltools.gnu-tools-for-stm32.12.3.rel1.win32_1.0.100.202403111256/tools/bin/../lib/gcc/arm-none-eabi/12.3.1/thumb/v7e-m+fp/hard/crtbegin.o

.rodata         0x0800bf68       0x80
                0x0800bf68                        . = ALIGN (0x4)
 *(.rodata)
 .rodata        0x0800bf68       0x36 ./Core/Src/app.o
 *(.rodata*)
 *fill*         0x0800bf9e        0x2 
 .rodata.AHBPrescTable
                0x0800bfa0       0x10 ./Core/Src/system_stm32l4xx.o
                0x0800bfa0                AHBPrescTable
 .rodata.APBPrescTable
                0x0800bfb0        0x8 ./Core/Src/system_stm32l4xx.o
                0x0800bfb0                APBPrescTable
 .rodata.MSIRangeTable
                0x0800bfb8       0x30 ./Core/Src/system_stm32l4xx.o
                0x0800bfb8                MSIRangeTable
                0x0800bfe8                        . = ALIGN (0x4)

.ARM.extab      0x0800bfe8        0x0
                0x0800bfe8                        . = ALIGN (0x4)
 *(.ARM.extab* .gnu.linkonce.armextab.*)
                0x0800bfe8                        . = ALIGN (0x4)

.ARM            0x0800bfe8        0x8
                0x0800bfe8                        . = ALIGN (0x4)
                0x0800bfe8                        __exidx_start = .
 *(.ARM.exidx*)
 .ARM.exidx     0x0800bfe8        0x8 D:/ST/STM32CubeIDE_1.15.0/STM32CubeIDE/plugins/com.st.stm32cube.ide.mcu.externaltools.gnu-tools-for-stm32.12.3.rel1.win32_1.0.100.202403111256/tools/bin/../lib/gcc/arm-none-eabi/12.3.1/thumb/v7e-m+fp/hard\libgcc.a(_udivmoddi4.o)
                0x0800bff0                        __exidx_end = .
                0x0800bff0                        . = ALIGN (0x4)

.rel.dyn        0x0800bff0        0x0
 .rel.iplt      0x0800bff0        0x0 D:/ST/STM32CubeIDE_1.15.0/STM32CubeIDE/plugins/com.st.stm32cube.ide.mcu.externaltools.gnu-tools-for-stm32.12.3.rel1.win32_1.0.100.202403111256/tools/bin/../lib/gcc/arm-none-eabi/12.3.1/thumb/v7e-m+fp/hard/crtbegin.o

.preinit_array  0x0800bff0        0x0
                0x0800bff0                        . = ALIGN (0x4)
                0x0800bff0                        PROVIDE (__preinit_array_start = .)
 *(.preinit_array*)
                0x0800bff0                        PROVIDE (__preinit_array_end = .)
                0x0800bff0                        . = ALIGN (0x4)

.init_array     0x0800bff0       0x20
                0x0800bff0                        . = ALIGN (0x4)
                0x0800bff0                        PROVIDE (__init_array_start = .)
 *(SORT_BY_NAME(.init_array.*))
 *(.init_array*)
 .init_array    0x0800bff0        0x4 D:/ST/STM32CubeIDE_1.15.0/STM32CubeIDE/plugins/com.st.stm32cube.ide.mcu.externaltools.gnu-tools-for-stm32.12.3.rel1.win32_1.0.100.202403111256/tools/bin/../lib/gcc/arm-none-eabi/12.3.1/thumb/v7e-m+fp/hard/crtbegin.o
 .init_array    0x0800bff4        0x4 ./Core/Src/app.o
 .init_array    0x0800bff8        0x4 ./Core/Src/hardwareIn.o
 .init_array    0x0800bffc        0x4 ./Core/Src/hardwareOut.o
 .init_array    0x0800c000        0x4 ./Core/Src/linkIn.o
 .init_array    0x0800c004        0x4 ./Core/Src/main.o
 .init_array    0x0800c008        0x4 ./Core/Src/tcpIn.o
 .init_array    0x0800c00c        0x4 ./Core/Src/tcpOut.o
                0x0800c010                        PROVIDE (__init_array_end = .)
                0x0800c010                        . = ALIGN (0x4)

.fini_array     0x0800c010        0x4
                0x0800c010                        . = ALIGN (0x4)
                [!provide]                        PROVIDE (__fini_array_start = .)
 *(SORT_BY_NAME(.fini_array.*))
 *(.fini_array*)
 .fini_array    0x0800c010        0x4 D:/ST/STM32CubeIDE_1.15.0/STM32CubeIDE/plugins/com.st.stm32cube.ide.mcu.externaltools.gnu-tools-for-stm32.12.3.rel1.win32_1.0.100.202403111256/tools/bin/../lib/gcc/arm-none-eabi/12.3.1/thumb/v7e-m+fp/hard/crtbegin.o
                [!provide]                        PROVIDE (__fini_array_end = .)
                0x0800c014                        . = ALIGN (0x4)
                0x0800c014                        _sidata = LOADADDR (.data)

.data           0x20000000      0x3c4 load address 0x0800c014
                0x20000000                        . = ALIGN (0x4)
                0x20000000                        _sdata = .
 *(.data)
 *(.data*)
 .data.limitWarming
                0x20000000        0x4 ./Core/Src/app.o
                0x20000000                limitWarming
 .data.sizeBufStab
                0x20000004        0x1 ./Core/Src/app.o
                0x20000004                sizeBufStab
 *fill*         0x20000005        0x1 
 .data.command_Sht31
                0x20000006        0x2 ./Core/Src/hardwareIn.o
                0x20000006                command_Sht31
 .data.buffer_SHT31_I2C_OUT
                0x20000008        0x2 ./Core/Src/hardwareIn.o
                0x20000008                buffer_SHT31_I2C_OUT
 .data.addressSht31
                0x2000000a        0x1 ./Core/Src/hardwareIn.o
                0x2000000a                addressSht31
 .data.enableI2C
                0x2000000b        0x1 ./Core/Src/hardwareIn.o
                0x2000000b                enableI2C
 .data.AdsCommand_0
                0x2000000c        0x3 ./Core/Src/hardwareIn.o
                0x2000000c                AdsCommand_0
 *fill*         0x2000000f        0x1 
 .data.AdsCommand_2
                0x20000010        0x3 ./Core/Src/hardwareIn.o
                0x20000010                AdsCommand_2
 *fill*         0x20000013        0x1 
 .data.nameAlphaB
                0x20000014       0x12 ./Core/Src/hardwareIn.o
                0x20000014                nameAlphaB
 *fill*         0x20000026        0x2 
 .data.thresholdBat
                0x20000028        0x4 ./Core/Src/linkIn.o
                0x20000028                thresholdBat
 .data.rxCommand_0
                0x2000002c        0x4 ./Core/Src/loraApp.o
                0x2000002c                rxCommand_0
 .data.rxCommand_1
                0x20000030        0x7 ./Core/Src/loraApp.o
                0x20000030                rxCommand_1
 *fill*         0x20000037        0x1 
 .data.rxCommand_2
                0x20000038        0xf ./Core/Src/loraApp.o
                0x20000038                rxCommand_2
 *fill*         0x20000047        0x1 
 .data.rxCommand_3
                0x20000048       0x12 ./Core/Src/loraApp.o
                0x20000048                rxCommand_3
 *fill*         0x2000005a        0x2 
 .data.rxCommand_4
                0x2000005c        0xf ./Core/Src/loraApp.o
                0x2000005c                rxCommand_4
 *fill*         0x2000006b        0x1 
 .data.rxCommand_5
                0x2000006c        0xf ./Core/Src/loraApp.o
                0x2000006c                rxCommand_5
 *fill*         0x2000007b        0x1 
 .data.rxCommand_6
                0x2000007c        0xc ./Core/Src/loraApp.o
                0x2000007c                rxCommand_6
 .data.rxCommand_7
                0x20000088       0x20 ./Core/Src/loraApp.o
                0x20000088                rxCommand_7
 .data.rxCommand_8
                0x200000a8       0x18 ./Core/Src/loraApp.o
                0x200000a8                rxCommand_8
 .data.rxCommand_9
                0x200000c0        0xc ./Core/Src/loraApp.o
                0x200000c0                rxCommand_9
 .data.rxCommand_10
                0x200000cc        0xc ./Core/Src/loraApp.o
                0x200000cc                rxCommand_10
 .data.rxCommand_11
                0x200000d8        0x8 ./Core/Src/loraApp.o
                0x200000d8                rxCommand_11
 .data.rxCommand_12
                0x200000e0        0x5 ./Core/Src/loraApp.o
                0x200000e0                rxCommand_12
 *fill*         0x200000e5        0x3 
 .data.rxCommand_18
                0x200000e8        0xb ./Core/Src/loraApp.o
                0x200000e8                rxCommand_18
 *fill*         0x200000f3        0x1 
 .data.rxCommand
                0x200000f4       0x38 ./Core/Src/loraApp.o
                0x200000f4                rxCommand
 .data.sysReset_RN2903
                0x2000012c        0xc ./Core/Src/loraApp.o
                0x2000012c                sysReset_RN2903
 .data.radioSetMod_RN2903
                0x20000138       0x15 ./Core/Src/loraApp.o
                0x20000138                radioSetMod_RN2903
 *fill*         0x2000014d        0x3 
 .data.radioSetSf_RN2903
                0x20000150       0x14 ./Core/Src/loraApp.o
                0x20000150                radioSetSf_RN2903
 .data.radioSetBw_RN2903
                0x20000164       0x13 ./Core/Src/loraApp.o
                0x20000164                radioSetBw_RN2903
 *fill*         0x20000177        0x1 
 .data.radioSetPwr_RN2903
                0x20000178       0x13 ./Core/Src/loraApp.o
                0x20000178                radioSetPwr_RN2903
 *fill*         0x2000018b        0x1 
 .data.macSetDevEui_RN2903
                0x2000018c       0x21 ./Core/Src/loraApp.o
                0x2000018c                macSetDevEui_RN2903
 *fill*         0x200001ad        0x3 
 .data.macSetDevAddr_RN2903
                0x200001b0       0x1b ./Core/Src/loraApp.o
                0x200001b0                macSetDevAddr_RN2903
 *fill*         0x200001cb        0x1 
 .data.macSetNwkskey_RN2903
                0x200001cc       0x33 ./Core/Src/loraApp.o
                0x200001cc                macSetNwkskey_RN2903
 *fill*         0x200001ff        0x1 
 .data.macSetAppskey_RN2903
                0x20000200       0x33 ./Core/Src/loraApp.o
                0x20000200                macSetAppskey_RN2903
 *fill*         0x20000233        0x1 
 .data.macJoinOtaa_RN2903
                0x20000234       0x10 ./Core/Src/loraApp.o
                0x20000234                macJoinOtaa_RN2903
 .data.macJoinAbp_RN2903
                0x20000244        0xf ./Core/Src/loraApp.o
                0x20000244                macJoinAbp_RN2903
 *fill*         0x20000253        0x1 
 .data.macSetSync_RN2903
                0x20000254       0x12 ./Core/Src/loraApp.o
                0x20000254                macSetSync_RN2903
 *fill*         0x20000266        0x2 
 .data.macSave_RN2903
                0x20000268        0xb ./Core/Src/loraApp.o
                0x20000268                macSave_RN2903
 *fill*         0x20000273        0x1 
 .data.macTxData_RN2903
                0x20000274       0x1a ./Core/Src/loraApp.o
                0x20000274                macTxData_RN2903
 *fill*         0x2000028e        0x2 
 .data.macTxGps_RN2903
                0x20000290       0x1a ./Core/Src/loraApp.o
                0x20000290                macTxGps_RN2903
 *fill*         0x200002aa        0x2 
 .data.macTxSys_RN2903
                0x200002ac       0x16 ./Core/Src/loraApp.o
                0x200002ac                macTxSys_RN2903
 *fill*         0x200002c2        0x2 
 .data.macSetCh8_RN2903
                0x200002c4       0x1a ./Core/Src/loraApp.o
                0x200002c4                macSetCh8_RN2903
 *fill*         0x200002de        0x2 
 .data.macSetCh9_RN2903
                0x200002e0       0x1a ./Core/Src/loraApp.o
                0x200002e0                macSetCh9_RN2903
 *fill*         0x200002fa        0x2 
 .data.macSetCh10_RN2903
                0x200002fc       0x1b ./Core/Src/loraApp.o
                0x200002fc                macSetCh10_RN2903
 *fill*         0x20000317        0x1 
 .data.nameSensor0
                0x20000318       0x12 ./Core/Src/main.o
                0x20000318                nameSensor0
 *fill*         0x2000032a        0x2 
 .data.idSensor0
                0x2000032c        0x5 ./Core/Src/main.o
                0x2000032c                idSensor0
 *fill*         0x20000331        0x3 
 .data.rangeSensor0
                0x20000334        0x5 ./Core/Src/main.o
                0x20000334                rangeSensor0
 *fill*         0x20000339        0x3 
 .data.amplifier1_0
                0x2000033c        0x5 ./Core/Src/main.o
                0x2000033c                amplifier1_0
 *fill*         0x20000341        0x3 
 .data.amplifier2_0
                0x20000344        0x5 ./Core/Src/main.o
                0x20000344                amplifier2_0
 *fill*         0x20000349        0x3 
 .data.groundSensor0
                0x2000034c        0x5 ./Core/Src/main.o
                0x2000034c                groundSensor0
 *fill*         0x20000351        0x3 
 .data.curveSensor0
                0x20000354        0x5 ./Core/Src/main.o
                0x20000354                curveSensor0
 *fill*         0x20000359        0x3 
 .data.dateCalib0
                0x2000035c        0xb ./Core/Src/main.o
                0x2000035c                dateCalib0
 *fill*         0x20000367        0x1 
 .data.nameSensor1
                0x20000368       0x12 ./Core/Src/main.o
                0x20000368                nameSensor1
 *fill*         0x2000037a        0x2 
 .data.idSensor1
                0x2000037c        0x5 ./Core/Src/main.o
                0x2000037c                idSensor1
 *fill*         0x20000381        0x3 
 .data.rangeSensor1
                0x20000384        0x5 ./Core/Src/main.o
                0x20000384                rangeSensor1
 *fill*         0x20000389        0x3 
 .data.amplifier1_1
                0x2000038c        0x5 ./Core/Src/main.o
                0x2000038c                amplifier1_1
 *fill*         0x20000391        0x3 
 .data.amplifier2_1
                0x20000394        0x5 ./Core/Src/main.o
                0x20000394                amplifier2_1
 *fill*         0x20000399        0x3 
 .data.groundSensor1
                0x2000039c        0x5 ./Core/Src/main.o
                0x2000039c                groundSensor1
 *fill*         0x200003a1        0x3 
 .data.curveSensor1
                0x200003a4        0x5 ./Core/Src/main.o
                0x200003a4                curveSensor1
 *fill*         0x200003a9        0x3 
 .data.dateCalib1
                0x200003ac        0xb ./Core/Src/main.o
                0x200003ac                dateCalib1
 .data.superloop
                0x200003b7        0x1 ./Core/Src/main.o
                0x200003b7                superloop
 .data.SystemCoreClock
                0x200003b8        0x4 ./Core/Src/system_stm32l4xx.o
                0x200003b8                SystemCoreClock
 .data.uwTickPrio
                0x200003bc        0x4 ./Drivers/STM32L4xx_HAL_Driver/Src/stm32l4xx_hal.o
                0x200003bc                uwTickPrio
 .data.uwTickFreq
                0x200003c0        0x1 ./Drivers/STM32L4xx_HAL_Driver/Src/stm32l4xx_hal.o
                0x200003c0                uwTickFreq
 *(.RamFunc)
 *(.RamFunc*)
                0x200003c4                        . = ALIGN (0x4)
 *fill*         0x200003c1        0x3 
                0x200003c4                        _edata = .

.igot.plt       0x200003c4        0x0 load address 0x0800c3d8
 .igot.plt      0x200003c4        0x0 D:/ST/STM32CubeIDE_1.15.0/STM32CubeIDE/plugins/com.st.stm32cube.ide.mcu.externaltools.gnu-tools-for-stm32.12.3.rel1.win32_1.0.100.202403111256/tools/bin/../lib/gcc/arm-none-eabi/12.3.1/thumb/v7e-m+fp/hard/crtbegin.o
                0x200003c4                        . = ALIGN (0x4)

.bss            0x200003c4      0xdf0 load address 0x0800c3d8
                0x200003c4                        _sbss = .
                0x200003c4                        __bss_start__ = _sbss
 *(.bss)
 .bss           0x200003c4       0x1c D:/ST/STM32CubeIDE_1.15.0/STM32CubeIDE/plugins/com.st.stm32cube.ide.mcu.externaltools.gnu-tools-for-stm32.12.3.rel1.win32_1.0.100.202403111256/tools/bin/../lib/gcc/arm-none-eabi/12.3.1/thumb/v7e-m+fp/hard/crtbegin.o
 *(.bss*)
 .bss.limitLoraApp
                0x200003e0        0x4 ./Core/Src/app.o
                0x200003e0                limitLoraApp
 .bss.stateWarming
                0x200003e4        0x1 ./Core/Src/app.o
                0x200003e4                stateWarming
 *fill*         0x200003e5        0x3 
 .bss.countWarming
                0x200003e8        0x4 ./Core/Src/app.o
                0x200003e8                countWarming
 .bss.flagWarmingOk
                0x200003ec        0x1 ./Core/Src/app.o
                0x200003ec                flagWarmingOk
 .bss.flagResetWarming
                0x200003ed        0x1 ./Core/Src/app.o
                0x200003ed                flagResetWarming
 .bss.stateProcess
                0x200003ee        0x1 ./Core/Src/app.o
                0x200003ee                stateProcess
 *fill*         0x200003ef        0x1 
 .bss.countProcess
                0x200003f0        0x4 ./Core/Src/app.o
                0x200003f0                countProcess
 .bss._ZL12limitProcess
                0x200003f4        0x4 ./Core/Src/app.o
 .bss.flagStability
                0x200003f8        0x1 ./Core/Src/app.o
                0x200003f8                flagStability
 *fill*         0x200003f9        0x1 
 .bss.alphaA_LP
                0x200003fa        0x2 ./Core/Src/app.o
                0x200003fa                alphaA_LP
 .bss.alphaA_BP
                0x200003fc        0x4 ./Core/Src/app.o
                0x200003fc                alphaA_BP
 .bss.meanAlphaA
                0x20000400        0x2 ./Core/Src/app.o
                0x20000400                meanAlphaA
 .bss.meanAlphaA_2
                0x20000402        0x2 ./Core/Src/app.o
                0x20000402                meanAlphaA_2
 .bss.stateStability
                0x20000404        0x1 ./Core/Src/app.o
                0x20000404                stateStability
 *fill*         0x20000405        0x3 
 .bss.countStability
                0x20000408        0x4 ./Core/Src/app.o
                0x20000408                countStability
 .bss.countStability2
                0x2000040c        0x1 ./Core/Src/app.o
                0x2000040c                countStability2
 .bss.countStability3
                0x2000040d        0x1 ./Core/Src/app.o
                0x2000040d                countStability3
 *fill*         0x2000040e        0x2 
 .bss._ZL14limitStability
                0x20000410        0x4 ./Core/Src/app.o
 .bss.flagStartStability
                0x20000414        0x1 ./Core/Src/app.o
                0x20000414                flagStartStability
 .bss.flagFinishStab
                0x20000415        0x1 ./Core/Src/app.o
                0x20000415                flagFinishStab
 *fill*         0x20000416        0x2 
 .bss.bufferStabA
                0x20000418       0x3c ./Core/Src/app.o
                0x20000418                bufferStabA
 .bss.calibContent
                0x20000454        0x4 ./Core/Src/app.o
                0x20000454                calibContent
 .bss.countDebug
                0x20000458        0x4 ./Core/Src/app.o
                0x20000458                countDebug
 .bss._ZZ3iirsE1y
                0x2000045c        0xc ./Core/Src/app.o
 .bss._ZZ3iirsE1x
                0x20000468        0x6 ./Core/Src/app.o
 *fill*         0x2000046e        0x2 
 .bss._ZZ4iir3sE2y3
                0x20000470       0x14 ./Core/Src/app.o
 .bss._ZZ4iir3sE2x3
                0x20000484        0xa ./Core/Src/app.o
 .bss.boton     0x2000048e        0x1 ./Core/Src/hardwareIn.o
                0x2000048e                boton
 *fill*         0x2000048f        0x1 
 .bss.countBoton
                0x20000490        0x4 ./Core/Src/hardwareIn.o
                0x20000490                countBoton
 .bss.limitBoton
                0x20000494        0x4 ./Core/Src/hardwareIn.o
                0x20000494                limitBoton
 .bss.stateBoton
                0x20000498        0x1 ./Core/Src/hardwareIn.o
                0x20000498                stateBoton
 .bss.stateSht31
                0x20000499        0x1 ./Core/Src/hardwareIn.o
                0x20000499                stateSht31
 *fill*         0x2000049a        0x2 
 .bss.countSht31
                0x2000049c        0x4 ./Core/Src/hardwareIn.o
                0x2000049c                countSht31
 .bss.limitSht31_measure
                0x200004a0        0x4 ./Core/Src/hardwareIn.o
                0x200004a0                limitSht31_measure
 .bss.limitSht31_i2c
                0x200004a4        0x4 ./Core/Src/hardwareIn.o
                0x200004a4                limitSht31_i2c
 .bss.buffer_SHT31_I2C_IN
                0x200004a8        0x6 ./Core/Src/hardwareIn.o
                0x200004a8                buffer_SHT31_I2C_IN
 .bss.selectSht31
                0x200004ae        0x1 ./Core/Src/hardwareIn.o
                0x200004ae                selectSht31
 *fill*         0x200004af        0x1 
 .bss.tempIntern
                0x200004b0        0x2 ./Core/Src/hardwareIn.o
                0x200004b0                tempIntern
 .bss.humIntern
                0x200004b2        0x2 ./Core/Src/hardwareIn.o
                0x200004b2                humIntern
 .bss.tempExtern
                0x200004b4        0x2 ./Core/Src/hardwareIn.o
                0x200004b4                tempExtern
 .bss.humExtern
                0x200004b6        0x2 ./Core/Src/hardwareIn.o
                0x200004b6                humExtern
 .bss.stateAdc  0x200004b8        0x1 ./Core/Src/hardwareIn.o
                0x200004b8                stateAdc
 *fill*         0x200004b9        0x3 
 .bss.countAdc  0x200004bc        0x4 ./Core/Src/hardwareIn.o
                0x200004bc                countAdc
 .bss._ZL9sampleAdc
                0x200004c0        0x4 ./Core/Src/hardwareIn.o
 .bss._ZL12limitAds_i2c
                0x200004c4        0x4 ./Core/Src/hardwareIn.o
 .bss.AdsCommand_1
                0x200004c8        0x1 ./Core/Src/hardwareIn.o
                0x200004c8                AdsCommand_1
 *fill*         0x200004c9        0x3 
 .bss.buffer_ADS_I2C_IN
                0x200004cc        0x2 ./Core/Src/hardwareIn.o
                0x200004cc                buffer_ADS_I2C_IN
 .bss.alphaA    0x200004ce        0x2 ./Core/Src/hardwareIn.o
                0x200004ce                alphaA
 .bss.alphaB    0x200004d0        0x2 ./Core/Src/hardwareIn.o
                0x200004d0                alphaB
 .bss.selectChannelAds
                0x200004d2        0x1 ./Core/Src/hardwareIn.o
                0x200004d2                selectChannelAds
 *fill*         0x200004d3        0x1 
 .bss.battery   0x200004d4        0x2 ./Core/Src/hardwareIn.o
                0x200004d4                battery
 .bss.alphaAnalog_A
                0x200004d6        0x2 ./Core/Src/hardwareIn.o
                0x200004d6                alphaAnalog_A
 .bss.alphaAnalog_B
                0x200004d8        0x2 ./Core/Src/hardwareIn.o
                0x200004d8                alphaAnalog_B
 *fill*         0x200004da        0x2 
 .bss.countAnalog
                0x200004dc        0x4 ./Core/Src/hardwareIn.o
                0x200004dc                countAnalog
 .bss.sampleAnalog
                0x200004e0        0x4 ./Core/Src/hardwareIn.o
                0x200004e0                sampleAnalog
 .bss.stateAnalog
                0x200004e4        0x1 ./Core/Src/hardwareIn.o
                0x200004e4                stateAnalog
 *fill*         0x200004e5        0x3 
 .bss.nameSensor_0
                0x200004e8       0x14 ./Core/Src/hardwareIn.o
                0x200004e8                nameSensor_0
 .bss.idSensor_0
                0x200004fc        0x4 ./Core/Src/hardwareIn.o
                0x200004fc                idSensor_0
 .bss.rangeSensor_0
                0x20000500        0x4 ./Core/Src/hardwareIn.o
                0x20000500                rangeSensor_0
 .bss.amplifier_10
                0x20000504        0x4 ./Core/Src/hardwareIn.o
                0x20000504                amplifier_10
 .bss.amplifier_20
                0x20000508        0x4 ./Core/Src/hardwareIn.o
                0x20000508                amplifier_20
 .bss.groundSensor_0
                0x2000050c        0x4 ./Core/Src/hardwareIn.o
                0x2000050c                groundSensor_0
 .bss.curveSensor_0
                0x20000510        0x4 ./Core/Src/hardwareIn.o
                0x20000510                curveSensor_0
 .bss.dateCalib_0
                0x20000514        0xa ./Core/Src/hardwareIn.o
                0x20000514                dateCalib_0
 *fill*         0x2000051e        0x2 
 .bss.nameSensor_1
                0x20000520       0x14 ./Core/Src/hardwareIn.o
                0x20000520                nameSensor_1
 .bss.idSensor_1
                0x20000534        0x4 ./Core/Src/hardwareIn.o
                0x20000534                idSensor_1
 .bss.rangeSensor_1
                0x20000538        0x4 ./Core/Src/hardwareIn.o
                0x20000538                rangeSensor_1
 .bss.amplifier_11
                0x2000053c        0x4 ./Core/Src/hardwareIn.o
                0x2000053c                amplifier_11
 .bss.amplifier_21
                0x20000540        0x4 ./Core/Src/hardwareIn.o
                0x20000540                amplifier_21
 .bss.groundSensor_1
                0x20000544        0x4 ./Core/Src/hardwareIn.o
                0x20000544                groundSensor_1
 .bss.curveSensor_1
                0x20000548        0x4 ./Core/Src/hardwareIn.o
                0x20000548                curveSensor_1
 .bss.dateCalib_1
                0x2000054c        0xa ./Core/Src/hardwareIn.o
                0x2000054c                dateCalib_1
 .bss.stateEEPROM
                0x20000556        0x1 ./Core/Src/hardwareIn.o
                0x20000556                stateEEPROM
 .bss.gpsBus    0x20000557        0x1 ./Core/Src/hardwareIn.o
                0x20000557                gpsBus
 .bss.loraBus   0x20000558        0x1 ./Core/Src/hardwareIn.o
                0x20000558                loraBus
 *fill*         0x20000559        0x3 
 .bss.warningHardware
                0x2000055c        0x8 ./Core/Src/hardwareIn.o
                0x2000055c                warningHardware
 .bss.errorHardware
                0x20000564        0x8 ./Core/Src/hardwareIn.o
                0x20000564                errorHardware
 .bss.limitGpsAvailable
                0x2000056c        0x2 ./Core/Src/hardwareOut.o
                0x2000056c                limitGpsAvailable
 .bss.resetHwLora
                0x2000056e        0x2 ./Core/Src/hardwareOut.o
                0x2000056e                resetHwLora
 .bss.limitUartGps
                0x20000570        0x2 ./Core/Src/hardwareOut.o
                0x20000570                limitUartGps
 .bss.stateLed  0x20000572        0x1 ./Core/Src/hardwareOut.o
                0x20000572                stateLed
 *fill*         0x20000573        0x1 
 .bss.countLedOut
                0x20000574        0x2 ./Core/Src/hardwareOut.o
                0x20000574                countLedOut
 .bss.limitLed  0x20000576        0x2 ./Core/Src/hardwareOut.o
                0x20000576                limitLed
 .bss.flagLedOn
                0x20000578        0x1 ./Core/Src/hardwareOut.o
                0x20000578                flagLedOn
 .bss.flagLedOff
                0x20000579        0x1 ./Core/Src/hardwareOut.o
                0x20000579                flagLedOff
 .bss.flagLedFreq
                0x2000057a        0x1 ./Core/Src/hardwareOut.o
                0x2000057a                flagLedFreq
 .bss.flagSaveEeprom
                0x2000057b        0x1 ./Core/Src/hardwareOut.o
                0x2000057b                flagSaveEeprom
 .bss.stateEepromOut
                0x2000057c        0x1 ./Core/Src/hardwareOut.o
                0x2000057c                stateEepromOut
 *fill*         0x2000057d        0x3 
 .bss.limitGpsLink
                0x20000580        0x4 ./Core/Src/linkIn.o
                0x20000580                limitGpsLink
 .bss.countEnableDisplay
                0x20000584        0x4 ./Core/Src/linkIn.o
                0x20000584                countEnableDisplay
 .bss.limitEnableDisplay
                0x20000588        0x4 ./Core/Src/linkIn.o
                0x20000588                limitEnableDisplay
 .bss.stateEnableDisplay
                0x2000058c        0x1 ./Core/Src/linkIn.o
                0x2000058c                stateEnableDisplay
 .bss.alpha_A1_PPM
                0x2000058d        0x1 ./Core/Src/linkIn.o
                0x2000058d                alpha_A1_PPM
 .bss.tempApp   0x2000058e        0x2 ./Core/Src/linkIn.o
                0x2000058e                tempApp
 .bss.humApp    0x20000590        0x2 ./Core/Src/linkIn.o
                0x20000590                humApp
 .bss.stateCalibration
                0x20000592        0x1 ./Core/Src/linkIn.o
                0x20000592                stateCalibration
 *fill*         0x20000593        0x1 
 .bss.countCalibration
                0x20000594        0x4 ./Core/Src/linkIn.o
                0x20000594                countCalibration
 .bss.limitCalibration
                0x20000598        0x4 ./Core/Src/linkIn.o
                0x20000598                limitCalibration
 .bss.enableSensors
                0x2000059c        0x1 ./Core/Src/linkIn.o
                0x2000059c                enableSensors
 .bss.flagAlarm_PPM
                0x2000059d        0x1 ./Core/Src/linkIn.o
                0x2000059d                flagAlarm_PPM
 .bss.stateBattery
                0x2000059e        0x1 ./Core/Src/linkIn.o
                0x2000059e                stateBattery
 *fill*         0x2000059f        0x1 
 .bss.batScaled
                0x200005a0        0x4 ./Core/Src/linkIn.o
                0x200005a0                batScaled
 .bss.limitBat  0x200005a4        0x2 ./Core/Src/linkIn.o
                0x200005a4                limitBat
 .bss.countBat  0x200005a6        0x2 ./Core/Src/linkIn.o
                0x200005a6                countBat
 .bss.sysReset  0x200005a8        0xc ./Core/Src/loraApp.o
                0x200005a8                sysReset
 .bss.radioSetMod
                0x200005b4        0xc ./Core/Src/loraApp.o
                0x200005b4                radioSetMod
 .bss.radioSetSf
                0x200005c0        0xc ./Core/Src/loraApp.o
                0x200005c0                radioSetSf
 .bss.radioSetBw
                0x200005cc        0xc ./Core/Src/loraApp.o
                0x200005cc                radioSetBw
 .bss.radioSetPwr
                0x200005d8        0xc ./Core/Src/loraApp.o
                0x200005d8                radioSetPwr
 .bss.macSetDeveui
                0x200005e4        0xc ./Core/Src/loraApp.o
                0x200005e4                macSetDeveui
 .bss.macSetDevAddr
                0x200005f0        0xc ./Core/Src/loraApp.o
                0x200005f0                macSetDevAddr
 .bss.macSetNwkskey
                0x200005fc        0xc ./Core/Src/loraApp.o
                0x200005fc                macSetNwkskey
 .bss.macSetAppskey
                0x20000608        0xc ./Core/Src/loraApp.o
                0x20000608                macSetAppskey
 .bss.macJoinOtaa
                0x20000614        0xc ./Core/Src/loraApp.o
                0x20000614                macJoinOtaa
 .bss.macJoinAbp
                0x20000620        0xc ./Core/Src/loraApp.o
                0x20000620                macJoinAbp
 .bss.macSetSync
                0x2000062c        0xc ./Core/Src/loraApp.o
                0x2000062c                macSetSync
 .bss.macSave   0x20000638        0xc ./Core/Src/loraApp.o
                0x20000638                macSave
 .bss.macTxData
                0x20000644        0xc ./Core/Src/loraApp.o
                0x20000644                macTxData
 .bss.macTxGps  0x20000650        0xc ./Core/Src/loraApp.o
                0x20000650                macTxGps
 .bss.macTxSys  0x2000065c        0xc ./Core/Src/loraApp.o
                0x2000065c                macTxSys
 .bss.macSetCh8
                0x20000668        0xc ./Core/Src/loraApp.o
                0x20000668                macSetCh8
 .bss.macSetCh9
                0x20000674        0xc ./Core/Src/loraApp.o
                0x20000674                macSetCh9
 .bss.macSetCh10
                0x20000680        0xc ./Core/Src/loraApp.o
                0x20000680                macSetCh10
 .bss.hadc1     0x2000068c       0x68 ./Core/Src/main.o
                0x2000068c                hadc1
 .bss.hdma_adc1
                0x200006f4       0x48 ./Core/Src/main.o
                0x200006f4                hdma_adc1
 .bss.hi2c1     0x2000073c       0x54 ./Core/Src/main.o
                0x2000073c                hi2c1
 .bss.hdma_i2c1_rx
                0x20000790       0x48 ./Core/Src/main.o
                0x20000790                hdma_i2c1_rx
 .bss.hdma_i2c1_tx
                0x200007d8       0x48 ./Core/Src/main.o
                0x200007d8                hdma_i2c1_tx
 .bss.huart4    0x20000820       0x88 ./Core/Src/main.o
                0x20000820                huart4
 .bss.huart5    0x200008a8       0x88 ./Core/Src/main.o
                0x200008a8                huart5
 .bss.hdma_uart4_rx
                0x20000930       0x48 ./Core/Src/main.o
                0x20000930                hdma_uart4_rx
 .bss.hdma_uart4_tx
                0x20000978       0x48 ./Core/Src/main.o
                0x20000978                hdma_uart4_tx
 .bss.hdma_uart5_rx
                0x200009c0       0x48 ./Core/Src/main.o
                0x200009c0                hdma_uart5_rx
 .bss.hdma_uart5_tx
                0x20000a08       0x48 ./Core/Src/main.o
                0x20000a08                hdma_uart5_tx
 .bss.htim6     0x20000a50       0x4c ./Core/Src/main.o
                0x20000a50                htim6
 .bss.hiwdg     0x20000a9c       0x10 ./Core/Src/main.o
                0x20000a9c                hiwdg
 .bss.flagBoton
                0x20000aac        0x1 ./Core/Src/main.o
                0x20000aac                flagBoton
 *fill*         0x20000aad        0x3 
 .bss.gpsInput  0x20000ab0       0x58 ./Core/Src/main.o
                0x20000ab0                gpsInput
 .bss.gpsIn     0x20000b08       0x40 ./Core/Src/main.o
                0x20000b08                gpsIn
 .bss.rxGps     0x20000b48        0x2 ./Core/Src/main.o
                0x20000b48                rxGps
 *fill*         0x20000b4a        0x2 
 .bss.rxLora    0x20000b4c        0x1 ./Core/Src/main.o
                0x20000b4c                rxLora
 *fill*         0x20000b4d        0x3 
 .bss.loraIn    0x20000b50       0x40 ./Core/Src/main.o
                0x20000b50                loraIn
 .bss.loraInput
                0x20000b90       0x40 ./Core/Src/main.o
                0x20000b90                loraInput
 .bss.loraCheck
                0x20000bd0       0x14 ./Core/Src/main.o
                0x20000bd0                loraCheck
 .bss.loraDecision
                0x20000be4        0x7 ./Core/Src/main.o
                0x20000be4                loraDecision
 *fill*         0x20000beb        0x1 
 .bss.setupRN2903
                0x20000bec      0x194 ./Core/Src/main.o
                0x20000bec                setupRN2903
 .bss.chSetRN2903
                0x20000d80      0x194 ./Core/Src/main.o
                0x20000d80                chSetRN2903
 .bss.loopRN2903
                0x20000f14      0x194 ./Core/Src/main.o
                0x20000f14                loopRN2903
 .bss.bufferLoraIn
                0x200010a8       0x32 ./Core/Src/main.o
                0x200010a8                bufferLoraIn
 *fill*         0x200010da        0x2 
 .bss.loraTimeWd
                0x200010dc        0xc ./Core/Src/main.o
                0x200010dc                loraTimeWd