../Core/Src/linkIn.cpp:132:6:void linkInput()	8	static
../Core/Src/linkIn.cpp:156:6:void linkBattery()	4	static
../Core/Src/linkIn.cpp:281:6:void linkInLora()	8	static
../Core/Src/linkIn.cpp:367:6:void linkInGps()	8	static
../Core/Src/linkIn.cpp:499:6:void linkBoton()	8	static
../Core/Src/linkIn.cpp:556:10:uint16_t adc2PPM(uint16_t, uint8_t)	24	static
../Core/Src/linkIn.cpp:625:6:void linkAnalog()	8	static
../Core/Src/linkIn.cpp:733:1:void __static_initialization_and_destruction_0(int, int)	16	static
../Core/Src/linkIn.cpp:733:1:cpp)	8	static
