../Core/Inc/fifoUart.h:18:7:fifoCommands::fifoCommands()	16	static
../Core/Src/main.cpp:220:5:int main()	8	static
../Core/Src/main.cpp:331:6:void SystemClock_Config()	96	static
../Core/Src/main.cpp:375:6:void MX_IWDG_Init()	8	static
../Core/Src/main.cpp:401:13:void MX_ADC1_Init()	48	static
../Core/Src/main.cpp:485:13:void MX_I2C1_Init()	8	static
../Core/Src/main.cpp:532:13:void MX_TIM6_Init()	24	static
../Core/Src/main.cpp:570:13:void MX_UART4_Init()	8	static
../Core/Src/main.cpp:605:13:void MX_UART5_Init()	8	static
../Core/Src/main.cpp:638:13:void MX_DMA_Init()	16	static
../Core/Src/main.cpp:675:13:void MX_GPIO_Init()	56	static
../Core/Src/main.cpp:742:6:void HAL_ADC_ConvCpltCallback(ADC_HandleTypeDef*)	16	static
../Core/Src/main.cpp:752:6:void HAL_UART_RxCpltCallback(UART_HandleTypeDef*)	16	static
../Core/Src/main.cpp:774:6:void HAL_TIM_PeriodElapsedCallback(TIM_HandleTypeDef*)	16	static
../Core/Src/main.cpp:784:6:void HAL_I2C_MasterTxCpltCallback(I2C_HandleTypeDef*)	16	static
../Core/Src/main.cpp:789:6:void HAL_I2C_MasterRxCpltCallback(I2C_HandleTypeDef*)	16	static
../Core/Src/main.cpp:800:6:void Error_Handler()	4	static,ignoring_inline_asm
../Core/Src/main.cpp:809:1:void __static_initialization_and_destruction_0(int, int)	16	static
../Core/Src/main.cpp:809:1:cpp)	8	static
