../Core/Inc/fifoUart.h:18:7:fifoCommands::fifoCommands()	16	static
../Core/Src/main.cpp:220:5:int main()	8	static
../Core/Src/main.cpp:329:6:void SystemClock_Config()	96	static
../Core/Src/main.cpp:373:6:void MX_IWDG_Init()	8	static
../Core/Src/main.cpp:399:13:void MX_ADC1_Init()	48	static
../Core/Src/main.cpp:483:13:void MX_I2C1_Init()	8	static
../Core/Src/main.cpp:530:13:void MX_TIM6_Init()	24	static
../Core/Src/main.cpp:568:13:void MX_UART4_Init()	8	static
../Core/Src/main.cpp:603:13:void MX_UART5_Init()	8	static
../Core/Src/main.cpp:636:13:void MX_DMA_Init()	16	static
../Core/Src/main.cpp:673:13:void MX_GPIO_Init()	56	static
../Core/Src/main.cpp:740:6:void HAL_ADC_ConvCpltCallback(ADC_HandleTypeDef*)	16	static
../Core/Src/main.cpp:750:6:void HAL_UART_RxCpltCallback(UART_HandleTypeDef*)	16	static
../Core/Src/main.cpp:772:6:void HAL_TIM_PeriodElapsedCallback(TIM_HandleTypeDef*)	16	static
../Core/Src/main.cpp:782:6:void HAL_I2C_MasterTxCpltCallback(I2C_HandleTypeDef*)	16	static
../Core/Src/main.cpp:787:6:void HAL_I2C_MasterRxCpltCallback(I2C_HandleTypeDef*)	16	static
../Core/Src/main.cpp:798:6:void Error_Handler()	4	static,ignoring_inline_asm
../Core/Src/main.cpp:807:1:void __static_initialization_and_destruction_0(int, int)	16	static
../Core/Src/main.cpp:807:1:cpp)	8	static
