../Core/Src/hardwareIn.cpp:214:6:void hwInput()	8	static
../Core/Src/hardwareIn.cpp:235:6:void hwLoraIn()	8	static
../Core/Src/hardwareIn.cpp:253:6:void hwAds1115()	8	static
../Core/Src/hardwareIn.cpp:378:6:void hwSht31()	8	static
../Core/Src/hardwareIn.cpp:526:6:void hwBoton()	8	static
../Core/Src/hardwareIn.cpp:598:6:void hwGpsIn()	8	static
../Core/Src/hardwareIn.cpp:619:6:void hwAnalog()	8	static
../Core/Src/hardwareIn.cpp:710:6:void hwEEPROM()	16	static
../Core/Src/hardwareIn.cpp:827:1:void __static_initialization_and_destruction_0(int, int)	16	static
../Core/Src/hardwareIn.cpp:827:1:cpp)	8	static
