../Core/Src/main.cpp:157:5:int main()	8	static
../Core/Src/main.cpp:241:6:void SystemClock_Config()	96	static
../Core/Src/main.cpp:285:6:void MX_IWDG_Init()	8	static
../Core/Src/main.cpp:311:13:void MX_ADC1_Init()	48	static
../Core/Src/main.cpp:395:13:void MX_I2C1_Init()	8	static
../Core/Src/main.cpp:442:13:void MX_TIM6_Init()	24	static
../Core/Src/main.cpp:480:13:void MX_UART4_Init()	8	static
../Core/Src/main.cpp:515:13:void MX_UART5_Init()	8	static
../Core/Src/main.cpp:548:13:void MX_DMA_Init()	16	static
../Core/Src/main.cpp:585:13:void MX_GPIO_Init()	56	static
../Core/Src/main.cpp:652:6:void HAL_ADC_ConvCpltCallback(ADC_HandleTypeDef*)	16	static
../Core/Src/main.cpp:662:6:void HAL_UART_RxCpltCallback(UART_HandleTypeDef*)	16	static
../Core/Src/main.cpp:684:6:void HAL_TIM_PeriodElapsedCallback(TIM_HandleTypeDef*)	16	static
../Core/Src/main.cpp:694:6:void HAL_I2C_MasterTxCpltCallback(I2C_HandleTypeDef*)	16	static
../Core/Src/main.cpp:699:6:void HAL_I2C_MasterRxCpltCallback(I2C_HandleTypeDef*)	16	static
../Core/Src/main.cpp:710:6:void Error_Handler()	4	static,ignoring_inline_asm
