06:07:31 **** Incremental Build of configuration Debug for project Calibracion ****
make -j8 all 
arm-none-eabi-g++ "../Core/Src/hardwareOut.cpp" -mcpu=cortex-m4 -std=gnu++14 -g3 -DDEBUG -DUSE_HAL_DRIVER -DSTM32L496xx -c -I../Core/Inc -I../Drivers/STM32L4xx_HAL_Driver/Inc -I../Drivers/STM32L4xx_HAL_Driver/Inc/Legacy -I../Drivers/CMSIS/Device/ST/STM32L4xx/Include -I../Drivers/CMSIS/Include -O0 -ffunction-sections -fdata-sections -fno-exceptions -fno-rtti -fno-use-cxa-atexit -Wall -fstack-usage -fcyclomatic-complexity -MMD -MP -MF"Core/Src/hardwareOut.d" -MT"Core/Src/hardwareOut.o" --specs=nano.specs -mfpu=fpv4-sp-d16 -mfloat-abi=hard -mthumb -o "Core/Src/hardwareOut.o"
arm-none-eabi-g++ -o "Calibracion.elf" @"objects.list"   -mcpu=cortex-m4 -T"D:\Krea Mining\MAC2\src\Calibracion\STM32L496VGTX_FLASH.ld" --specs=nosys.specs -Wl,-Map="Calibracion.map" -Wl,--gc-sections -static --specs=nano.specs -mfpu=fpv4-sp-d16 -mfloat-abi=hard -mthumb -Wl,--start-group -lc -lm -lstdc++ -lsupc++ -Wl,--end-group
D:/ST/STM32CubeIDE_1.15.0/STM32CubeIDE/plugins/com.st.stm32cube.ide.mcu.externaltools.gnu-tools-for-stm32.12.3.rel1.win32_1.0.100.202403111256/tools/bin/../lib/gcc/arm-none-eabi/12.3.1/../../../../arm-none-eabi/bin/ld.exe: warning: Calibracion.elf has a LOAD segment with RWX permissions
Finished building target: Calibracion.elf
 
arm-none-eabi-size  Calibracion.elf 
arm-none-eabi-objdump -h -S Calibracion.elf  > "Calibracion.list"
   text	   data	    bss	    dec	    hex	filename
  54780	   1124	   5192	  61096	   eea8	Calibracion.elf
Finished building: default.size.stdout
 
Finished building: Calibracion.list
 

06:07:33 Build Finished. 0 errors, 1 warnings. (took 1s.979ms)

