11:17:57 **** Incremental Build of configuration Debug for project KM3000_V1R0_A0.0 ****
make -j8 all 
arm-none-eabi-size  KM3000_V1R0_A0.0.elf 
   text	   data	    bss	    dec	    hex	filename
  50696	    872	   3832	  55400	   d868	KM3000_V1R0_A0.0.elf
Finished building: default.size.stdout
 
11:18:08 **** Incremental Build of configuration Debug for project KM3000_V1R0_A0.0 ****
make -j8 all 
arm-none-eabi-size  KM3000_V1R0_A0.0.elf 
   text	   data	    bss	    dec	    hex	filename
  50696	    872	   3832	  55400	   d868	KM3000_V1R0_A0.0.elf
Finished building: default.size.stdout
 
11:19:52 **** Incremental Build of configuration Debug for project KM3000_V1R0_A0.0 ****
make -j8 all 
arm-none-eabi-g++ "../Core/Src/main.cpp" -mcpu=cortex-m4 -std=gnu++14 -g3 -DDEBUG -DUSE_HAL_DRIVER -DSTM32L496xx -c -I../Core/Inc -I../Drivers/STM32L4xx_HAL_Driver/Inc -I../Drivers/STM32L4xx_HAL_Driver/Inc/Legacy -I../Drivers/CMSIS/Device/ST/STM32L4xx/Include -I../Drivers/CMSIS/Include -O0 -ffunction-sections -fdata-sections -fno-exceptions -fno-rtti -fno-use-cxa-atexit -Wall -fstack-usage -fcyclomatic-complexity -MMD -MP -MF"Core/Src/main.d" -MT"Core/Src/main.o" --specs=nano.specs -mfpu=fpv4-sp-d16 -mfloat-abi=hard -mthumb -o "Core/Src/main.o"
arm-none-eabi-g++ -o "KM3000_V1R0_A0.0.elf" @"objects.list"   -mcpu=cortex-m4 -T"D:\Krea Mining\MAC2\src\KM3000_V1R0_A0.0\STM32L496VGTX_FLASH.ld" --specs=nosys.specs -Wl,-Map="KM3000_V1R0_A0.0.map" -Wl,--gc-sections -static --specs=nano.specs -mfpu=fpv4-sp-d16 -mfloat-abi=hard -mthumb -Wl,--start-group -lc -lm -lstdc++ -lsupc++ -Wl,--end-group
D:/ST/STM32CubeIDE_1.15.0/STM32CubeIDE/plugins/com.st.stm32cube.ide.mcu.externaltools.gnu-tools-for-stm32.12.3.rel1.win32_1.0.100.202403111256/tools/bin/../lib/gcc/arm-none-eabi/12.3.1/../../../../arm-none-eabi/bin/ld.exe: warning: KM3000_V1R0_A0.0.elf has a LOAD segment with RWX permissions
Finished building target: KM3000_V1R0_A0.0.elf
 
arm-none-eabi-size  KM3000_V1R0_A0.0.elf 
arm-none-eabi-objdump -h -S KM3000_V1R0_A0.0.elf  > "KM3000_V1R0_A0.0.list"
   text	   data	    bss	    dec	    hex	filename
  50684	    872	   3832	  55388	   d85c	KM3000_V1R0_A0.0.elf
Finished building: default.size.stdout
 
Finished building: KM3000_V1R0_A0.0.list
 
11:20:59 **** Incremental Build of configuration Debug for project KM3000_V1R0_A0.0 ****
make -j8 all 
arm-none-eabi-g++ "../Core/Src/hardwareOut.cpp" -mcpu=cortex-m4 -std=gnu++14 -g3 -DDEBUG -DUSE_HAL_DRIVER -DSTM32L496xx -c -I../Core/Inc -I../Drivers/STM32L4xx_HAL_Driver/Inc -I../Drivers/STM32L4xx_HAL_Driver/Inc/Legacy -I../Drivers/CMSIS/Device/ST/STM32L4xx/Include -I../Drivers/CMSIS/Include -O0 -ffunction-sections -fdata-sections -fno-exceptions -fno-rtti -fno-use-cxa-atexit -Wall -fstack-usage -fcyclomatic-complexity -MMD -MP -MF"Core/Src/hardwareOut.d" -MT"Core/Src/hardwareOut.o" --specs=nano.specs -mfpu=fpv4-sp-d16 -mfloat-abi=hard -mthumb -o "Core/Src/hardwareOut.o"
arm-none-eabi-g++ "../Core/Src/main.cpp" -mcpu=cortex-m4 -std=gnu++14 -g3 -DDEBUG -DUSE_HAL_DRIVER -DSTM32L496xx -c -I../Core/Inc -I../Drivers/STM32L4xx_HAL_Driver/Inc -I../Drivers/STM32L4xx_HAL_Driver/Inc/Legacy -I../Drivers/CMSIS/Device/ST/STM32L4xx/Include -I../Drivers/CMSIS/Include -O0 -ffunction-sections -fdata-sections -fno-exceptions -fno-rtti -fno-use-cxa-atexit -Wall -fstack-usage -fcyclomatic-complexity -MMD -MP -MF"Core/Src/main.d" -MT"Core/Src/main.o" --specs=nano.specs -mfpu=fpv4-sp-d16 -mfloat-abi=hard -mthumb -o "Core/Src/main.o"
arm-none-eabi-g++ -o "KM3000_V1R0_A0.0.elf" @"objects.list"   -mcpu=cortex-m4 -T"D:\Krea Mining\MAC2\src\KM3000_V1R0_A0.0\STM32L496VGTX_FLASH.ld" --specs=nosys.specs -Wl,-Map="KM3000_V1R0_A0.0.map" -Wl,--gc-sections -static --specs=nano.specs -mfpu=fpv4-sp-d16 -mfloat-abi=hard -mthumb -Wl,--start-group -lc -lm -lstdc++ -lsupc++ -Wl,--end-group
D:/ST/STM32CubeIDE_1.15.0/STM32CubeIDE/plugins/com.st.stm32cube.ide.mcu.externaltools.gnu-tools-for-stm32.12.3.rel1.win32_1.0.100.202403111256/tools/bin/../lib/gcc/arm-none-eabi/12.3.1/../../../../arm-none-eabi/bin/ld.exe: warning: KM3000_V1R0_A0.0.elf has a LOAD segment with RWX permissions
Finished building target: KM3000_V1R0_A0.0.elf
 
arm-none-eabi-size  KM3000_V1R0_A0.0.elf 
arm-none-eabi-objdump -h -S KM3000_V1R0_A0.0.elf  > "KM3000_V1R0_A0.0.list"
   text	   data	    bss	    dec	    hex	filename
  50684	    872	   3832	  55388	   d85c	KM3000_V1R0_A0.0.elf
Finished building: default.size.stdout
 
Finished building: KM3000_V1R0_A0.0.list
 
11:22:09 **** Incremental Build of configuration Debug for project KM3000_V1R0_A0.0 ****
make -j8 all 
arm-none-eabi-g++ "../Core/Src/hardwareIn.cpp" -mcpu=cortex-m4 -std=gnu++14 -g3 -DDEBUG -DUSE_HAL_DRIVER -DSTM32L496xx -c -I../Core/Inc -I../Drivers/STM32L4xx_HAL_Driver/Inc -I../Drivers/STM32L4xx_HAL_Driver/Inc/Legacy -I../Drivers/CMSIS/Device/ST/STM32L4xx/Include -I../Drivers/CMSIS/Include -O0 -ffunction-sections -fdata-sections -fno-exceptions -fno-rtti -fno-use-cxa-atexit -Wall -fstack-usage -fcyclomatic-complexity -MMD -MP -MF"Core/Src/hardwareIn.d" -MT"Core/Src/hardwareIn.o" --specs=nano.specs -mfpu=fpv4-sp-d16 -mfloat-abi=hard -mthumb -o "Core/Src/hardwareIn.o"
arm-none-eabi-g++ -o "KM3000_V1R0_A0.0.elf" @"objects.list"   -mcpu=cortex-m4 -T"D:\Krea Mining\MAC2\src\KM3000_V1R0_A0.0\STM32L496VGTX_FLASH.ld" --specs=nosys.specs -Wl,-Map="KM3000_V1R0_A0.0.map" -Wl,--gc-sections -static --specs=nano.specs -mfpu=fpv4-sp-d16 -mfloat-abi=hard -mthumb -Wl,--start-group -lc -lm -lstdc++ -lsupc++ -Wl,--end-group
D:/ST/STM32CubeIDE_1.15.0/STM32CubeIDE/plugins/com.st.stm32cube.ide.mcu.externaltools.gnu-tools-for-stm32.12.3.rel1.win32_1.0.100.202403111256/tools/bin/../lib/gcc/arm-none-eabi/12.3.1/../../../../arm-none-eabi/bin/ld.exe: warning: KM3000_V1R0_A0.0.elf has a LOAD segment with RWX permissions
Finished building target: KM3000_V1R0_A0.0.elf
 
arm-none-eabi-size  KM3000_V1R0_A0.0.elf 
arm-none-eabi-objdump -h -S KM3000_V1R0_A0.0.elf  > "KM3000_V1R0_A0.0.list"
   text	   data	    bss	    dec	    hex	filename
  50520	    872	   3832	  55224	   d7b8	KM3000_V1R0_A0.0.elf
Finished building: default.size.stdout
 
Finished building: KM3000_V1R0_A0.0.list
 
11:24:39 **** Incremental Build of configuration Debug for project KM3000_V1R0_A0.0 ****
make -j8 all 
arm-none-eabi-g++ "../Core/Src/main.cpp" -mcpu=cortex-m4 -std=gnu++14 -g3 -DDEBUG -DUSE_HAL_DRIVER -DSTM32L496xx -c -I../Core/Inc -I../Drivers/STM32L4xx_HAL_Driver/Inc -I../Drivers/STM32L4xx_HAL_Driver/Inc/Legacy -I../Drivers/CMSIS/Device/ST/STM32L4xx/Include -I../Drivers/CMSIS/Include -O0 -ffunction-sections -fdata-sections -fno-exceptions -fno-rtti -fno-use-cxa-atexit -Wall -fstack-usage -fcyclomatic-complexity -MMD -MP -MF"Core/Src/main.d" -MT"Core/Src/main.o" --specs=nano.specs -mfpu=fpv4-sp-d16 -mfloat-abi=hard -mthumb -o "Core/Src/main.o"
arm-none-eabi-g++ -o "KM3000_V1R0_A0.0.elf" @"objects.list"   -mcpu=cortex-m4 -T"D:\Krea Mining\MAC2\src\KM3000_V1R0_A0.0\STM32L496VGTX_FLASH.ld" --specs=nosys.specs -Wl,-Map="KM3000_V1R0_A0.0.map" -Wl,--gc-sections -static --specs=nano.specs -mfpu=fpv4-sp-d16 -mfloat-abi=hard -mthumb -Wl,--start-group -lc -lm -lstdc++ -lsupc++ -Wl,--end-group
D:/ST/STM32CubeIDE_1.15.0/STM32CubeIDE/plugins/com.st.stm32cube.ide.mcu.externaltools.gnu-tools-for-stm32.12.3.rel1.win32_1.0.100.202403111256/tools/bin/../lib/gcc/arm-none-eabi/12.3.1/../../../../arm-none-eabi/bin/ld.exe: warning: KM3000_V1R0_A0.0.elf has a LOAD segment with RWX permissions
Finished building target: KM3000_V1R0_A0.0.elf
 
arm-none-eabi-size  KM3000_V1R0_A0.0.elf 
arm-none-eabi-objdump -h -S KM3000_V1R0_A0.0.elf  > "KM3000_V1R0_A0.0.list"
   text	   data	    bss	    dec	    hex	filename
  50532	    872	   3832	  55236	   d7c4	KM3000_V1R0_A0.0.elf
Finished building: default.size.stdout
 
Finished building: KM3000_V1R0_A0.0.list
 
11:25:42 **** Incremental Build of configuration Debug for project KM3000_V1R0_A0.0 ****
make -j8 all 
arm-none-eabi-g++ "../Core/Src/hardwareOut.cpp" -mcpu=cortex-m4 -std=gnu++14 -g3 -DDEBUG -DUSE_HAL_DRIVER -DSTM32L496xx -c -I../Core/Inc -I../Drivers/STM32L4xx_HAL_Driver/Inc -I../Drivers/STM32L4xx_HAL_Driver/Inc/Legacy -I../Drivers/CMSIS/Device/ST/STM32L4xx/Include -I../Drivers/CMSIS/Include -O0 -ffunction-sections -fdata-sections -fno-exceptions -fno-rtti -fno-use-cxa-atexit -Wall -fstack-usage -fcyclomatic-complexity -MMD -MP -MF"Core/Src/hardwareOut.d" -MT"Core/Src/hardwareOut.o" --specs=nano.specs -mfpu=fpv4-sp-d16 -mfloat-abi=hard -mthumb -o "Core/Src/hardwareOut.o"
arm-none-eabi-g++ "../Core/Src/main.cpp" -mcpu=cortex-m4 -std=gnu++14 -g3 -DDEBUG -DUSE_HAL_DRIVER -DSTM32L496xx -c -I../Core/Inc -I../Drivers/STM32L4xx_HAL_Driver/Inc -I../Drivers/STM32L4xx_HAL_Driver/Inc/Legacy -I../Drivers/CMSIS/Device/ST/STM32L4xx/Include -I../Drivers/CMSIS/Include -O0 -ffunction-sections -fdata-sections -fno-exceptions -fno-rtti -fno-use-cxa-atexit -Wall -fstack-usage -fcyclomatic-complexity -MMD -MP -MF"Core/Src/main.d" -MT"Core/Src/main.o" --specs=nano.specs -mfpu=fpv4-sp-d16 -mfloat-abi=hard -mthumb -o "Core/Src/main.o"
arm-none-eabi-g++ -o "KM3000_V1R0_A0.0.elf" @"objects.list"   -mcpu=cortex-m4 -T"D:\Krea Mining\MAC2\src\KM3000_V1R0_A0.0\STM32L496VGTX_FLASH.ld" --specs=nosys.specs -Wl,-Map="KM3000_V1R0_A0.0.map" -Wl,--gc-sections -static --specs=nano.specs -mfpu=fpv4-sp-d16 -mfloat-abi=hard -mthumb -Wl,--start-group -lc -lm -lstdc++ -lsupc++ -Wl,--end-group
D:/ST/STM32CubeIDE_1.15.0/STM32CubeIDE/plugins/com.st.stm32cube.ide.mcu.externaltools.gnu-tools-for-stm32.12.3.rel1.win32_1.0.100.202403111256/tools/bin/../lib/gcc/arm-none-eabi/12.3.1/../../../../arm-none-eabi/bin/ld.exe: warning: KM3000_V1R0_A0.0.elf has a LOAD segment with RWX permissions
Finished building target: KM3000_V1R0_A0.0.elf
 
arm-none-eabi-size  KM3000_V1R0_A0.0.elf 
arm-none-eabi-objdump -h -S KM3000_V1R0_A0.0.elf  > "KM3000_V1R0_A0.0.list"
   text	   data	    bss	    dec	    hex	filename
  50532	    872	   3832	  55236	   d7c4	KM3000_V1R0_A0.0.elf
Finished building: default.size.stdout
 
Finished building: KM3000_V1R0_A0.0.list
 
11:26:47 **** Incremental Build of configuration Debug for project KM3000_V1R0_A0.0 ****
make -j8 all 
arm-none-eabi-g++ "../Core/Src/main.cpp" -mcpu=cortex-m4 -std=gnu++14 -g3 -DDEBUG -DUSE_HAL_DRIVER -DSTM32L496xx -c -I../Core/Inc -I../Drivers/STM32L4xx_HAL_Driver/Inc -I../Drivers/STM32L4xx_HAL_Driver/Inc/Legacy -I../Drivers/CMSIS/Device/ST/STM32L4xx/Include -I../Drivers/CMSIS/Include -O0 -ffunction-sections -fdata-sections -fno-exceptions -fno-rtti -fno-use-cxa-atexit -Wall -fstack-usage -fcyclomatic-complexity -MMD -MP -MF"Core/Src/main.d" -MT"Core/Src/main.o" --specs=nano.specs -mfpu=fpv4-sp-d16 -mfloat-abi=hard -mthumb -o "Core/Src/main.o"
arm-none-eabi-g++ -o "KM3000_V1R0_A0.0.elf" @"objects.list"   -mcpu=cortex-m4 -T"D:\Krea Mining\MAC2\src\KM3000_V1R0_A0.0\STM32L496VGTX_FLASH.ld" --specs=nosys.specs -Wl,-Map="KM3000_V1R0_A0.0.map" -Wl,--gc-sections -static --specs=nano.specs -mfpu=fpv4-sp-d16 -mfloat-abi=hard -mthumb -Wl,--start-group -lc -lm -lstdc++ -lsupc++ -Wl,--end-group
D:/ST/STM32CubeIDE_1.15.0/STM32CubeIDE/plugins/com.st.stm32cube.ide.mcu.externaltools.gnu-tools-for-stm32.12.3.rel1.win32_1.0.100.202403111256/tools/bin/../lib/gcc/arm-none-eabi/12.3.1/../../../../arm-none-eabi/bin/ld.exe: warning: KM3000_V1R0_A0.0.elf has a LOAD segment with RWX permissions
Finished building target: KM3000_V1R0_A0.0.elf
 
arm-none-eabi-size  KM3000_V1R0_A0.0.elf 
arm-none-eabi-objdump -h -S KM3000_V1R0_A0.0.elf  > "KM3000_V1R0_A0.0.list"
   text	   data	    bss	    dec	    hex	filename
  50568	    872	   3832	  55272	   d7e8	KM3000_V1R0_A0.0.elf
Finished building: default.size.stdout
 
Finished building: KM3000_V1R0_A0.0.list
 
11:29:38 **** Incremental Build of configuration Debug for project KM3000_V1R0_A0.0 ****
make -j8 all 
arm-none-eabi-g++ "../Core/Src/main.cpp" -mcpu=cortex-m4 -std=gnu++14 -g3 -DDEBUG -DUSE_HAL_DRIVER -DSTM32L496xx -c -I../Core/Inc -I../Drivers/STM32L4xx_HAL_Driver/Inc -I../Drivers/STM32L4xx_HAL_Driver/Inc/Legacy -I../Drivers/CMSIS/Device/ST/STM32L4xx/Include -I../Drivers/CMSIS/Include -O0 -ffunction-sections -fdata-sections -fno-exceptions -fno-rtti -fno-use-cxa-atexit -Wall -fstack-usage -fcyclomatic-complexity -MMD -MP -MF"Core/Src/main.d" -MT"Core/Src/main.o" --specs=nano.specs -mfpu=fpv4-sp-d16 -mfloat-abi=hard -mthumb -o "Core/Src/main.o"
../Core/Src/main.cpp: In function 'void HAL_UART_RxCpltCallback(UART_HandleTypeDef*)':
../Core/Src/main.cpp:722:35: warning: comparison of integer expressions of different signedness: 'int' and 'unsigned int' [-Wsign-compare]
  722 |                 for (int l = 0; l < sizeof(rxLora); l++){
      |                                 ~~^~~~~~~~~~~~~~~~
arm-none-eabi-g++ -o "KM3000_V1R0_A0.0.elf" @"objects.list"   -mcpu=cortex-m4 -T"D:\Krea Mining\MAC2\src\KM3000_V1R0_A0.0\STM32L496VGTX_FLASH.ld" --specs=nosys.specs -Wl,-Map="KM3000_V1R0_A0.0.map" -Wl,--gc-sections -static --specs=nano.specs -mfpu=fpv4-sp-d16 -mfloat-abi=hard -mthumb -Wl,--start-group -lc -lm -lstdc++ -lsupc++ -Wl,--end-group
D:/ST/STM32CubeIDE_1.15.0/STM32CubeIDE/plugins/com.st.stm32cube.ide.mcu.externaltools.gnu-tools-for-stm32.12.3.rel1.win32_1.0.100.202403111256/tools/bin/../lib/gcc/arm-none-eabi/12.3.1/../../../../arm-none-eabi/bin/ld.exe: warning: KM3000_V1R0_A0.0.elf has a LOAD segment with RWX permissions
Finished building target: KM3000_V1R0_A0.0.elf
 
arm-none-eabi-size  KM3000_V1R0_A0.0.elf 
arm-none-eabi-objdump -h -S KM3000_V1R0_A0.0.elf  > "KM3000_V1R0_A0.0.list"
   text	   data	    bss	    dec	    hex	filename
  50544	    872	   3856	  55272	   d7e8	KM3000_V1R0_A0.0.elf
Finished building: default.size.stdout
 
Finished building: KM3000_V1R0_A0.0.list
 
11:30:18 **** Incremental Build of configuration Debug for project KM3000_V1R0_A0.0 ****
make -j8 all 
arm-none-eabi-g++ "../Core/Src/main.cpp" -mcpu=cortex-m4 -std=gnu++14 -g3 -DDEBUG -DUSE_HAL_DRIVER -DSTM32L496xx -c -I../Core/Inc -I../Drivers/STM32L4xx_HAL_Driver/Inc -I../Drivers/STM32L4xx_HAL_Driver/Inc/Legacy -I../Drivers/CMSIS/Device/ST/STM32L4xx/Include -I../Drivers/CMSIS/Include -O0 -ffunction-sections -fdata-sections -fno-exceptions -fno-rtti -fno-use-cxa-atexit -Wall -fstack-usage -fcyclomatic-complexity -MMD -MP -MF"Core/Src/main.d" -MT"Core/Src/main.o" --specs=nano.specs -mfpu=fpv4-sp-d16 -mfloat-abi=hard -mthumb -o "Core/Src/main.o"
../Core/Src/main.cpp: In function 'void HAL_UART_RxCpltCallback(UART_HandleTypeDef*)':
../Core/Src/main.cpp:723:31: warning: comparison of integer expressions of different signedness: 'int' and 'unsigned int' [-Wsign-compare]
  723 |                 for (l = 0; l < sizeof(rxLora); l++){
      |                             ~~^~~~~~~~~~~~~~~~
arm-none-eabi-g++ -o "KM3000_V1R0_A0.0.elf" @"objects.list"   -mcpu=cortex-m4 -T"D:\Krea Mining\MAC2\src\KM3000_V1R0_A0.0\STM32L496VGTX_FLASH.ld" --specs=nosys.specs -Wl,-Map="KM3000_V1R0_A0.0.map" -Wl,--gc-sections -static --specs=nano.specs -mfpu=fpv4-sp-d16 -mfloat-abi=hard -mthumb -Wl,--start-group -lc -lm -lstdc++ -lsupc++ -Wl,--end-group
D:/ST/STM32CubeIDE_1.15.0/STM32CubeIDE/plugins/com.st.stm32cube.ide.mcu.externaltools.gnu-tools-for-stm32.12.3.rel1.win32_1.0.100.202403111256/tools/bin/../lib/gcc/arm-none-eabi/12.3.1/../../../../arm-none-eabi/bin/ld.exe: warning: KM3000_V1R0_A0.0.elf has a LOAD segment with RWX permissions
Finished building target: KM3000_V1R0_A0.0.elf
 
arm-none-eabi-size  KM3000_V1R0_A0.0.elf 
arm-none-eabi-objdump -h -S KM3000_V1R0_A0.0.elf  > "KM3000_V1R0_A0.0.list"
   text	   data	    bss	    dec	    hex	filename
  50556	    872	   3864	  55292	   d7fc	KM3000_V1R0_A0.0.elf
Finished building: default.size.stdout
 
Finished building: KM3000_V1R0_A0.0.list
 
11:31:41 **** Incremental Build of configuration Debug for project KM3000_V1R0_A0.0 ****
make -j8 all 
arm-none-eabi-g++ "../Core/Src/main.cpp" -mcpu=cortex-m4 -std=gnu++14 -g3 -DDEBUG -DUSE_HAL_DRIVER -DSTM32L496xx -c -I../Core/Inc -I../Drivers/STM32L4xx_HAL_Driver/Inc -I../Drivers/STM32L4xx_HAL_Driver/Inc/Legacy -I../Drivers/CMSIS/Device/ST/STM32L4xx/Include -I../Drivers/CMSIS/Include -O0 -ffunction-sections -fdata-sections -fno-exceptions -fno-rtti -fno-use-cxa-atexit -Wall -fstack-usage -fcyclomatic-complexity -MMD -MP -MF"Core/Src/main.d" -MT"Core/Src/main.o" --specs=nano.specs -mfpu=fpv4-sp-d16 -mfloat-abi=hard -mthumb -o "Core/Src/main.o"
arm-none-eabi-g++ -o "KM3000_V1R0_A0.0.elf" @"objects.list"   -mcpu=cortex-m4 -T"D:\Krea Mining\MAC2\src\KM3000_V1R0_A0.0\STM32L496VGTX_FLASH.ld" --specs=nosys.specs -Wl,-Map="KM3000_V1R0_A0.0.map" -Wl,--gc-sections -static --specs=nano.specs -mfpu=fpv4-sp-d16 -mfloat-abi=hard -mthumb -Wl,--start-group -lc -lm -lstdc++ -lsupc++ -Wl,--end-group
D:/ST/STM32CubeIDE_1.15.0/STM32CubeIDE/plugins/com.st.stm32cube.ide.mcu.externaltools.gnu-tools-for-stm32.12.3.rel1.win32_1.0.100.202403111256/tools/bin/../lib/gcc/arm-none-eabi/12.3.1/../../../../arm-none-eabi/bin/ld.exe: warning: KM3000_V1R0_A0.0.elf has a LOAD segment with RWX permissions
Finished building target: KM3000_V1R0_A0.0.elf
 
arm-none-eabi-size  KM3000_V1R0_A0.0.elf 
arm-none-eabi-objdump -h -S KM3000_V1R0_A0.0.elf  > "KM3000_V1R0_A0.0.list"
   text	   data	    bss	    dec	    hex	filename
  50560	    872	   3864	  55296	   d800	KM3000_V1R0_A0.0.elf
Finished building: default.size.stdout
 
Finished building: KM3000_V1R0_A0.0.list
 
11:32:36 **** Incremental Build of configuration Debug for project KM3000_V1R0_A0.0 ****
make -j8 all 
arm-none-eabi-g++ "../Core/Src/hardwareIn.cpp" -mcpu=cortex-m4 -std=gnu++14 -g3 -DDEBUG -DUSE_HAL_DRIVER -DSTM32L496xx -c -I../Core/Inc -I../Drivers/STM32L4xx_HAL_Driver/Inc -I../Drivers/STM32L4xx_HAL_Driver/Inc/Legacy -I../Drivers/CMSIS/Device/ST/STM32L4xx/Include -I../Drivers/CMSIS/Include -O0 -ffunction-sections -fdata-sections -fno-exceptions -fno-rtti -fno-use-cxa-atexit -Wall -fstack-usage -fcyclomatic-complexity -MMD -MP -MF"Core/Src/hardwareIn.d" -MT"Core/Src/hardwareIn.o" --specs=nano.specs -mfpu=fpv4-sp-d16 -mfloat-abi=hard -mthumb -o "Core/Src/hardwareIn.o"
arm-none-eabi-g++ -o "KM3000_V1R0_A0.0.elf" @"objects.list"   -mcpu=cortex-m4 -T"D:\Krea Mining\MAC2\src\KM3000_V1R0_A0.0\STM32L496VGTX_FLASH.ld" --specs=nosys.specs -Wl,-Map="KM3000_V1R0_A0.0.map" -Wl,--gc-sections -static --specs=nano.specs -mfpu=fpv4-sp-d16 -mfloat-abi=hard -mthumb -Wl,--start-group -lc -lm -lstdc++ -lsupc++ -Wl,--end-group
D:/ST/STM32CubeIDE_1.15.0/STM32CubeIDE/plugins/com.st.stm32cube.ide.mcu.externaltools.gnu-tools-for-stm32.12.3.rel1.win32_1.0.100.202403111256/tools/bin/../lib/gcc/arm-none-eabi/12.3.1/../../../../arm-none-eabi/bin/ld.exe: warning: KM3000_V1R0_A0.0.elf has a LOAD segment with RWX permissions
Finished building target: KM3000_V1R0_A0.0.elf
 
arm-none-eabi-size  KM3000_V1R0_A0.0.elf 
arm-none-eabi-objdump -h -S KM3000_V1R0_A0.0.elf  > "KM3000_V1R0_A0.0.list"
   text	   data	    bss	    dec	    hex	filename
  50724	    872	   3864	  55460	   d8a4	KM3000_V1R0_A0.0.elf
Finished building: default.size.stdout
 
Finished building: KM3000_V1R0_A0.0.list
 
11:34:09 **** Incremental Build of configuration Debug for project KM3000_V1R0_A0.0 ****
make -j8 all 
arm-none-eabi-g++ "../Core/Src/hardwareOut.cpp" -mcpu=cortex-m4 -std=gnu++14 -g3 -DDEBUG -DUSE_HAL_DRIVER -DSTM32L496xx -c -I../Core/Inc -I../Drivers/STM32L4xx_HAL_Driver/Inc -I../Drivers/STM32L4xx_HAL_Driver/Inc/Legacy -I../Drivers/CMSIS/Device/ST/STM32L4xx/Include -I../Drivers/CMSIS/Include -O0 -ffunction-sections -fdata-sections -fno-exceptions -fno-rtti -fno-use-cxa-atexit -Wall -fstack-usage -fcyclomatic-complexity -MMD -MP -MF"Core/Src/hardwareOut.d" -MT"Core/Src/hardwareOut.o" --specs=nano.specs -mfpu=fpv4-sp-d16 -mfloat-abi=hard -mthumb -o "Core/Src/hardwareOut.o"
arm-none-eabi-g++ -o "KM3000_V1R0_A0.0.elf" @"objects.list"   -mcpu=cortex-m4 -T"D:\Krea Mining\MAC2\src\KM3000_V1R0_A0.0\STM32L496VGTX_FLASH.ld" --specs=nosys.specs -Wl,-Map="KM3000_V1R0_A0.0.map" -Wl,--gc-sections -static --specs=nano.specs -mfpu=fpv4-sp-d16 -mfloat-abi=hard -mthumb -Wl,--start-group -lc -lm -lstdc++ -lsupc++ -Wl,--end-group
D:/ST/STM32CubeIDE_1.15.0/STM32CubeIDE/plugins/com.st.stm32cube.ide.mcu.externaltools.gnu-tools-for-stm32.12.3.rel1.win32_1.0.100.202403111256/tools/bin/../lib/gcc/arm-none-eabi/12.3.1/../../../../arm-none-eabi/bin/ld.exe: warning: KM3000_V1R0_A0.0.elf has a LOAD segment with RWX permissions
Finished building target: KM3000_V1R0_A0.0.elf
 
arm-none-eabi-size  KM3000_V1R0_A0.0.elf 
arm-none-eabi-objdump -h -S KM3000_V1R0_A0.0.elf  > "KM3000_V1R0_A0.0.list"
   text	   data	    bss	    dec	    hex	filename
  50724	    872	   3864	  55460	   d8a4	KM3000_V1R0_A0.0.elf
Finished building: default.size.stdout
 
Finished building: KM3000_V1R0_A0.0.list
 
11:36:13 **** Incremental Build of configuration Debug for project KM3000_V1R0_A0.0 ****
make -j8 all 
arm-none-eabi-g++ "../Core/Src/hardwareOut.cpp" -mcpu=cortex-m4 -std=gnu++14 -g3 -DDEBUG -DUSE_HAL_DRIVER -DSTM32L496xx -c -I../Core/Inc -I../Drivers/STM32L4xx_HAL_Driver/Inc -I../Drivers/STM32L4xx_HAL_Driver/Inc/Legacy -I../Drivers/CMSIS/Device/ST/STM32L4xx/Include -I../Drivers/CMSIS/Include -O0 -ffunction-sections -fdata-sections -fno-exceptions -fno-rtti -fno-use-cxa-atexit -Wall -fstack-usage -fcyclomatic-complexity -MMD -MP -MF"Core/Src/hardwareOut.d" -MT"Core/Src/hardwareOut.o" --specs=nano.specs -mfpu=fpv4-sp-d16 -mfloat-abi=hard -mthumb -o "Core/Src/hardwareOut.o"
arm-none-eabi-g++ -o "KM3000_V1R0_A0.0.elf" @"objects.list"   -mcpu=cortex-m4 -T"D:\Krea Mining\MAC2\src\KM3000_V1R0_A0.0\STM32L496VGTX_FLASH.ld" --specs=nosys.specs -Wl,-Map="KM3000_V1R0_A0.0.map" -Wl,--gc-sections -static --specs=nano.specs -mfpu=fpv4-sp-d16 -mfloat-abi=hard -mthumb -Wl,--start-group -lc -lm -lstdc++ -lsupc++ -Wl,--end-group
D:/ST/STM32CubeIDE_1.15.0/STM32CubeIDE/plugins/com.st.stm32cube.ide.mcu.externaltools.gnu-tools-for-stm32.12.3.rel1.win32_1.0.100.202403111256/tools/bin/../lib/gcc/arm-none-eabi/12.3.1/../../../../arm-none-eabi/bin/ld.exe: warning: KM3000_V1R0_A0.0.elf has a LOAD segment with RWX permissions
Finished building target: KM3000_V1R0_A0.0.elf
 
arm-none-eabi-size  KM3000_V1R0_A0.0.elf 
arm-none-eabi-objdump -h -S KM3000_V1R0_A0.0.elf  > "KM3000_V1R0_A0.0.list"
   text	   data	    bss	    dec	    hex	filename
  50480	    872	   3856	  55208	   d7a8	KM3000_V1R0_A0.0.elf
Finished building: default.size.stdout
 
Finished building: KM3000_V1R0_A0.0.list
 
11:38:55 **** Incremental Build of configuration Debug for project KM3000_V1R0_A0.0 ****
make -j8 all 
arm-none-eabi-g++ "../Core/Src/main.cpp" -mcpu=cortex-m4 -std=gnu++14 -g3 -DDEBUG -DUSE_HAL_DRIVER -DSTM32L496xx -c -I../Core/Inc -I../Drivers/STM32L4xx_HAL_Driver/Inc -I../Drivers/STM32L4xx_HAL_Driver/Inc/Legacy -I../Drivers/CMSIS/Device/ST/STM32L4xx/Include -I../Drivers/CMSIS/Include -O0 -ffunction-sections -fdata-sections -fno-exceptions -fno-rtti -fno-use-cxa-atexit -Wall -fstack-usage -fcyclomatic-complexity -MMD -MP -MF"Core/Src/main.d" -MT"Core/Src/main.o" --specs=nano.specs -mfpu=fpv4-sp-d16 -mfloat-abi=hard -mthumb -o "Core/Src/main.o"
arm-none-eabi-g++ -o "KM3000_V1R0_A0.0.elf" @"objects.list"   -mcpu=cortex-m4 -T"D:\Krea Mining\MAC2\src\KM3000_V1R0_A0.0\STM32L496VGTX_FLASH.ld" --specs=nosys.specs -Wl,-Map="KM3000_V1R0_A0.0.map" -Wl,--gc-sections -static --specs=nano.specs -mfpu=fpv4-sp-d16 -mfloat-abi=hard -mthumb -Wl,--start-group -lc -lm -lstdc++ -lsupc++ -Wl,--end-group
D:/ST/STM32CubeIDE_1.15.0/STM32CubeIDE/plugins/com.st.stm32cube.ide.mcu.externaltools.gnu-tools-for-stm32.12.3.rel1.win32_1.0.100.202403111256/tools/bin/../lib/gcc/arm-none-eabi/12.3.1/../../../../arm-none-eabi/bin/ld.exe: warning: KM3000_V1R0_A0.0.elf has a LOAD segment with RWX permissions
Finished building target: KM3000_V1R0_A0.0.elf
 
arm-none-eabi-size  KM3000_V1R0_A0.0.elf 
arm-none-eabi-objdump -h -S KM3000_V1R0_A0.0.elf  > "KM3000_V1R0_A0.0.list"
   text	   data	    bss	    dec	    hex	filename
  50496	    872	   3856	  55224	   d7b8	KM3000_V1R0_A0.0.elf
Finished building: default.size.stdout
 
Finished building: KM3000_V1R0_A0.0.list
 
11:39:58 **** Incremental Build of configuration Debug for project KM3000_V1R0_A0.0 ****
make -j8 all 
arm-none-eabi-g++ "../Core/Src/main.cpp" -mcpu=cortex-m4 -std=gnu++14 -g3 -DDEBUG -DUSE_HAL_DRIVER -DSTM32L496xx -c -I../Core/Inc -I../Drivers/STM32L4xx_HAL_Driver/Inc -I../Drivers/STM32L4xx_HAL_Driver/Inc/Legacy -I../Drivers/CMSIS/Device/ST/STM32L4xx/Include -I../Drivers/CMSIS/Include -O0 -ffunction-sections -fdata-sections -fno-exceptions -fno-rtti -fno-use-cxa-atexit -Wall -fstack-usage -fcyclomatic-complexity -MMD -MP -MF"Core/Src/main.d" -MT"Core/Src/main.o" --specs=nano.specs -mfpu=fpv4-sp-d16 -mfloat-abi=hard -mthumb -o "Core/Src/main.o"
arm-none-eabi-g++ -o "KM3000_V1R0_A0.0.elf" @"objects.list"   -mcpu=cortex-m4 -T"D:\Krea Mining\MAC2\src\KM3000_V1R0_A0.0\STM32L496VGTX_FLASH.ld" --specs=nosys.specs -Wl,-Map="KM3000_V1R0_A0.0.map" -Wl,--gc-sections -static --specs=nano.specs -mfpu=fpv4-sp-d16 -mfloat-abi=hard -mthumb -Wl,--start-group -lc -lm -lstdc++ -lsupc++ -Wl,--end-group
D:/ST/STM32CubeIDE_1.15.0/STM32CubeIDE/plugins/com.st.stm32cube.ide.mcu.externaltools.gnu-tools-for-stm32.12.3.rel1.win32_1.0.100.202403111256/tools/bin/../lib/gcc/arm-none-eabi/12.3.1/../../../../arm-none-eabi/bin/ld.exe: warning: KM3000_V1R0_A0.0.elf has a LOAD segment with RWX permissions
Finished building target: KM3000_V1R0_A0.0.elf
 
arm-none-eabi-size  KM3000_V1R0_A0.0.elf 
arm-none-eabi-objdump -h -S KM3000_V1R0_A0.0.elf  > "KM3000_V1R0_A0.0.list"
   text	   data	    bss	    dec	    hex	filename
  50496	    872	   3856	  55224	   d7b8	KM3000_V1R0_A0.0.elf
Finished building: default.size.stdout
 
Finished building: KM3000_V1R0_A0.0.list
 
11:42:18 **** Incremental Build of configuration Debug for project KM3000_V1R0_A0.0 ****
make -j8 all 
arm-none-eabi-g++ "../Core/Src/main.cpp" -mcpu=cortex-m4 -std=gnu++14 -g3 -DDEBUG -DUSE_HAL_DRIVER -DSTM32L496xx -c -I../Core/Inc -I../Drivers/STM32L4xx_HAL_Driver/Inc -I../Drivers/STM32L4xx_HAL_Driver/Inc/Legacy -I../Drivers/CMSIS/Device/ST/STM32L4xx/Include -I../Drivers/CMSIS/Include -O0 -ffunction-sections -fdata-sections -fno-exceptions -fno-rtti -fno-use-cxa-atexit -Wall -fstack-usage -fcyclomatic-complexity -MMD -MP -MF"Core/Src/main.d" -MT"Core/Src/main.o" --specs=nano.specs -mfpu=fpv4-sp-d16 -mfloat-abi=hard -mthumb -o "Core/Src/main.o"
arm-none-eabi-g++ -o "KM3000_V1R0_A0.0.elf" @"objects.list"   -mcpu=cortex-m4 -T"D:\Krea Mining\MAC2\src\KM3000_V1R0_A0.0\STM32L496VGTX_FLASH.ld" --specs=nosys.specs -Wl,-Map="KM3000_V1R0_A0.0.map" -Wl,--gc-sections -static --specs=nano.specs -mfpu=fpv4-sp-d16 -mfloat-abi=hard -mthumb -Wl,--start-group -lc -lm -lstdc++ -lsupc++ -Wl,--end-group
D:/ST/STM32CubeIDE_1.15.0/STM32CubeIDE/plugins/com.st.stm32cube.ide.mcu.externaltools.gnu-tools-for-stm32.12.3.rel1.win32_1.0.100.202403111256/tools/bin/../lib/gcc/arm-none-eabi/12.3.1/../../../../arm-none-eabi/bin/ld.exe: warning: KM3000_V1R0_A0.0.elf has a LOAD segment with RWX permissions
Finished building target: KM3000_V1R0_A0.0.elf
 
arm-none-eabi-size  KM3000_V1R0_A0.0.elf 
arm-none-eabi-objdump -h -S KM3000_V1R0_A0.0.elf  > "KM3000_V1R0_A0.0.list"
   text	   data	    bss	    dec	    hex	filename
  50496	    872	   3880	  55248	   d7d0	KM3000_V1R0_A0.0.elf
Finished building: default.size.stdout
 
Finished building: KM3000_V1R0_A0.0.list
 
11:44:03 **** Incremental Build of configuration Debug for project KM3000_V1R0_A0.0 ****
make -j8 all 
arm-none-eabi-g++ "../Core/Src/main.cpp" -mcpu=cortex-m4 -std=gnu++14 -g3 -DDEBUG -DUSE_HAL_DRIVER -DSTM32L496xx -c -I../Core/Inc -I../Drivers/STM32L4xx_HAL_Driver/Inc -I../Drivers/STM32L4xx_HAL_Driver/Inc/Legacy -I../Drivers/CMSIS/Device/ST/STM32L4xx/Include -I../Drivers/CMSIS/Include -O0 -ffunction-sections -fdata-sections -fno-exceptions -fno-rtti -fno-use-cxa-atexit -Wall -fstack-usage -fcyclomatic-complexity -MMD -MP -MF"Core/Src/main.d" -MT"Core/Src/main.o" --specs=nano.specs -mfpu=fpv4-sp-d16 -mfloat-abi=hard -mthumb -o "Core/Src/main.o"
arm-none-eabi-g++ -o "KM3000_V1R0_A0.0.elf" @"objects.list"   -mcpu=cortex-m4 -T"D:\Krea Mining\MAC2\src\KM3000_V1R0_A0.0\STM32L496VGTX_FLASH.ld" --specs=nosys.specs -Wl,-Map="KM3000_V1R0_A0.0.map" -Wl,--gc-sections -static --specs=nano.specs -mfpu=fpv4-sp-d16 -mfloat-abi=hard -mthumb -Wl,--start-group -lc -lm -lstdc++ -lsupc++ -Wl,--end-group
D:/ST/STM32CubeIDE_1.15.0/STM32CubeIDE/plugins/com.st.stm32cube.ide.mcu.externaltools.gnu-tools-for-stm32.12.3.rel1.win32_1.0.100.202403111256/tools/bin/../lib/gcc/arm-none-eabi/12.3.1/../../../../arm-none-eabi/bin/ld.exe: warning: KM3000_V1R0_A0.0.elf has a LOAD segment with RWX permissions
Finished building target: KM3000_V1R0_A0.0.elf
 
arm-none-eabi-size  KM3000_V1R0_A0.0.elf 
arm-none-eabi-objdump -h -S KM3000_V1R0_A0.0.elf  > "KM3000_V1R0_A0.0.list"
   text	   data	    bss	    dec	    hex	filename
  50496	    872	   3880	  55248	   d7d0	KM3000_V1R0_A0.0.elf
Finished building: default.size.stdout
 
Finished building: KM3000_V1R0_A0.0.list
 
11:45:49 **** Incremental Build of configuration Debug for project KM3000_V1R0_A0.0 ****
make -j8 all 
arm-none-eabi-g++ "../Core/Src/hardwareOut.cpp" -mcpu=cortex-m4 -std=gnu++14 -g3 -DDEBUG -DUSE_HAL_DRIVER -DSTM32L496xx -c -I../Core/Inc -I../Drivers/STM32L4xx_HAL_Driver/Inc -I../Drivers/STM32L4xx_HAL_Driver/Inc/Legacy -I../Drivers/CMSIS/Device/ST/STM32L4xx/Include -I../Drivers/CMSIS/Include -O0 -ffunction-sections -fdata-sections -fno-exceptions -fno-rtti -fno-use-cxa-atexit -Wall -fstack-usage -fcyclomatic-complexity -MMD -MP -MF"Core/Src/hardwareOut.d" -MT"Core/Src/hardwareOut.o" --specs=nano.specs -mfpu=fpv4-sp-d16 -mfloat-abi=hard -mthumb -o "Core/Src/hardwareOut.o"
arm-none-eabi-g++ -o "KM3000_V1R0_A0.0.elf" @"objects.list"   -mcpu=cortex-m4 -T"D:\Krea Mining\MAC2\src\KM3000_V1R0_A0.0\STM32L496VGTX_FLASH.ld" --specs=nosys.specs -Wl,-Map="KM3000_V1R0_A0.0.map" -Wl,--gc-sections -static --specs=nano.specs -mfpu=fpv4-sp-d16 -mfloat-abi=hard -mthumb -Wl,--start-group -lc -lm -lstdc++ -lsupc++ -Wl,--end-group
D:/ST/STM32CubeIDE_1.15.0/STM32CubeIDE/plugins/com.st.stm32cube.ide.mcu.externaltools.gnu-tools-for-stm32.12.3.rel1.win32_1.0.100.202403111256/tools/bin/../lib/gcc/arm-none-eabi/12.3.1/../../../../arm-none-eabi/bin/ld.exe: warning: KM3000_V1R0_A0.0.elf has a LOAD segment with RWX permissions
Finished building target: KM3000_V1R0_A0.0.elf
 
arm-none-eabi-size  KM3000_V1R0_A0.0.elf 
arm-none-eabi-objdump -h -S KM3000_V1R0_A0.0.elf  > "KM3000_V1R0_A0.0.list"
   text	   data	    bss	    dec	    hex	filename
  50496	    872	   3880	  55248	   d7d0	KM3000_V1R0_A0.0.elf
Finished building: default.size.stdout
 
Finished building: KM3000_V1R0_A0.0.list
 
11:46:53 **** Incremental Build of configuration Debug for project KM3000_V1R0_A0.0 ****
make -j8 all 
arm-none-eabi-g++ "../Core/Src/main.cpp" -mcpu=cortex-m4 -std=gnu++14 -g3 -DDEBUG -DUSE_HAL_DRIVER -DSTM32L496xx -c -I../Core/Inc -I../Drivers/STM32L4xx_HAL_Driver/Inc -I../Drivers/STM32L4xx_HAL_Driver/Inc/Legacy -I../Drivers/CMSIS/Device/ST/STM32L4xx/Include -I../Drivers/CMSIS/Include -O0 -ffunction-sections -fdata-sections -fno-exceptions -fno-rtti -fno-use-cxa-atexit -Wall -fstack-usage -fcyclomatic-complexity -MMD -MP -MF"Core/Src/main.d" -MT"Core/Src/main.o" --specs=nano.specs -mfpu=fpv4-sp-d16 -mfloat-abi=hard -mthumb -o "Core/Src/main.o"
arm-none-eabi-g++ -o "KM3000_V1R0_A0.0.elf" @"objects.list"   -mcpu=cortex-m4 -T"D:\Krea Mining\MAC2\src\KM3000_V1R0_A0.0\STM32L496VGTX_FLASH.ld" --specs=nosys.specs -Wl,-Map="KM3000_V1R0_A0.0.map" -Wl,--gc-sections -static --specs=nano.specs -mfpu=fpv4-sp-d16 -mfloat-abi=hard -mthumb -Wl,--start-group -lc -lm -lstdc++ -lsupc++ -Wl,--end-group
D:/ST/STM32CubeIDE_1.15.0/STM32CubeIDE/plugins/com.st.stm32cube.ide.mcu.externaltools.gnu-tools-for-stm32.12.3.rel1.win32_1.0.100.202403111256/tools/bin/../lib/gcc/arm-none-eabi/12.3.1/../../../../arm-none-eabi/bin/ld.exe: warning: KM3000_V1R0_A0.0.elf has a LOAD segment with RWX permissions
Finished building target: KM3000_V1R0_A0.0.elf
 
arm-none-eabi-size  KM3000_V1R0_A0.0.elf 
arm-none-eabi-objdump -h -S KM3000_V1R0_A0.0.elf  > "KM3000_V1R0_A0.0.list"
   text	   data	    bss	    dec	    hex	filename
  50496	    872	   3880	  55248	   d7d0	KM3000_V1R0_A0.0.elf
Finished building: default.size.stdout
 
Finished building: KM3000_V1R0_A0.0.list
 
11:48:26 **** Incremental Build of configuration Debug for project KM3000_V1R0_A0.0 ****
make -j8 all 
arm-none-eabi-g++ "../Core/Src/main.cpp" -mcpu=cortex-m4 -std=gnu++14 -g3 -DDEBUG -DUSE_HAL_DRIVER -DSTM32L496xx -c -I../Core/Inc -I../Drivers/STM32L4xx_HAL_Driver/Inc -I../Drivers/STM32L4xx_HAL_Driver/Inc/Legacy -I../Drivers/CMSIS/Device/ST/STM32L4xx/Include -I../Drivers/CMSIS/Include -O0 -ffunction-sections -fdata-sections -fno-exceptions -fno-rtti -fno-use-cxa-atexit -Wall -fstack-usage -fcyclomatic-complexity -MMD -MP -MF"Core/Src/main.d" -MT"Core/Src/main.o" --specs=nano.specs -mfpu=fpv4-sp-d16 -mfloat-abi=hard -mthumb -o "Core/Src/main.o"
arm-none-eabi-g++ -o "KM3000_V1R0_A0.0.elf" @"objects.list"   -mcpu=cortex-m4 -T"D:\Krea Mining\MAC2\src\KM3000_V1R0_A0.0\STM32L496VGTX_FLASH.ld" --specs=nosys.specs -Wl,-Map="KM3000_V1R0_A0.0.map" -Wl,--gc-sections -static --specs=nano.specs -mfpu=fpv4-sp-d16 -mfloat-abi=hard -mthumb -Wl,--start-group -lc -lm -lstdc++ -lsupc++ -Wl,--end-group
D:/ST/STM32CubeIDE_1.15.0/STM32CubeIDE/plugins/com.st.stm32cube.ide.mcu.externaltools.gnu-tools-for-stm32.12.3.rel1.win32_1.0.100.202403111256/tools/bin/../lib/gcc/arm-none-eabi/12.3.1/../../../../arm-none-eabi/bin/ld.exe: warning: KM3000_V1R0_A0.0.elf has a LOAD segment with RWX permissions
Finished building target: KM3000_V1R0_A0.0.elf
 
arm-none-eabi-size  KM3000_V1R0_A0.0.elf 
arm-none-eabi-objdump -h -S KM3000_V1R0_A0.0.elf  > "KM3000_V1R0_A0.0.list"
   text	   data	    bss	    dec	    hex	filename
  50496	    872	   3880	  55248	   d7d0	KM3000_V1R0_A0.0.elf
Finished building: default.size.stdout
 
Finished building: KM3000_V1R0_A0.0.list
 
12:00:44 **** Incremental Build of configuration Debug for project KM3000_V1R0_A0.0 ****
make -j8 all 
arm-none-eabi-g++ "../Core/Src/loraApp.cpp" -mcpu=cortex-m4 -std=gnu++14 -g3 -DDEBUG -DUSE_HAL_DRIVER -DSTM32L496xx -c -I../Core/Inc -I../Drivers/STM32L4xx_HAL_Driver/Inc -I../Drivers/STM32L4xx_HAL_Driver/Inc/Legacy -I../Drivers/CMSIS/Device/ST/STM32L4xx/Include -I../Drivers/CMSIS/Include -O0 -ffunction-sections -fdata-sections -fno-exceptions -fno-rtti -fno-use-cxa-atexit -Wall -fstack-usage -fcyclomatic-complexity -MMD -MP -MF"Core/Src/loraApp.d" -MT"Core/Src/loraApp.o" --specs=nano.specs -mfpu=fpv4-sp-d16 -mfloat-abi=hard -mthumb -o "Core/Src/loraApp.o"
../Core/Src/loraApp.cpp:47:1: error: too many initializers for 'uint8_t* [13]' {aka 'unsigned char* [13]'}
   47 | };
      | ^
make: *** [Core/Src/subdir.mk:83: Core/Src/loraApp.o] Error 1
"make -j8 all" terminated with exit code 2. Build might be incomplete.
12:00:44 **** Incremental Build of configuration Debug for project macSystem ****
make -j8 all 
arm-none-eabi-size  macSystem.elf 
   text	   data	    bss	    dec	    hex	filename
  17296	     28	   2320	  19644	   4cbc	macSystem.elf
Finished building: default.size.stdout
 
12:02:38 **** Incremental Build of configuration Debug for project KM3000_V1R0_A0.0 ****
make -j8 all 
arm-none-eabi-g++ "../Core/Src/loraApp.cpp" -mcpu=cortex-m4 -std=gnu++14 -g3 -DDEBUG -DUSE_HAL_DRIVER -DSTM32L496xx -c -I../Core/Inc -I../Drivers/STM32L4xx_HAL_Driver/Inc -I../Drivers/STM32L4xx_HAL_Driver/Inc/Legacy -I../Drivers/CMSIS/Device/ST/STM32L4xx/Include -I../Drivers/CMSIS/Include -O0 -ffunction-sections -fdata-sections -fno-exceptions -fno-rtti -fno-use-cxa-atexit -Wall -fstack-usage -fcyclomatic-complexity -MMD -MP -MF"Core/Src/loraApp.d" -MT"Core/Src/loraApp.o" --specs=nano.specs -mfpu=fpv4-sp-d16 -mfloat-abi=hard -mthumb -o "Core/Src/loraApp.o"
arm-none-eabi-g++ -o "KM3000_V1R0_A0.0.elf" @"objects.list"   -mcpu=cortex-m4 -T"D:\Krea Mining\MAC2\src\KM3000_V1R0_A0.0\STM32L496VGTX_FLASH.ld" --specs=nosys.specs -Wl,-Map="KM3000_V1R0_A0.0.map" -Wl,--gc-sections -static --specs=nano.specs -mfpu=fpv4-sp-d16 -mfloat-abi=hard -mthumb -Wl,--start-group -lc -lm -lstdc++ -lsupc++ -Wl,--end-group
D:/ST/STM32CubeIDE_1.15.0/STM32CubeIDE/plugins/com.st.stm32cube.ide.mcu.externaltools.gnu-tools-for-stm32.12.3.rel1.win32_1.0.100.202403111256/tools/bin/../lib/gcc/arm-none-eabi/12.3.1/../../../../arm-none-eabi/bin/ld.exe: warning: KM3000_V1R0_A0.0.elf has a LOAD segment with RWX permissions
Finished building target: KM3000_V1R0_A0.0.elf
 
arm-none-eabi-size  KM3000_V1R0_A0.0.elf 
arm-none-eabi-objdump -h -S KM3000_V1R0_A0.0.elf  > "KM3000_V1R0_A0.0.list"
   text	   data	    bss	    dec	    hex	filename
  50496	    888	   3880	  55264	   d7e0	KM3000_V1R0_A0.0.elf
Finished building: default.size.stdout
 
Finished building: KM3000_V1R0_A0.0.list
 
12:02:42 **** Incremental Build of configuration Debug for project macSystem ****
make -j8 all 
arm-none-eabi-size  macSystem.elf 
   text	   data	    bss	    dec	    hex	filename
  17296	     28	   2320	  19644	   4cbc	macSystem.elf
Finished building: default.size.stdout
 
12:02:59 **** Incremental Build of configuration Debug for project KM3000_V1R0_A0.0 ****
make -j8 all 
arm-none-eabi-size  KM3000_V1R0_A0.0.elf 
   text	   data	    bss	    dec	    hex	filename
  50496	    888	   3880	  55264	   d7e0	KM3000_V1R0_A0.0.elf
Finished building: default.size.stdout
 
12:52:33 **** Incremental Build of configuration Debug for project KM3000_V1R0_A0.0 ****
make -j8 all 
arm-none-eabi-g++ "../Core/Src/loraLink.cpp" -mcpu=cortex-m4 -std=gnu++14 -g3 -DDEBUG -DUSE_HAL_DRIVER -DSTM32L496xx -c -I../Core/Inc -I../Drivers/STM32L4xx_HAL_Driver/Inc -I../Drivers/STM32L4xx_HAL_Driver/Inc/Legacy -I../Drivers/CMSIS/Device/ST/STM32L4xx/Include -I../Drivers/CMSIS/Include -O0 -ffunction-sections -fdata-sections -fno-exceptions -fno-rtti -fno-use-cxa-atexit -Wall -fstack-usage -fcyclomatic-complexity -MMD -MP -MF"Core/Src/loraLink.d" -MT"Core/Src/loraLink.o" --specs=nano.specs -mfpu=fpv4-sp-d16 -mfloat-abi=hard -mthumb -o "Core/Src/loraLink.o"
../Core/Src/loraLink.cpp: In member function 'void loraCheck::newResponse(uint8_t*, uint8_t)':
../Core/Src/loraLink.cpp:136:17: warning: unused variable 'k' [-Wunused-variable]
  136 |         uint8_t k;
      |                 ^
arm-none-eabi-g++ -o "KM3000_V1R0_A0.0.elf" @"objects.list"   -mcpu=cortex-m4 -T"D:\Krea Mining\MAC2\src\KM3000_V1R0_A0.0\STM32L496VGTX_FLASH.ld" --specs=nosys.specs -Wl,-Map="KM3000_V1R0_A0.0.map" -Wl,--gc-sections -static --specs=nano.specs -mfpu=fpv4-sp-d16 -mfloat-abi=hard -mthumb -Wl,--start-group -lc -lm -lstdc++ -lsupc++ -Wl,--end-group
D:/ST/STM32CubeIDE_1.15.0/STM32CubeIDE/plugins/com.st.stm32cube.ide.mcu.externaltools.gnu-tools-for-stm32.12.3.rel1.win32_1.0.100.202403111256/tools/bin/../lib/gcc/arm-none-eabi/12.3.1/../../../../arm-none-eabi/bin/ld.exe: warning: KM3000_V1R0_A0.0.elf has a LOAD segment with RWX permissions
Finished building target: KM3000_V1R0_A0.0.elf
 
arm-none-eabi-size  KM3000_V1R0_A0.0.elf 
arm-none-eabi-objdump -h -S KM3000_V1R0_A0.0.elf  > "KM3000_V1R0_A0.0.list"
   text	   data	    bss	    dec	    hex	filename
  50480	    888	   3880	  55248	   d7d0	KM3000_V1R0_A0.0.elf
Finished building: default.size.stdout
 
Finished building: KM3000_V1R0_A0.0.list
 
12:52:38 **** Incremental Build of configuration Debug for project macSystem ****
make -j8 all 
arm-none-eabi-size  macSystem.elf 
   text	   data	    bss	    dec	    hex	filename
  17296	     28	   2320	  19644	   4cbc	macSystem.elf
Finished building: default.size.stdout
 
12:59:39 **** Incremental Build of configuration Debug for project KM3000_V1R0_A0.0 ****
make -j8 all 
arm-none-eabi-g++ "../Core/Src/loraLink.cpp" -mcpu=cortex-m4 -std=gnu++14 -g3 -DDEBUG -DUSE_HAL_DRIVER -DSTM32L496xx -c -I../Core/Inc -I../Drivers/STM32L4xx_HAL_Driver/Inc -I../Drivers/STM32L4xx_HAL_Driver/Inc/Legacy -I../Drivers/CMSIS/Device/ST/STM32L4xx/Include -I../Drivers/CMSIS/Include -O0 -ffunction-sections -fdata-sections -fno-exceptions -fno-rtti -fno-use-cxa-atexit -Wall -fstack-usage -fcyclomatic-complexity -MMD -MP -MF"Core/Src/loraLink.d" -MT"Core/Src/loraLink.o" --specs=nano.specs -mfpu=fpv4-sp-d16 -mfloat-abi=hard -mthumb -o "Core/Src/loraLink.o"
arm-none-eabi-g++ -o "KM3000_V1R0_A0.0.elf" @"objects.list"   -mcpu=cortex-m4 -T"D:\Krea Mining\MAC2\src\KM3000_V1R0_A0.0\STM32L496VGTX_FLASH.ld" --specs=nosys.specs -Wl,-Map="KM3000_V1R0_A0.0.map" -Wl,--gc-sections -static --specs=nano.specs -mfpu=fpv4-sp-d16 -mfloat-abi=hard -mthumb -Wl,--start-group -lc -lm -lstdc++ -lsupc++ -Wl,--end-group
D:/ST/STM32CubeIDE_1.15.0/STM32CubeIDE/plugins/com.st.stm32cube.ide.mcu.externaltools.gnu-tools-for-stm32.12.3.rel1.win32_1.0.100.202403111256/tools/bin/../lib/gcc/arm-none-eabi/12.3.1/../../../../arm-none-eabi/bin/ld.exe: warning: KM3000_V1R0_A0.0.elf has a LOAD segment with RWX permissions
Finished building target: KM3000_V1R0_A0.0.elf
 
arm-none-eabi-size  KM3000_V1R0_A0.0.elf 
arm-none-eabi-objdump -h -S KM3000_V1R0_A0.0.elf  > "KM3000_V1R0_A0.0.list"
   text	   data	    bss	    dec	    hex	filename
  50516	    888	   3880	  55284	   d7f4	KM3000_V1R0_A0.0.elf
Finished building: default.size.stdout
 
Finished building: KM3000_V1R0_A0.0.list
 
12:59:40 **** Incremental Build of configuration Debug for project macSystem ****
make -j8 all 
arm-none-eabi-size  macSystem.elf 
   text	   data	    bss	    dec	    hex	filename
  17296	     28	   2320	  19644	   4cbc	macSystem.elf
Finished building: default.size.stdout
 
13:01:17 **** Incremental Build of configuration Debug for project KM3000_V1R0_A0.0 ****
make -j8 all 
arm-none-eabi-size  KM3000_V1R0_A0.0.elf 
   text	   data	    bss	    dec	    hex	filename
  50516	    888	   3880	  55284	   d7f4	KM3000_V1R0_A0.0.elf
Finished building: default.size.stdout
 
13:09:53 **** Incremental Build of configuration Debug for project KM3000_V1R0_A0.0 ****
make -j8 all 
arm-none-eabi-g++ "../Core/Src/main.cpp" -mcpu=cortex-m4 -std=gnu++14 -g3 -DDEBUG -DUSE_HAL_DRIVER -DSTM32L496xx -c -I../Core/Inc -I../Drivers/STM32L4xx_HAL_Driver/Inc -I../Drivers/STM32L4xx_HAL_Driver/Inc/Legacy -I../Drivers/CMSIS/Device/ST/STM32L4xx/Include -I../Drivers/CMSIS/Include -O0 -ffunction-sections -fdata-sections -fno-exceptions -fno-rtti -fno-use-cxa-atexit -Wall -fstack-usage -fcyclomatic-complexity -MMD -MP -MF"Core/Src/main.d" -MT"Core/Src/main.o" --specs=nano.specs -mfpu=fpv4-sp-d16 -mfloat-abi=hard -mthumb -o "Core/Src/main.o"
arm-none-eabi-g++ -o "KM3000_V1R0_A0.0.elf" @"objects.list"   -mcpu=cortex-m4 -T"D:\Krea Mining\MAC2\src\KM3000_V1R0_A0.0\STM32L496VGTX_FLASH.ld" --specs=nosys.specs -Wl,-Map="KM3000_V1R0_A0.0.map" -Wl,--gc-sections -static --specs=nano.specs -mfpu=fpv4-sp-d16 -mfloat-abi=hard -mthumb -Wl,--start-group -lc -lm -lstdc++ -lsupc++ -Wl,--end-group
D:/ST/STM32CubeIDE_1.15.0/STM32CubeIDE/plugins/com.st.stm32cube.ide.mcu.externaltools.gnu-tools-for-stm32.12.3.rel1.win32_1.0.100.202403111256/tools/bin/../lib/gcc/arm-none-eabi/12.3.1/../../../../arm-none-eabi/bin/ld.exe: warning: KM3000_V1R0_A0.0.elf has a LOAD segment with RWX permissions
Finished building target: KM3000_V1R0_A0.0.elf
 
arm-none-eabi-size  KM3000_V1R0_A0.0.elf 
arm-none-eabi-objdump -h -S KM3000_V1R0_A0.0.elf  > "KM3000_V1R0_A0.0.list"
   text	   data	    bss	    dec	    hex	filename
  50516	    888	   3880	  55284	   d7f4	KM3000_V1R0_A0.0.elf
Finished building: default.size.stdout
 
Finished building: KM3000_V1R0_A0.0.list
 
13:19:53 **** Incremental Build of configuration Debug for project KM3000_V1R0_A0.0 ****
make -j8 all 
arm-none-eabi-g++ "../Core/Src/main.cpp" -mcpu=cortex-m4 -std=gnu++14 -g3 -DDEBUG -DUSE_HAL_DRIVER -DSTM32L496xx -c -I../Core/Inc -I../Drivers/STM32L4xx_HAL_Driver/Inc -I../Drivers/STM32L4xx_HAL_Driver/Inc/Legacy -I../Drivers/CMSIS/Device/ST/STM32L4xx/Include -I../Drivers/CMSIS/Include -O0 -ffunction-sections -fdata-sections -fno-exceptions -fno-rtti -fno-use-cxa-atexit -Wall -fstack-usage -fcyclomatic-complexity -MMD -MP -MF"Core/Src/main.d" -MT"Core/Src/main.o" --specs=nano.specs -mfpu=fpv4-sp-d16 -mfloat-abi=hard -mthumb -o "Core/Src/main.o"
arm-none-eabi-g++ -o "KM3000_V1R0_A0.0.elf" @"objects.list"   -mcpu=cortex-m4 -T"D:\Krea Mining\MAC2\src\KM3000_V1R0_A0.0\STM32L496VGTX_FLASH.ld" --specs=nosys.specs -Wl,-Map="KM3000_V1R0_A0.0.map" -Wl,--gc-sections -static --specs=nano.specs -mfpu=fpv4-sp-d16 -mfloat-abi=hard -mthumb -Wl,--start-group -lc -lm -lstdc++ -lsupc++ -Wl,--end-group
D:/ST/STM32CubeIDE_1.15.0/STM32CubeIDE/plugins/com.st.stm32cube.ide.mcu.externaltools.gnu-tools-for-stm32.12.3.rel1.win32_1.0.100.202403111256/tools/bin/../lib/gcc/arm-none-eabi/12.3.1/../../../../arm-none-eabi/bin/ld.exe: warning: KM3000_V1R0_A0.0.elf has a LOAD segment with RWX permissions
Finished building target: KM3000_V1R0_A0.0.elf
 
arm-none-eabi-size  KM3000_V1R0_A0.0.elf 
arm-none-eabi-objdump -h -S KM3000_V1R0_A0.0.elf  > "KM3000_V1R0_A0.0.list"
   text	   data	    bss	    dec	    hex	filename
  50456	    888	   3880	  55224	   d7b8	KM3000_V1R0_A0.0.elf
Finished building: default.size.stdout
 
Finished building: KM3000_V1R0_A0.0.list
 
13:27:34 **** Incremental Build of configuration Debug for project KM3000_V1R0_A0.0 ****
make -j8 all 
arm-none-eabi-g++ "../Core/Src/loraLink.cpp" -mcpu=cortex-m4 -std=gnu++14 -g3 -DDEBUG -DUSE_HAL_DRIVER -DSTM32L496xx -c -I../Core/Inc -I../Drivers/STM32L4xx_HAL_Driver/Inc -I../Drivers/STM32L4xx_HAL_Driver/Inc/Legacy -I../Drivers/CMSIS/Device/ST/STM32L4xx/Include -I../Drivers/CMSIS/Include -O0 -ffunction-sections -fdata-sections -fno-exceptions -fno-rtti -fno-use-cxa-atexit -Wall -fstack-usage -fcyclomatic-complexity -MMD -MP -MF"Core/Src/loraLink.d" -MT"Core/Src/loraLink.o" --specs=nano.specs -mfpu=fpv4-sp-d16 -mfloat-abi=hard -mthumb -o "Core/Src/loraLink.o"
arm-none-eabi-g++ "../Core/Src/main.cpp" -mcpu=cortex-m4 -std=gnu++14 -g3 -DDEBUG -DUSE_HAL_DRIVER -DSTM32L496xx -c -I../Core/Inc -I../Drivers/STM32L4xx_HAL_Driver/Inc -I../Drivers/STM32L4xx_HAL_Driver/Inc/Legacy -I../Drivers/CMSIS/Device/ST/STM32L4xx/Include -I../Drivers/CMSIS/Include -O0 -ffunction-sections -fdata-sections -fno-exceptions -fno-rtti -fno-use-cxa-atexit -Wall -fstack-usage -fcyclomatic-complexity -MMD -MP -MF"Core/Src/main.d" -MT"Core/Src/main.o" --specs=nano.specs -mfpu=fpv4-sp-d16 -mfloat-abi=hard -mthumb -o "Core/Src/main.o"
arm-none-eabi-g++ -o "KM3000_V1R0_A0.0.elf" @"objects.list"   -mcpu=cortex-m4 -T"D:\Krea Mining\MAC2\src\KM3000_V1R0_A0.0\STM32L496VGTX_FLASH.ld" --specs=nosys.specs -Wl,-Map="KM3000_V1R0_A0.0.map" -Wl,--gc-sections -static --specs=nano.specs -mfpu=fpv4-sp-d16 -mfloat-abi=hard -mthumb -Wl,--start-group -lc -lm -lstdc++ -lsupc++ -Wl,--end-group
D:/ST/STM32CubeIDE_1.15.0/STM32CubeIDE/plugins/com.st.stm32cube.ide.mcu.externaltools.gnu-tools-for-stm32.12.3.rel1.win32_1.0.100.202403111256/tools/bin/../lib/gcc/arm-none-eabi/12.3.1/../../../../arm-none-eabi/bin/ld.exe: warning: KM3000_V1R0_A0.0.elf has a LOAD segment with RWX permissions
Finished building target: KM3000_V1R0_A0.0.elf
 
arm-none-eabi-size  KM3000_V1R0_A0.0.elf 
arm-none-eabi-objdump -h -S KM3000_V1R0_A0.0.elf  > "KM3000_V1R0_A0.0.list"
   text	   data	    bss	    dec	    hex	filename
  50460	    888	   3880	  55228	   d7bc	KM3000_V1R0_A0.0.elf
Finished building: default.size.stdout
 
Finished building: KM3000_V1R0_A0.0.list
 
13:36:03 **** Incremental Build of configuration Debug for project KM3000_V1R0_A0.0 ****
make -j8 all 
arm-none-eabi-size  KM3000_V1R0_A0.0.elf 
   text	   data	    bss	    dec	    hex	filename
  50460	    888	   3880	  55228	   d7bc	KM3000_V1R0_A0.0.elf
Finished building: default.size.stdout
 
13:43:16 **** Incremental Build of configuration Debug for project KM3000_V1R0_A0.0 ****
make -j8 all 
arm-none-eabi-g++ "../Core/Src/hardwareIn.cpp" -mcpu=cortex-m4 -std=gnu++14 -g3 -DDEBUG -DUSE_HAL_DRIVER -DSTM32L496xx -c -I../Core/Inc -I../Drivers/STM32L4xx_HAL_Driver/Inc -I../Drivers/STM32L4xx_HAL_Driver/Inc/Legacy -I../Drivers/CMSIS/Device/ST/STM32L4xx/Include -I../Drivers/CMSIS/Include -O0 -ffunction-sections -fdata-sections -fno-exceptions -fno-rtti -fno-use-cxa-atexit -Wall -fstack-usage -fcyclomatic-complexity -MMD -MP -MF"Core/Src/hardwareIn.d" -MT"Core/Src/hardwareIn.o" --specs=nano.specs -mfpu=fpv4-sp-d16 -mfloat-abi=hard -mthumb -o "Core/Src/hardwareIn.o"
arm-none-eabi-g++ "../Core/Src/hardwareOut.cpp" -mcpu=cortex-m4 -std=gnu++14 -g3 -DDEBUG -DUSE_HAL_DRIVER -DSTM32L496xx -c -I../Core/Inc -I../Drivers/STM32L4xx_HAL_Driver/Inc -I../Drivers/STM32L4xx_HAL_Driver/Inc/Legacy -I../Drivers/CMSIS/Device/ST/STM32L4xx/Include -I../Drivers/CMSIS/Include -O0 -ffunction-sections -fdata-sections -fno-exceptions -fno-rtti -fno-use-cxa-atexit -Wall -fstack-usage -fcyclomatic-complexity -MMD -MP -MF"Core/Src/hardwareOut.d" -MT"Core/Src/hardwareOut.o" --specs=nano.specs -mfpu=fpv4-sp-d16 -mfloat-abi=hard -mthumb -o "Core/Src/hardwareOut.o"
arm-none-eabi-g++ -o "KM3000_V1R0_A0.0.elf" @"objects.list"   -mcpu=cortex-m4 -T"D:\Krea Mining\MAC2\src\KM3000_V1R0_A0.0\STM32L496VGTX_FLASH.ld" --specs=nosys.specs -Wl,-Map="KM3000_V1R0_A0.0.map" -Wl,--gc-sections -static --specs=nano.specs -mfpu=fpv4-sp-d16 -mfloat-abi=hard -mthumb -Wl,--start-group -lc -lm -lstdc++ -lsupc++ -Wl,--end-group
D:/ST/STM32CubeIDE_1.15.0/STM32CubeIDE/plugins/com.st.stm32cube.ide.mcu.externaltools.gnu-tools-for-stm32.12.3.rel1.win32_1.0.100.202403111256/tools/bin/../lib/gcc/arm-none-eabi/12.3.1/../../../../arm-none-eabi/bin/ld.exe: warning: KM3000_V1R0_A0.0.elf has a LOAD segment with RWX permissions
Finished building target: KM3000_V1R0_A0.0.elf
 
arm-none-eabi-size  KM3000_V1R0_A0.0.elf 
arm-none-eabi-objdump -h -S KM3000_V1R0_A0.0.elf  > "KM3000_V1R0_A0.0.list"
   text	   data	    bss	    dec	    hex	filename
  50464	    888	   3880	  55232	   d7c0	KM3000_V1R0_A0.0.elf
Finished building: default.size.stdout
 
Finished building: KM3000_V1R0_A0.0.list
 
13:58:11 **** Incremental Build of configuration Debug for project KM3000_V1R0_A0.0 ****
make -j8 all 
arm-none-eabi-g++ "../Core/Src/hardwareOut.cpp" -mcpu=cortex-m4 -std=gnu++14 -g3 -DDEBUG -DUSE_HAL_DRIVER -DSTM32L496xx -c -I../Core/Inc -I../Drivers/STM32L4xx_HAL_Driver/Inc -I../Drivers/STM32L4xx_HAL_Driver/Inc/Legacy -I../Drivers/CMSIS/Device/ST/STM32L4xx/Include -I../Drivers/CMSIS/Include -O0 -ffunction-sections -fdata-sections -fno-exceptions -fno-rtti -fno-use-cxa-atexit -Wall -fstack-usage -fcyclomatic-complexity -MMD -MP -MF"Core/Src/hardwareOut.d" -MT"Core/Src/hardwareOut.o" --specs=nano.specs -mfpu=fpv4-sp-d16 -mfloat-abi=hard -mthumb -o "Core/Src/hardwareOut.o"
arm-none-eabi-g++ -o "KM3000_V1R0_A0.0.elf" @"objects.list"   -mcpu=cortex-m4 -T"D:\Krea Mining\MAC2\src\KM3000_V1R0_A0.0\STM32L496VGTX_FLASH.ld" --specs=nosys.specs -Wl,-Map="KM3000_V1R0_A0.0.map" -Wl,--gc-sections -static --specs=nano.specs -mfpu=fpv4-sp-d16 -mfloat-abi=hard -mthumb -Wl,--start-group -lc -lm -lstdc++ -lsupc++ -Wl,--end-group
D:/ST/STM32CubeIDE_1.15.0/STM32CubeIDE/plugins/com.st.stm32cube.ide.mcu.externaltools.gnu-tools-for-stm32.12.3.rel1.win32_1.0.100.202403111256/tools/bin/../lib/gcc/arm-none-eabi/12.3.1/../../../../arm-none-eabi/bin/ld.exe: warning: KM3000_V1R0_A0.0.elf has a LOAD segment with RWX permissions
Finished building target: KM3000_V1R0_A0.0.elf
 
arm-none-eabi-size  KM3000_V1R0_A0.0.elf 
arm-none-eabi-objdump -h -S KM3000_V1R0_A0.0.elf  > "KM3000_V1R0_A0.0.list"
   text	   data	    bss	    dec	    hex	filename
  50460	    888	   3880	  55228	   d7bc	KM3000_V1R0_A0.0.elf
Finished building: default.size.stdout
 
Finished building: KM3000_V1R0_A0.0.list
 
13:58:14 **** Incremental Build of configuration Debug for project macSystem ****
make -j8 all 
arm-none-eabi-size  macSystem.elf 
   text	   data	    bss	    dec	    hex	filename
  17296	     28	   2320	  19644	   4cbc	macSystem.elf
Finished building: default.size.stdout
 
13:59:01 **** Incremental Build of configuration Debug for project KM3000_V1R0_A0.0 ****
make -j8 all 
arm-none-eabi-size  KM3000_V1R0_A0.0.elf 
   text	   data	    bss	    dec	    hex	filename
  50460	    888	   3880	  55228	   d7bc	KM3000_V1R0_A0.0.elf
Finished building: default.size.stdout
 
14:03:07 **** Incremental Build of configuration Debug for project KM3000_V1R0_A0.0 ****
make -j8 all 
arm-none-eabi-g++ "../Core/Src/loraLink.cpp" -mcpu=cortex-m4 -std=gnu++14 -g3 -DDEBUG -DUSE_HAL_DRIVER -DSTM32L496xx -c -I../Core/Inc -I../Drivers/STM32L4xx_HAL_Driver/Inc -I../Drivers/STM32L4xx_HAL_Driver/Inc/Legacy -I../Drivers/CMSIS/Device/ST/STM32L4xx/Include -I../Drivers/CMSIS/Include -O0 -ffunction-sections -fdata-sections -fno-exceptions -fno-rtti -fno-use-cxa-atexit -Wall -fstack-usage -fcyclomatic-complexity -MMD -MP -MF"Core/Src/loraLink.d" -MT"Core/Src/loraLink.o" --specs=nano.specs -mfpu=fpv4-sp-d16 -mfloat-abi=hard -mthumb -o "Core/Src/loraLink.o"
../Core/Src/loraLink.cpp: In member function 'void loraCheck::newResponse(uint8_t*, uint8_t)':
../Core/Src/loraLink.cpp:136:17: warning: unused variable 'k' [-Wunused-variable]
  136 |         uint8_t k;
      |                 ^
arm-none-eabi-g++ -o "KM3000_V1R0_A0.0.elf" @"objects.list"   -mcpu=cortex-m4 -T"D:\Krea Mining\MAC2\src\KM3000_V1R0_A0.0\STM32L496VGTX_FLASH.ld" --specs=nosys.specs -Wl,-Map="KM3000_V1R0_A0.0.map" -Wl,--gc-sections -static --specs=nano.specs -mfpu=fpv4-sp-d16 -mfloat-abi=hard -mthumb -Wl,--start-group -lc -lm -lstdc++ -lsupc++ -Wl,--end-group
D:/ST/STM32CubeIDE_1.15.0/STM32CubeIDE/plugins/com.st.stm32cube.ide.mcu.externaltools.gnu-tools-for-stm32.12.3.rel1.win32_1.0.100.202403111256/tools/bin/../lib/gcc/arm-none-eabi/12.3.1/../../../../arm-none-eabi/bin/ld.exe: warning: KM3000_V1R0_A0.0.elf has a LOAD segment with RWX permissions
Finished building target: KM3000_V1R0_A0.0.elf
 
arm-none-eabi-size  KM3000_V1R0_A0.0.elf 
arm-none-eabi-objdump -h -S KM3000_V1R0_A0.0.elf  > "KM3000_V1R0_A0.0.list"
   text	   data	    bss	    dec	    hex	filename
  50436	    888	   3880	  55204	   d7a4	KM3000_V1R0_A0.0.elf
Finished building: default.size.stdout
 
Finished building: KM3000_V1R0_A0.0.list
 
14:08:09 **** Incremental Build of configuration Debug for project KM3000_V1R0_A0.0 ****
make -j8 all 
arm-none-eabi-g++ "../Core/Src/loraLink.cpp" -mcpu=cortex-m4 -std=gnu++14 -g3 -DDEBUG -DUSE_HAL_DRIVER -DSTM32L496xx -c -I../Core/Inc -I../Drivers/STM32L4xx_HAL_Driver/Inc -I../Drivers/STM32L4xx_HAL_Driver/Inc/Legacy -I../Drivers/CMSIS/Device/ST/STM32L4xx/Include -I../Drivers/CMSIS/Include -O0 -ffunction-sections -fdata-sections -fno-exceptions -fno-rtti -fno-use-cxa-atexit -Wall -fstack-usage -fcyclomatic-complexity -MMD -MP -MF"Core/Src/loraLink.d" -MT"Core/Src/loraLink.o" --specs=nano.specs -mfpu=fpv4-sp-d16 -mfloat-abi=hard -mthumb -o "Core/Src/loraLink.o"
arm-none-eabi-g++ -o "KM3000_V1R0_A0.0.elf" @"objects.list"   -mcpu=cortex-m4 -T"D:\Krea Mining\MAC2\src\KM3000_V1R0_A0.0\STM32L496VGTX_FLASH.ld" --specs=nosys.specs -Wl,-Map="KM3000_V1R0_A0.0.map" -Wl,--gc-sections -static --specs=nano.specs -mfpu=fpv4-sp-d16 -mfloat-abi=hard -mthumb -Wl,--start-group -lc -lm -lstdc++ -lsupc++ -Wl,--end-group
D:/ST/STM32CubeIDE_1.15.0/STM32CubeIDE/plugins/com.st.stm32cube.ide.mcu.externaltools.gnu-tools-for-stm32.12.3.rel1.win32_1.0.100.202403111256/tools/bin/../lib/gcc/arm-none-eabi/12.3.1/../../../../arm-none-eabi/bin/ld.exe: warning: KM3000_V1R0_A0.0.elf has a LOAD segment with RWX permissions
Finished building target: KM3000_V1R0_A0.0.elf
 
arm-none-eabi-size  KM3000_V1R0_A0.0.elf 
arm-none-eabi-objdump -h -S KM3000_V1R0_A0.0.elf  > "KM3000_V1R0_A0.0.list"
   text	   data	    bss	    dec	    hex	filename
  50436	    888	   3880	  55204	   d7a4	KM3000_V1R0_A0.0.elf
Finished building: default.size.stdout
 
Finished building: KM3000_V1R0_A0.0.list
 
14:09:53 **** Incremental Build of configuration Debug for project KM3000_V1R0_A0.0 ****
make -j8 all 
arm-none-eabi-g++ "../Core/Src/loraLink.cpp" -mcpu=cortex-m4 -std=gnu++14 -g3 -DDEBUG -DUSE_HAL_DRIVER -DSTM32L496xx -c -I../Core/Inc -I../Drivers/STM32L4xx_HAL_Driver/Inc -I../Drivers/STM32L4xx_HAL_Driver/Inc/Legacy -I../Drivers/CMSIS/Device/ST/STM32L4xx/Include -I../Drivers/CMSIS/Include -O0 -ffunction-sections -fdata-sections -fno-exceptions -fno-rtti -fno-use-cxa-atexit -Wall -fstack-usage -fcyclomatic-complexity -MMD -MP -MF"Core/Src/loraLink.d" -MT"Core/Src/loraLink.o" --specs=nano.specs -mfpu=fpv4-sp-d16 -mfloat-abi=hard -mthumb -o "Core/Src/loraLink.o"
arm-none-eabi-g++ -o "KM3000_V1R0_A0.0.elf" @"objects.list"   -mcpu=cortex-m4 -T"D:\Krea Mining\MAC2\src\KM3000_V1R0_A0.0\STM32L496VGTX_FLASH.ld" --specs=nosys.specs -Wl,-Map="KM3000_V1R0_A0.0.map" -Wl,--gc-sections -static --specs=nano.specs -mfpu=fpv4-sp-d16 -mfloat-abi=hard -mthumb -Wl,--start-group -lc -lm -lstdc++ -lsupc++ -Wl,--end-group
D:/ST/STM32CubeIDE_1.15.0/STM32CubeIDE/plugins/com.st.stm32cube.ide.mcu.externaltools.gnu-tools-for-stm32.12.3.rel1.win32_1.0.100.202403111256/tools/bin/../lib/gcc/arm-none-eabi/12.3.1/../../../../arm-none-eabi/bin/ld.exe: warning: KM3000_V1R0_A0.0.elf has a LOAD segment with RWX permissions
Finished building target: KM3000_V1R0_A0.0.elf
 
arm-none-eabi-size  KM3000_V1R0_A0.0.elf 
arm-none-eabi-objdump -h -S KM3000_V1R0_A0.0.elf  > "KM3000_V1R0_A0.0.list"
   text	   data	    bss	    dec	    hex	filename
  50436	    888	   3880	  55204	   d7a4	KM3000_V1R0_A0.0.elf
Finished building: default.size.stdout
 
Finished building: KM3000_V1R0_A0.0.list
 
14:12:29 **** Incremental Build of configuration Debug for project KM3000_V1R0_A0.0 ****
make -j8 all 
arm-none-eabi-g++ "../Core/Src/app.cpp" -mcpu=cortex-m4 -std=gnu++14 -g3 -DDEBUG -DUSE_HAL_DRIVER -DSTM32L496xx -c -I../Core/Inc -I../Drivers/STM32L4xx_HAL_Driver/Inc -I../Drivers/STM32L4xx_HAL_Driver/Inc/Legacy -I../Drivers/CMSIS/Device/ST/STM32L4xx/Include -I../Drivers/CMSIS/Include -O0 -ffunction-sections -fdata-sections -fno-exceptions -fno-rtti -fno-use-cxa-atexit -Wall -fstack-usage -fcyclomatic-complexity -MMD -MP -MF"Core/Src/app.d" -MT"Core/Src/app.o" --specs=nano.specs -mfpu=fpv4-sp-d16 -mfloat-abi=hard -mthumb -o "Core/Src/app.o"
arm-none-eabi-g++ -o "KM3000_V1R0_A0.0.elf" @"objects.list"   -mcpu=cortex-m4 -T"D:\Krea Mining\MAC2\src\KM3000_V1R0_A0.0\STM32L496VGTX_FLASH.ld" --specs=nosys.specs -Wl,-Map="KM3000_V1R0_A0.0.map" -Wl,--gc-sections -static --specs=nano.specs -mfpu=fpv4-sp-d16 -mfloat-abi=hard -mthumb -Wl,--start-group -lc -lm -lstdc++ -lsupc++ -Wl,--end-group
D:/ST/STM32CubeIDE_1.15.0/STM32CubeIDE/plugins/com.st.stm32cube.ide.mcu.externaltools.gnu-tools-for-stm32.12.3.rel1.win32_1.0.100.202403111256/tools/bin/../lib/gcc/arm-none-eabi/12.3.1/../../../../arm-none-eabi/bin/ld.exe: warning: KM3000_V1R0_A0.0.elf has a LOAD segment with RWX permissions
Finished building target: KM3000_V1R0_A0.0.elf
 
arm-none-eabi-size  KM3000_V1R0_A0.0.elf 
arm-none-eabi-objdump -h -S KM3000_V1R0_A0.0.elf  > "KM3000_V1R0_A0.0.list"
   text	   data	    bss	    dec	    hex	filename
  50436	    888	   3880	  55204	   d7a4	KM3000_V1R0_A0.0.elf
Finished building: default.size.stdout
 
Finished building: KM3000_V1R0_A0.0.list
 
14:23:49 **** Incremental Build of configuration Debug for project KM3000_V1R0_A0.0 ****
make -j8 all 
arm-none-eabi-g++ "../Core/Src/loraLink.cpp" -mcpu=cortex-m4 -std=gnu++14 -g3 -DDEBUG -DUSE_HAL_DRIVER -DSTM32L496xx -c -I../Core/Inc -I../Drivers/STM32L4xx_HAL_Driver/Inc -I../Drivers/STM32L4xx_HAL_Driver/Inc/Legacy -I../Drivers/CMSIS/Device/ST/STM32L4xx/Include -I../Drivers/CMSIS/Include -O0 -ffunction-sections -fdata-sections -fno-exceptions -fno-rtti -fno-use-cxa-atexit -Wall -fstack-usage -fcyclomatic-complexity -MMD -MP -MF"Core/Src/loraLink.d" -MT"Core/Src/loraLink.o" --specs=nano.specs -mfpu=fpv4-sp-d16 -mfloat-abi=hard -mthumb -o "Core/Src/loraLink.o"
arm-none-eabi-g++ -o "KM3000_V1R0_A0.0.elf" @"objects.list"   -mcpu=cortex-m4 -T"D:\Krea Mining\MAC2\src\KM3000_V1R0_A0.0\STM32L496VGTX_FLASH.ld" --specs=nosys.specs -Wl,-Map="KM3000_V1R0_A0.0.map" -Wl,--gc-sections -static --specs=nano.specs -mfpu=fpv4-sp-d16 -mfloat-abi=hard -mthumb -Wl,--start-group -lc -lm -lstdc++ -lsupc++ -Wl,--end-group
D:/ST/STM32CubeIDE_1.15.0/STM32CubeIDE/plugins/com.st.stm32cube.ide.mcu.externaltools.gnu-tools-for-stm32.12.3.rel1.win32_1.0.100.202403111256/tools/bin/../lib/gcc/arm-none-eabi/12.3.1/../../../../arm-none-eabi/bin/ld.exe: warning: KM3000_V1R0_A0.0.elf has a LOAD segment with RWX permissions
Finished building target: KM3000_V1R0_A0.0.elf
 
arm-none-eabi-size  KM3000_V1R0_A0.0.elf 
arm-none-eabi-objdump -h -S KM3000_V1R0_A0.0.elf  > "KM3000_V1R0_A0.0.list"
   text	   data	    bss	    dec	    hex	filename
  50436	    888	   3880	  55204	   d7a4	KM3000_V1R0_A0.0.elf
Finished building: default.size.stdout
 
Finished building: KM3000_V1R0_A0.0.list
 
14:24:42 **** Incremental Build of configuration Debug for project KM3000_V1R0_A0.0 ****
make -j8 all 
arm-none-eabi-size  KM3000_V1R0_A0.0.elf 
   text	   data	    bss	    dec	    hex	filename
  50436	    888	   3880	  55204	   d7a4	KM3000_V1R0_A0.0.elf
Finished building: default.size.stdout
 
14:27:01 **** Incremental Build of configuration Debug for project KM3000_V1R0_A0.0 ****
make -j8 all 
arm-none-eabi-g++ "../Core/Src/loraLink.cpp" -mcpu=cortex-m4 -std=gnu++14 -g3 -DDEBUG -DUSE_HAL_DRIVER -DSTM32L496xx -c -I../Core/Inc -I../Drivers/STM32L4xx_HAL_Driver/Inc -I../Drivers/STM32L4xx_HAL_Driver/Inc/Legacy -I../Drivers/CMSIS/Device/ST/STM32L4xx/Include -I../Drivers/CMSIS/Include -O0 -ffunction-sections -fdata-sections -fno-exceptions -fno-rtti -fno-use-cxa-atexit -Wall -fstack-usage -fcyclomatic-complexity -MMD -MP -MF"Core/Src/loraLink.d" -MT"Core/Src/loraLink.o" --specs=nano.specs -mfpu=fpv4-sp-d16 -mfloat-abi=hard -mthumb -o "Core/Src/loraLink.o"
arm-none-eabi-g++ -o "KM3000_V1R0_A0.0.elf" @"objects.list"   -mcpu=cortex-m4 -T"D:\Krea Mining\MAC2\src\KM3000_V1R0_A0.0\STM32L496VGTX_FLASH.ld" --specs=nosys.specs -Wl,-Map="KM3000_V1R0_A0.0.map" -Wl,--gc-sections -static --specs=nano.specs -mfpu=fpv4-sp-d16 -mfloat-abi=hard -mthumb -Wl,--start-group -lc -lm -lstdc++ -lsupc++ -Wl,--end-group
D:/ST/STM32CubeIDE_1.15.0/STM32CubeIDE/plugins/com.st.stm32cube.ide.mcu.externaltools.gnu-tools-for-stm32.12.3.rel1.win32_1.0.100.202403111256/tools/bin/../lib/gcc/arm-none-eabi/12.3.1/../../../../arm-none-eabi/bin/ld.exe: warning: KM3000_V1R0_A0.0.elf has a LOAD segment with RWX permissions
Finished building target: KM3000_V1R0_A0.0.elf
 
arm-none-eabi-size  KM3000_V1R0_A0.0.elf 
arm-none-eabi-objdump -h -S KM3000_V1R0_A0.0.elf  > "KM3000_V1R0_A0.0.list"
   text	   data	    bss	    dec	    hex	filename
  50436	    888	   3880	  55204	   d7a4	KM3000_V1R0_A0.0.elf
Finished building: default.size.stdout
 
Finished building: KM3000_V1R0_A0.0.list
 
14:34:43 **** Incremental Build of configuration Debug for project KM3000_V1R0_A0.0 ****
make -j8 all 
arm-none-eabi-g++ "../Core/Src/loraLink.cpp" -mcpu=cortex-m4 -std=gnu++14 -g3 -DDEBUG -DUSE_HAL_DRIVER -DSTM32L496xx -c -I../Core/Inc -I../Drivers/STM32L4xx_HAL_Driver/Inc -I../Drivers/STM32L4xx_HAL_Driver/Inc/Legacy -I../Drivers/CMSIS/Device/ST/STM32L4xx/Include -I../Drivers/CMSIS/Include -O0 -ffunction-sections -fdata-sections -fno-exceptions -fno-rtti -fno-use-cxa-atexit -Wall -fstack-usage -fcyclomatic-complexity -MMD -MP -MF"Core/Src/loraLink.d" -MT"Core/Src/loraLink.o" --specs=nano.specs -mfpu=fpv4-sp-d16 -mfloat-abi=hard -mthumb -o "Core/Src/loraLink.o"
arm-none-eabi-g++ -o "KM3000_V1R0_A0.0.elf" @"objects.list"   -mcpu=cortex-m4 -T"D:\Krea Mining\MAC2\src\KM3000_V1R0_A0.0\STM32L496VGTX_FLASH.ld" --specs=nosys.specs -Wl,-Map="KM3000_V1R0_A0.0.map" -Wl,--gc-sections -static --specs=nano.specs -mfpu=fpv4-sp-d16 -mfloat-abi=hard -mthumb -Wl,--start-group -lc -lm -lstdc++ -lsupc++ -Wl,--end-group
D:/ST/STM32CubeIDE_1.15.0/STM32CubeIDE/plugins/com.st.stm32cube.ide.mcu.externaltools.gnu-tools-for-stm32.12.3.rel1.win32_1.0.100.202403111256/tools/bin/../lib/gcc/arm-none-eabi/12.3.1/../../../../arm-none-eabi/bin/ld.exe: warning: KM3000_V1R0_A0.0.elf has a LOAD segment with RWX permissions
Finished building target: KM3000_V1R0_A0.0.elf
 
arm-none-eabi-size  KM3000_V1R0_A0.0.elf 
arm-none-eabi-objdump -h -S KM3000_V1R0_A0.0.elf  > "KM3000_V1R0_A0.0.list"
   text	   data	    bss	    dec	    hex	filename
  50436	    888	   3880	  55204	   d7a4	KM3000_V1R0_A0.0.elf
Finished building: default.size.stdout
 
Finished building: KM3000_V1R0_A0.0.list
 
14:36:15 **** Incremental Build of configuration Debug for project KM3000_V1R0_A0.0 ****
make -j8 all 
arm-none-eabi-g++ "../Core/Src/hardwareOut.cpp" -mcpu=cortex-m4 -std=gnu++14 -g3 -DDEBUG -DUSE_HAL_DRIVER -DSTM32L496xx -c -I../Core/Inc -I../Drivers/STM32L4xx_HAL_Driver/Inc -I../Drivers/STM32L4xx_HAL_Driver/Inc/Legacy -I../Drivers/CMSIS/Device/ST/STM32L4xx/Include -I../Drivers/CMSIS/Include -O0 -ffunction-sections -fdata-sections -fno-exceptions -fno-rtti -fno-use-cxa-atexit -Wall -fstack-usage -fcyclomatic-complexity -MMD -MP -MF"Core/Src/hardwareOut.d" -MT"Core/Src/hardwareOut.o" --specs=nano.specs -mfpu=fpv4-sp-d16 -mfloat-abi=hard -mthumb -o "Core/Src/hardwareOut.o"
../Core/Src/hardwareOut.cpp:74:9: error: conflicting declaration 'uint8_t countResetHwLora'
   74 | uint8_t countResetHwLora;
      |         ^~~~~~~~~~~~~~~~
../Core/Src/hardwareOut.cpp:69:5: note: previous declaration as 'int countResetHwLora'
   69 | int countResetHwLora;                                   // Contador de reinicio de chip
      |     ^~~~~~~~~~~~~~~~
make: *** [Core/Src/subdir.mk:83: Core/Src/hardwareOut.o] Error 1
"make -j8 all" terminated with exit code 2. Build might be incomplete.
14:37:08 **** Incremental Build of configuration Debug for project KM3000_V1R0_A0.0 ****
make -j8 all 
arm-none-eabi-g++ "../Core/Src/hardwareOut.cpp" -mcpu=cortex-m4 -std=gnu++14 -g3 -DDEBUG -DUSE_HAL_DRIVER -DSTM32L496xx -c -I../Core/Inc -I../Drivers/STM32L4xx_HAL_Driver/Inc -I../Drivers/STM32L4xx_HAL_Driver/Inc/Legacy -I../Drivers/CMSIS/Device/ST/STM32L4xx/Include -I../Drivers/CMSIS/Include -O0 -ffunction-sections -fdata-sections -fno-exceptions -fno-rtti -fno-use-cxa-atexit -Wall -fstack-usage -fcyclomatic-complexity -MMD -MP -MF"Core/Src/hardwareOut.d" -MT"Core/Src/hardwareOut.o" --specs=nano.specs -mfpu=fpv4-sp-d16 -mfloat-abi=hard -mthumb -o "Core/Src/hardwareOut.o"
arm-none-eabi-g++ -o "KM3000_V1R0_A0.0.elf" @"objects.list"   -mcpu=cortex-m4 -T"D:\Krea Mining\MAC2\src\KM3000_V1R0_A0.0\STM32L496VGTX_FLASH.ld" --specs=nosys.specs -Wl,-Map="KM3000_V1R0_A0.0.map" -Wl,--gc-sections -static --specs=nano.specs -mfpu=fpv4-sp-d16 -mfloat-abi=hard -mthumb -Wl,--start-group -lc -lm -lstdc++ -lsupc++ -Wl,--end-group
D:/ST/STM32CubeIDE_1.15.0/STM32CubeIDE/plugins/com.st.stm32cube.ide.mcu.externaltools.gnu-tools-for-stm32.12.3.rel1.win32_1.0.100.202403111256/tools/bin/../lib/gcc/arm-none-eabi/12.3.1/../../../../arm-none-eabi/bin/ld.exe: warning: KM3000_V1R0_A0.0.elf has a LOAD segment with RWX permissions
Finished building target: KM3000_V1R0_A0.0.elf
 
arm-none-eabi-size  KM3000_V1R0_A0.0.elf 
arm-none-eabi-objdump -h -S KM3000_V1R0_A0.0.elf  > "KM3000_V1R0_A0.0.list"
   text	   data	    bss	    dec	    hex	filename
  50452	    888	   3880	  55220	   d7b4	KM3000_V1R0_A0.0.elf
Finished building: default.size.stdout
 
Finished building: KM3000_V1R0_A0.0.list
 
14:47:58 **** Incremental Build of configuration Debug for project KM3000_V1R0_A0.0 ****
make -j8 all 
arm-none-eabi-g++ "../Core/Src/tcpIn.cpp" -mcpu=cortex-m4 -std=gnu++14 -g3 -DDEBUG -DUSE_HAL_DRIVER -DSTM32L496xx -c -I../Core/Inc -I../Drivers/STM32L4xx_HAL_Driver/Inc -I../Drivers/STM32L4xx_HAL_Driver/Inc/Legacy -I../Drivers/CMSIS/Device/ST/STM32L4xx/Include -I../Drivers/CMSIS/Include -O0 -ffunction-sections -fdata-sections -fno-exceptions -fno-rtti -fno-use-cxa-atexit -Wall -fstack-usage -fcyclomatic-complexity -MMD -MP -MF"Core/Src/tcpIn.d" -MT"Core/Src/tcpIn.o" --specs=nano.specs -mfpu=fpv4-sp-d16 -mfloat-abi=hard -mthumb -o "Core/Src/tcpIn.o"
arm-none-eabi-g++ -o "KM3000_V1R0_A0.0.elf" @"objects.list"   -mcpu=cortex-m4 -T"D:\Krea Mining\MAC2\src\KM3000_V1R0_A0.0\STM32L496VGTX_FLASH.ld" --specs=nosys.specs -Wl,-Map="KM3000_V1R0_A0.0.map" -Wl,--gc-sections -static --specs=nano.specs -mfpu=fpv4-sp-d16 -mfloat-abi=hard -mthumb -Wl,--start-group -lc -lm -lstdc++ -lsupc++ -Wl,--end-group
D:/ST/STM32CubeIDE_1.15.0/STM32CubeIDE/plugins/com.st.stm32cube.ide.mcu.externaltools.gnu-tools-for-stm32.12.3.rel1.win32_1.0.100.202403111256/tools/bin/../lib/gcc/arm-none-eabi/12.3.1/../../../../arm-none-eabi/bin/ld.exe: warning: KM3000_V1R0_A0.0.elf has a LOAD segment with RWX permissions
Finished building target: KM3000_V1R0_A0.0.elf
 
arm-none-eabi-size  KM3000_V1R0_A0.0.elf 
arm-none-eabi-objdump -h -S KM3000_V1R0_A0.0.elf  > "KM3000_V1R0_A0.0.list"
   text	   data	    bss	    dec	    hex	filename
  50448	    888	   3880	  55216	   d7b0	KM3000_V1R0_A0.0.elf
Finished building: default.size.stdout
 
Finished building: KM3000_V1R0_A0.0.list
 
15:00:24 **** Incremental Build of configuration Debug for project KM3000_V1R0_A0.0 ****
make -j8 all 
arm-none-eabi-g++ "../Core/Src/hardwareOut.cpp" -mcpu=cortex-m4 -std=gnu++14 -g3 -DDEBUG -DUSE_HAL_DRIVER -DSTM32L496xx -c -I../Core/Inc -I../Drivers/STM32L4xx_HAL_Driver/Inc -I../Drivers/STM32L4xx_HAL_Driver/Inc/Legacy -I../Drivers/CMSIS/Device/ST/STM32L4xx/Include -I../Drivers/CMSIS/Include -O0 -ffunction-sections -fdata-sections -fno-exceptions -fno-rtti -fno-use-cxa-atexit -Wall -fstack-usage -fcyclomatic-complexity -MMD -MP -MF"Core/Src/hardwareOut.d" -MT"Core/Src/hardwareOut.o" --specs=nano.specs -mfpu=fpv4-sp-d16 -mfloat-abi=hard -mthumb -o "Core/Src/hardwareOut.o"
arm-none-eabi-g++ "../Core/Src/main.cpp" -mcpu=cortex-m4 -std=gnu++14 -g3 -DDEBUG -DUSE_HAL_DRIVER -DSTM32L496xx -c -I../Core/Inc -I../Drivers/STM32L4xx_HAL_Driver/Inc -I../Drivers/STM32L4xx_HAL_Driver/Inc/Legacy -I../Drivers/CMSIS/Device/ST/STM32L4xx/Include -I../Drivers/CMSIS/Include -O0 -ffunction-sections -fdata-sections -fno-exceptions -fno-rtti -fno-use-cxa-atexit -Wall -fstack-usage -fcyclomatic-complexity -MMD -MP -MF"Core/Src/main.d" -MT"Core/Src/main.o" --specs=nano.specs -mfpu=fpv4-sp-d16 -mfloat-abi=hard -mthumb -o "Core/Src/main.o"
arm-none-eabi-g++ -o "KM3000_V1R0_A0.0.elf" @"objects.list"   -mcpu=cortex-m4 -T"D:\Krea Mining\MAC2\src\KM3000_V1R0_A0.0\STM32L496VGTX_FLASH.ld" --specs=nosys.specs -Wl,-Map="KM3000_V1R0_A0.0.map" -Wl,--gc-sections -static --specs=nano.specs -mfpu=fpv4-sp-d16 -mfloat-abi=hard -mthumb -Wl,--start-group -lc -lm -lstdc++ -lsupc++ -Wl,--end-group
D:/ST/STM32CubeIDE_1.15.0/STM32CubeIDE/plugins/com.st.stm32cube.ide.mcu.externaltools.gnu-tools-for-stm32.12.3.rel1.win32_1.0.100.202403111256/tools/bin/../lib/gcc/arm-none-eabi/12.3.1/../../../../arm-none-eabi/bin/ld.exe: warning: KM3000_V1R0_A0.0.elf has a LOAD segment with RWX permissions
Finished building target: KM3000_V1R0_A0.0.elf
 
arm-none-eabi-size  KM3000_V1R0_A0.0.elf 
arm-none-eabi-objdump -h -S KM3000_V1R0_A0.0.elf  > "KM3000_V1R0_A0.0.list"
   text	   data	    bss	    dec	    hex	filename
  50448	    888	   3832	  55168	   d780	KM3000_V1R0_A0.0.elf
Finished building: default.size.stdout
 
Finished building: KM3000_V1R0_A0.0.list
 
15:03:07 **** Incremental Build of configuration Debug for project KM3000_V1R0_A0.0 ****
make -j8 all 
arm-none-eabi-g++ "../Core/Src/main.cpp" -mcpu=cortex-m4 -std=gnu++14 -g3 -DDEBUG -DUSE_HAL_DRIVER -DSTM32L496xx -c -I../Core/Inc -I../Drivers/STM32L4xx_HAL_Driver/Inc -I../Drivers/STM32L4xx_HAL_Driver/Inc/Legacy -I../Drivers/CMSIS/Device/ST/STM32L4xx/Include -I../Drivers/CMSIS/Include -O0 -ffunction-sections -fdata-sections -fno-exceptions -fno-rtti -fno-use-cxa-atexit -Wall -fstack-usage -fcyclomatic-complexity -MMD -MP -MF"Core/Src/main.d" -MT"Core/Src/main.o" --specs=nano.specs -mfpu=fpv4-sp-d16 -mfloat-abi=hard -mthumb -o "Core/Src/main.o"
arm-none-eabi-g++ -o "KM3000_V1R0_A0.0.elf" @"objects.list"   -mcpu=cortex-m4 -T"D:\Krea Mining\MAC2\src\KM3000_V1R0_A0.0\STM32L496VGTX_FLASH.ld" --specs=nosys.specs -Wl,-Map="KM3000_V1R0_A0.0.map" -Wl,--gc-sections -static --specs=nano.specs -mfpu=fpv4-sp-d16 -mfloat-abi=hard -mthumb -Wl,--start-group -lc -lm -lstdc++ -lsupc++ -Wl,--end-group
D:/ST/STM32CubeIDE_1.15.0/STM32CubeIDE/plugins/com.st.stm32cube.ide.mcu.externaltools.gnu-tools-for-stm32.12.3.rel1.win32_1.0.100.202403111256/tools/bin/../lib/gcc/arm-none-eabi/12.3.1/../../../../arm-none-eabi/bin/ld.exe: warning: KM3000_V1R0_A0.0.elf has a LOAD segment with RWX permissions
Finished building target: KM3000_V1R0_A0.0.elf
 
arm-none-eabi-size  KM3000_V1R0_A0.0.elf 
arm-none-eabi-objdump -h -S KM3000_V1R0_A0.0.elf  > "KM3000_V1R0_A0.0.list"
   text	   data	    bss	    dec	    hex	filename
  50392	    888	   3824	  55104	   d740	KM3000_V1R0_A0.0.elf
Finished building: default.size.stdout
 
Finished building: KM3000_V1R0_A0.0.list
 
15:04:07 **** Incremental Build of configuration Debug for project KM3000_V1R0_A0.0 ****
make -j8 all 
arm-none-eabi-g++ "../Core/Src/main.cpp" -mcpu=cortex-m4 -std=gnu++14 -g3 -DDEBUG -DUSE_HAL_DRIVER -DSTM32L496xx -c -I../Core/Inc -I../Drivers/STM32L4xx_HAL_Driver/Inc -I../Drivers/STM32L4xx_HAL_Driver/Inc/Legacy -I../Drivers/CMSIS/Device/ST/STM32L4xx/Include -I../Drivers/CMSIS/Include -O0 -ffunction-sections -fdata-sections -fno-exceptions -fno-rtti -fno-use-cxa-atexit -Wall -fstack-usage -fcyclomatic-complexity -MMD -MP -MF"Core/Src/main.d" -MT"Core/Src/main.o" --specs=nano.specs -mfpu=fpv4-sp-d16 -mfloat-abi=hard -mthumb -o "Core/Src/main.o"
arm-none-eabi-g++ -o "KM3000_V1R0_A0.0.elf" @"objects.list"   -mcpu=cortex-m4 -T"D:\Krea Mining\MAC2\src\KM3000_V1R0_A0.0\STM32L496VGTX_FLASH.ld" --specs=nosys.specs -Wl,-Map="KM3000_V1R0_A0.0.map" -Wl,--gc-sections -static --specs=nano.specs -mfpu=fpv4-sp-d16 -mfloat-abi=hard -mthumb -Wl,--start-group -lc -lm -lstdc++ -lsupc++ -Wl,--end-group
D:/ST/STM32CubeIDE_1.15.0/STM32CubeIDE/plugins/com.st.stm32cube.ide.mcu.externaltools.gnu-tools-for-stm32.12.3.rel1.win32_1.0.100.202403111256/tools/bin/../lib/gcc/arm-none-eabi/12.3.1/../../../../arm-none-eabi/bin/ld.exe: warning: KM3000_V1R0_A0.0.elf has a LOAD segment with RWX permissions
Finished building target: KM3000_V1R0_A0.0.elf
 
arm-none-eabi-size  KM3000_V1R0_A0.0.elf 
arm-none-eabi-objdump -h -S KM3000_V1R0_A0.0.elf  > "KM3000_V1R0_A0.0.list"
   text	   data	    bss	    dec	    hex	filename
  50452	    888	   3824	  55164	   d77c	KM3000_V1R0_A0.0.elf
Finished building: default.size.stdout
 
Finished building: KM3000_V1R0_A0.0.list
 
15:07:06 **** Incremental Build of configuration Debug for project KM3000_V1R0_A0.0 ****
make -j8 all 
arm-none-eabi-g++ "../Core/Src/hardwareOut.cpp" -mcpu=cortex-m4 -std=gnu++14 -g3 -DDEBUG -DUSE_HAL_DRIVER -DSTM32L496xx -c -I../Core/Inc -I../Drivers/STM32L4xx_HAL_Driver/Inc -I../Drivers/STM32L4xx_HAL_Driver/Inc/Legacy -I../Drivers/CMSIS/Device/ST/STM32L4xx/Include -I../Drivers/CMSIS/Include -O0 -ffunction-sections -fdata-sections -fno-exceptions -fno-rtti -fno-use-cxa-atexit -Wall -fstack-usage -fcyclomatic-complexity -MMD -MP -MF"Core/Src/hardwareOut.d" -MT"Core/Src/hardwareOut.o" --specs=nano.specs -mfpu=fpv4-sp-d16 -mfloat-abi=hard -mthumb -o "Core/Src/hardwareOut.o"
arm-none-eabi-g++ -o "KM3000_V1R0_A0.0.elf" @"objects.list"   -mcpu=cortex-m4 -T"D:\Krea Mining\MAC2\src\KM3000_V1R0_A0.0\STM32L496VGTX_FLASH.ld" --specs=nosys.specs -Wl,-Map="KM3000_V1R0_A0.0.map" -Wl,--gc-sections -static --specs=nano.specs -mfpu=fpv4-sp-d16 -mfloat-abi=hard -mthumb -Wl,--start-group -lc -lm -lstdc++ -lsupc++ -Wl,--end-group
D:/ST/STM32CubeIDE_1.15.0/STM32CubeIDE/plugins/com.st.stm32cube.ide.mcu.externaltools.gnu-tools-for-stm32.12.3.rel1.win32_1.0.100.202403111256/tools/bin/../lib/gcc/arm-none-eabi/12.3.1/../../../../arm-none-eabi/bin/ld.exe: warning: KM3000_V1R0_A0.0.elf has a LOAD segment with RWX permissions
Finished building target: KM3000_V1R0_A0.0.elf
 
arm-none-eabi-size  KM3000_V1R0_A0.0.elf 
arm-none-eabi-objdump -h -S KM3000_V1R0_A0.0.elf  > "KM3000_V1R0_A0.0.list"
   text	   data	    bss	    dec	    hex	filename
  50696	    888	   3832	  55416	   d878	KM3000_V1R0_A0.0.elf
Finished building: default.size.stdout
 
Finished building: KM3000_V1R0_A0.0.list
 
15:10:24 **** Incremental Build of configuration Debug for project KM3000_V1R0_A0.0 ****
make -j8 all 
arm-none-eabi-size  KM3000_V1R0_A0.0.elf 
   text	   data	    bss	    dec	    hex	filename
  50696	    888	   3832	  55416	   d878	KM3000_V1R0_A0.0.elf
Finished building: default.size.stdout
 
15:12:20 **** Incremental Build of configuration Debug for project KM3000_V1R0_A0.0 ****
make -j8 all 
arm-none-eabi-g++ "../Core/Src/linkIn.cpp" -mcpu=cortex-m4 -std=gnu++14 -g3 -DDEBUG -DUSE_HAL_DRIVER -DSTM32L496xx -c -I../Core/Inc -I../Drivers/STM32L4xx_HAL_Driver/Inc -I../Drivers/STM32L4xx_HAL_Driver/Inc/Legacy -I../Drivers/CMSIS/Device/ST/STM32L4xx/Include -I../Drivers/CMSIS/Include -O0 -ffunction-sections -fdata-sections -fno-exceptions -fno-rtti -fno-use-cxa-atexit -Wall -fstack-usage -fcyclomatic-complexity -MMD -MP -MF"Core/Src/linkIn.d" -MT"Core/Src/linkIn.o" --specs=nano.specs -mfpu=fpv4-sp-d16 -mfloat-abi=hard -mthumb -o "Core/Src/linkIn.o"
arm-none-eabi-g++ -o "KM3000_V1R0_A0.0.elf" @"objects.list"   -mcpu=cortex-m4 -T"D:\Krea Mining\MAC2\src\KM3000_V1R0_A0.0\STM32L496VGTX_FLASH.ld" --specs=nosys.specs -Wl,-Map="KM3000_V1R0_A0.0.map" -Wl,--gc-sections -static --specs=nano.specs -mfpu=fpv4-sp-d16 -mfloat-abi=hard -mthumb -Wl,--start-group -lc -lm -lstdc++ -lsupc++ -Wl,--end-group
D:/ST/STM32CubeIDE_1.15.0/STM32CubeIDE/plugins/com.st.stm32cube.ide.mcu.externaltools.gnu-tools-for-stm32.12.3.rel1.win32_1.0.100.202403111256/tools/bin/../lib/gcc/arm-none-eabi/12.3.1/../../../../arm-none-eabi/bin/ld.exe: warning: KM3000_V1R0_A0.0.elf has a LOAD segment with RWX permissions
Finished building target: KM3000_V1R0_A0.0.elf
 
arm-none-eabi-size  KM3000_V1R0_A0.0.elf 
arm-none-eabi-objdump -h -S KM3000_V1R0_A0.0.elf  > "KM3000_V1R0_A0.0.list"
   text	   data	    bss	    dec	    hex	filename
  50696	    888	   3832	  55416	   d878	KM3000_V1R0_A0.0.elf
Finished building: default.size.stdout
 
Finished building: KM3000_V1R0_A0.0.list
 
15:14:14 **** Incremental Build of configuration Debug for project KM3000_V1R0_A0.0 ****
make -j8 all 
arm-none-eabi-size  KM3000_V1R0_A0.0.elf 
   text	   data	    bss	    dec	    hex	filename
  50696	    888	   3832	  55416	   d878	KM3000_V1R0_A0.0.elf
Finished building: default.size.stdout
 
15:16:50 **** Incremental Build of configuration Debug for project KM3000_V1R0_A0.0 ****
make -j8 all 
arm-none-eabi-size  KM3000_V1R0_A0.0.elf 
   text	   data	    bss	    dec	    hex	filename
  50696	    888	   3832	  55416	   d878	KM3000_V1R0_A0.0.elf
Finished building: default.size.stdout
 
15:18:31 **** Incremental Build of configuration Debug for project KM3000_V1R0_A0.0 ****
make -j8 all 
arm-none-eabi-g++ "../Core/Src/hardwareOut.cpp" -mcpu=cortex-m4 -std=gnu++14 -g3 -DDEBUG -DUSE_HAL_DRIVER -DSTM32L496xx -c -I../Core/Inc -I../Drivers/STM32L4xx_HAL_Driver/Inc -I../Drivers/STM32L4xx_HAL_Driver/Inc/Legacy -I../Drivers/CMSIS/Device/ST/STM32L4xx/Include -I../Drivers/CMSIS/Include -O0 -ffunction-sections -fdata-sections -fno-exceptions -fno-rtti -fno-use-cxa-atexit -Wall -fstack-usage -fcyclomatic-complexity -MMD -MP -MF"Core/Src/hardwareOut.d" -MT"Core/Src/hardwareOut.o" --specs=nano.specs -mfpu=fpv4-sp-d16 -mfloat-abi=hard -mthumb -o "Core/Src/hardwareOut.o"
arm-none-eabi-g++ "../Core/Src/main.cpp" -mcpu=cortex-m4 -std=gnu++14 -g3 -DDEBUG -DUSE_HAL_DRIVER -DSTM32L496xx -c -I../Core/Inc -I../Drivers/STM32L4xx_HAL_Driver/Inc -I../Drivers/STM32L4xx_HAL_Driver/Inc/Legacy -I../Drivers/CMSIS/Device/ST/STM32L4xx/Include -I../Drivers/CMSIS/Include -O0 -ffunction-sections -fdata-sections -fno-exceptions -fno-rtti -fno-use-cxa-atexit -Wall -fstack-usage -fcyclomatic-complexity -MMD -MP -MF"Core/Src/main.d" -MT"Core/Src/main.o" --specs=nano.specs -mfpu=fpv4-sp-d16 -mfloat-abi=hard -mthumb -o "Core/Src/main.o"
[...]
arm-none-eabi-gcc "../Drivers/STM32L4xx_HAL_Driver/Src/stm32l4xx_hal_iwdg.c" -mcpu=cortex-m4 -std=gnu11 -g3 -DDEBUG -DUSE_HAL_DRIVER -DSTM32L496xx -c -I../Core/Inc -I../Drivers/STM32L4xx_HAL_Driver/Inc -I../Drivers/STM32L4xx_HAL_Driver/Inc/Legacy -I../Drivers/CMSIS/Device/ST/STM32L4xx/Include -I../Drivers/CMSIS/Include -O0 -ffunction-sections -fdata-sections -Wall -fstack-usage -fcyclomatic-complexity -MMD -MP -MF"Drivers/STM32L4xx_HAL_Driver/Src/stm32l4xx_hal_iwdg.d" -MT"Drivers/STM32L4xx_HAL_Driver/Src/stm32l4xx_hal_iwdg.o" --specs=nano.specs -mfpu=fpv4-sp-d16 -mfloat-abi=hard -mthumb -o "Drivers/STM32L4xx_HAL_Driver/Src/stm32l4xx_hal_iwdg.o"
arm-none-eabi-gcc "../Drivers/STM32L4xx_HAL_Driver/Src/stm32l4xx_hal_pwr.c" -mcpu=cortex-m4 -std=gnu11 -g3 -DDEBUG -DUSE_HAL_DRIVER -DSTM32L496xx -c -I../Core/Inc -I../Drivers/STM32L4xx_HAL_Driver/Inc -I../Drivers/STM32L4xx_HAL_Driver/Inc/Legacy -I../Drivers/CMSIS/Device/ST/STM32L4xx/Include -I../Drivers/CMSIS/Include -O0 -ffunction-sections -fdata-sections -Wall -fstack-usage -fcyclomatic-complexity -MMD -MP -MF"Drivers/STM32L4xx_HAL_Driver/Src/stm32l4xx_hal_pwr.d" -MT"Drivers/STM32L4xx_HAL_Driver/Src/stm32l4xx_hal_pwr.o" --specs=nano.specs -mfpu=fpv4-sp-d16 -mfloat-abi=hard -mthumb -o "Drivers/STM32L4xx_HAL_Driver/Src/stm32l4xx_hal_pwr.o"
arm-none-eabi-gcc "../Drivers/STM32L4xx_HAL_Driver/Src/stm32l4xx_hal_pwr_ex.c" -mcpu=cortex-m4 -std=gnu11 -g3 -DDEBUG -DUSE_HAL_DRIVER -DSTM32L496xx -c -I../Core/Inc -I../Drivers/STM32L4xx_HAL_Driver/Inc -I../Drivers/STM32L4xx_HAL_Driver/Inc/Legacy -I../Drivers/CMSIS/Device/ST/STM32L4xx/Include -I../Drivers/CMSIS/Include -O0 -ffunction-sections -fdata-sections -Wall -fstack-usage -fcyclomatic-complexity -MMD -MP -MF"Drivers/STM32L4xx_HAL_Driver/Src/stm32l4xx_hal_pwr_ex.d" -MT"Drivers/STM32L4xx_HAL_Driver/Src/stm32l4xx_hal_pwr_ex.o" --specs=nano.specs -mfpu=fpv4-sp-d16 -mfloat-abi=hard -mthumb -o "Drivers/STM32L4xx_HAL_Driver/Src/stm32l4xx_hal_pwr_ex.o"
arm-none-eabi-gcc "../Drivers/STM32L4xx_HAL_Driver/Src/stm32l4xx_hal_rcc.c" -mcpu=cortex-m4 -std=gnu11 -g3 -DDEBUG -DUSE_HAL_DRIVER -DSTM32L496xx -c -I../Core/Inc -I../Drivers/STM32L4xx_HAL_Driver/Inc -I../Drivers/STM32L4xx_HAL_Driver/Inc/Legacy -I../Drivers/CMSIS/Device/ST/STM32L4xx/Include -I../Drivers/CMSIS/Include -O0 -ffunction-sections -fdata-sections -Wall -fstack-usage -fcyclomatic-complexity -MMD -MP -MF"Drivers/STM32L4xx_HAL_Driver/Src/stm32l4xx_hal_rcc.d" -MT"Drivers/STM32L4xx_HAL_Driver/Src/stm32l4xx_hal_rcc.o" --specs=nano.specs -mfpu=fpv4-sp-d16 -mfloat-abi=hard -mthumb -o "Drivers/STM32L4xx_HAL_Driver/Src/stm32l4xx_hal_rcc.o"
arm-none-eabi-gcc "../Drivers/STM32L4xx_HAL_Driver/Src/stm32l4xx_hal_rcc_ex.c" -mcpu=cortex-m4 -std=gnu11 -g3 -DDEBUG -DUSE_HAL_DRIVER -DSTM32L496xx -c -I../Core/Inc -I../Drivers/STM32L4xx_HAL_Driver/Inc -I../Drivers/STM32L4xx_HAL_Driver/Inc/Legacy -I../Drivers/CMSIS/Device/ST/STM32L4xx/Include -I../Drivers/CMSIS/Include -O0 -ffunction-sections -fdata-sections -Wall -fstack-usage -fcyclomatic-complexity -MMD -MP -MF"Drivers/STM32L4xx_HAL_Driver/Src/stm32l4xx_hal_rcc_ex.d" -MT"Drivers/STM32L4xx_HAL_Driver/Src/stm32l4xx_hal_rcc_ex.o" --specs=nano.specs -mfpu=fpv4-sp-d16 -mfloat-abi=hard -mthumb -o "Drivers/STM32L4xx_HAL_Driver/Src/stm32l4xx_hal_rcc_ex.o"
arm-none-eabi-gcc "../Drivers/STM32L4xx_HAL_Driver/Src/stm32l4xx_hal_tim.c" -mcpu=cortex-m4 -std=gnu11 -g3 -DDEBUG -DUSE_HAL_DRIVER -DSTM32L496xx -c -I../Core/Inc -I../Drivers/STM32L4xx_HAL_Driver/Inc -I../Drivers/STM32L4xx_HAL_Driver/Inc/Legacy -I../Drivers/CMSIS/Device/ST/STM32L4xx/Include -I../Drivers/CMSIS/Include -O0 -ffunction-sections -fdata-sections -Wall -fstack-usage -fcyclomatic-complexity -MMD -MP -MF"Drivers/STM32L4xx_HAL_Driver/Src/stm32l4xx_hal_tim.d" -MT"Drivers/STM32L4xx_HAL_Driver/Src/stm32l4xx_hal_tim.o" --specs=nano.specs -mfpu=fpv4-sp-d16 -mfloat-abi=hard -mthumb -o "Drivers/STM32L4xx_HAL_Driver/Src/stm32l4xx_hal_tim.o"
arm-none-eabi-gcc "../Drivers/STM32L4xx_HAL_Driver/Src/stm32l4xx_hal_tim_ex.c" -mcpu=cortex-m4 -std=gnu11 -g3 -DDEBUG -DUSE_HAL_DRIVER -DSTM32L496xx -c -I../Core/Inc -I../Drivers/STM32L4xx_HAL_Driver/Inc -I../Drivers/STM32L4xx_HAL_Driver/Inc/Legacy -I../Drivers/CMSIS/Device/ST/STM32L4xx/Include -I../Drivers/CMSIS/Include -O0 -ffunction-sections -fdata-sections -Wall -fstack-usage -fcyclomatic-complexity -MMD -MP -MF"Drivers/STM32L4xx_HAL_Driver/Src/stm32l4xx_hal_tim_ex.d" -MT"Drivers/STM32L4xx_HAL_Driver/Src/stm32l4xx_hal_tim_ex.o" --specs=nano.specs -mfpu=fpv4-sp-d16 -mfloat-abi=hard -mthumb -o "Drivers/STM32L4xx_HAL_Driver/Src/stm32l4xx_hal_tim_ex.o"
arm-none-eabi-gcc "../Drivers/STM32L4xx_HAL_Driver/Src/stm32l4xx_hal_uart.c" -mcpu=cortex-m4 -std=gnu11 -g3 -DDEBUG -DUSE_HAL_DRIVER -DSTM32L496xx -c -I../Core/Inc -I../Drivers/STM32L4xx_HAL_Driver/Inc -I../Drivers/STM32L4xx_HAL_Driver/Inc/Legacy -I../Drivers/CMSIS/Device/ST/STM32L4xx/Include -I../Drivers/CMSIS/Include -O0 -ffunction-sections -fdata-sections -Wall -fstack-usage -fcyclomatic-complexity -MMD -MP -MF"Drivers/STM32L4xx_HAL_Driver/Src/stm32l4xx_hal_uart.d" -MT"Drivers/STM32L4xx_HAL_Driver/Src/stm32l4xx_hal_uart.o" --specs=nano.specs -mfpu=fpv4-sp-d16 -mfloat-abi=hard -mthumb -o "Drivers/STM32L4xx_HAL_Driver/Src/stm32l4xx_hal_uart.o"
arm-none-eabi-gcc "../Drivers/STM32L4xx_HAL_Driver/Src/stm32l4xx_hal_uart_ex.c" -mcpu=cortex-m4 -std=gnu11 -g3 -DDEBUG -DUSE_HAL_DRIVER -DSTM32L496xx -c -I../Core/Inc -I../Drivers/STM32L4xx_HAL_Driver/Inc -I../Drivers/STM32L4xx_HAL_Driver/Inc/Legacy -I../Drivers/CMSIS/Device/ST/STM32L4xx/Include -I../Drivers/CMSIS/Include -O0 -ffunction-sections -fdata-sections -Wall -fstack-usage -fcyclomatic-complexity -MMD -MP -MF"Drivers/STM32L4xx_HAL_Driver/Src/stm32l4xx_hal_uart_ex.d" -MT"Drivers/STM32L4xx_HAL_Driver/Src/stm32l4xx_hal_uart_ex.o" --specs=nano.specs -mfpu=fpv4-sp-d16 -mfloat-abi=hard -mthumb -o "Drivers/STM32L4xx_HAL_Driver/Src/stm32l4xx_hal_uart_ex.o"
arm-none-eabi-gcc -mcpu=cortex-m4 -g3 -DDEBUG -c -x assembler-with-cpp -MMD -MP -MF"Core/Startup/startup_stm32l496vgtx.d" -MT"Core/Startup/startup_stm32l496vgtx.o" --specs=nano.specs -mfpu=fpv4-sp-d16 -mfloat-abi=hard -mthumb -o "Core/Startup/startup_stm32l496vgtx.o" "../Core/Startup/startup_stm32l496vgtx.s"
arm-none-eabi-g++ "../Core/Src/7segments.cpp" -mcpu=cortex-m4 -std=gnu++14 -g3 -DDEBUG -DUSE_HAL_DRIVER -DSTM32L496xx -c -I../Core/Inc -I../Drivers/STM32L4xx_HAL_Driver/Inc -I../Drivers/STM32L4xx_HAL_Driver/Inc/Legacy -I../Drivers/CMSIS/Device/ST/STM32L4xx/Include -I../Drivers/CMSIS/Include -O0 -ffunction-sections -fdata-sections -fno-exceptions -fno-rtti -fno-use-cxa-atexit -Wall -fstack-usage -fcyclomatic-complexity -MMD -MP -MF"Core/Src/7segments.d" -MT"Core/Src/7segments.o" --specs=nano.specs -mfpu=fpv4-sp-d16 -mfloat-abi=hard -mthumb -o "Core/Src/7segments.o"
arm-none-eabi-g++ "../Core/Src/EEPROM.cpp" -mcpu=cortex-m4 -std=gnu++14 -g3 -DDEBUG -DUSE_HAL_DRIVER -DSTM32L496xx -c -I../Core/Inc -I../Drivers/STM32L4xx_HAL_Driver/Inc -I../Drivers/STM32L4xx_HAL_Driver/Inc/Legacy -I../Drivers/CMSIS/Device/ST/STM32L4xx/Include -I../Drivers/CMSIS/Include -O0 -ffunction-sections -fdata-sections -fno-exceptions -fno-rtti -fno-use-cxa-atexit -Wall -fstack-usage -fcyclomatic-complexity -MMD -MP -MF"Core/Src/EEPROM.d" -MT"Core/Src/EEPROM.o" --specs=nano.specs -mfpu=fpv4-sp-d16 -mfloat-abi=hard -mthumb -o "Core/Src/EEPROM.o"
arm-none-eabi-g++ "../Core/Src/app.cpp" -mcpu=cortex-m4 -std=gnu++14 -g3 -DDEBUG -DUSE_HAL_DRIVER -DSTM32L496xx -c -I../Core/Inc -I../Drivers/STM32L4xx_HAL_Driver/Inc -I../Drivers/STM32L4xx_HAL_Driver/Inc/Legacy -I../Drivers/CMSIS/Device/ST/STM32L4xx/Include -I../Drivers/CMSIS/Include -O0 -ffunction-sections -fdata-sections -fno-exceptions -fno-rtti -fno-use-cxa-atexit -Wall -fstack-usage -fcyclomatic-complexity -MMD -MP -MF"Core/Src/app.d" -MT"Core/Src/app.o" --specs=nano.specs -mfpu=fpv4-sp-d16 -mfloat-abi=hard -mthumb -o "Core/Src/app.o"
arm-none-eabi-g++ "../Core/Src/fifoUart.cpp" -mcpu=cortex-m4 -std=gnu++14 -g3 -DDEBUG -DUSE_HAL_DRIVER -DSTM32L496xx -c -I../Core/Inc -I../Drivers/STM32L4xx_HAL_Driver/Inc -I../Drivers/STM32L4xx_HAL_Driver/Inc/Legacy -I../Drivers/CMSIS/Device/ST/STM32L4xx/Include -I../Drivers/CMSIS/Include -O0 -ffunction-sections -fdata-sections -fno-exceptions -fno-rtti -fno-use-cxa-atexit -Wall -fstack-usage -fcyclomatic-complexity -MMD -MP -MF"Core/Src/fifoUart.d" -MT"Core/Src/fifoUart.o" --specs=nano.specs -mfpu=fpv4-sp-d16 -mfloat-abi=hard -mthumb -o "Core/Src/fifoUart.o"
arm-none-eabi-g++ "../Core/Src/gpsGNSS.cpp" -mcpu=cortex-m4 -std=gnu++14 -g3 -DDEBUG -DUSE_HAL_DRIVER -DSTM32L496xx -c -I../Core/Inc -I../Drivers/STM32L4xx_HAL_Driver/Inc -I../Drivers/STM32L4xx_HAL_Driver/Inc/Legacy -I../Drivers/CMSIS/Device/ST/STM32L4xx/Include -I../Drivers/CMSIS/Include -O0 -ffunction-sections -fdata-sections -fno-exceptions -fno-rtti -fno-use-cxa-atexit -Wall -fstack-usage -fcyclomatic-complexity -MMD -MP -MF"Core/Src/gpsGNSS.d" -MT"Core/Src/gpsGNSS.o" --specs=nano.specs -mfpu=fpv4-sp-d16 -mfloat-abi=hard -mthumb -o "Core/Src/gpsGNSS.o"
arm-none-eabi-g++ "../Core/Src/hardwareIn.cpp" -mcpu=cortex-m4 -std=gnu++14 -g3 -DDEBUG -DUSE_HAL_DRIVER -DSTM32L496xx -c -I../Core/Inc -I../Drivers/STM32L4xx_HAL_Driver/Inc -I../Drivers/STM32L4xx_HAL_Driver/Inc/Legacy -I../Drivers/CMSIS/Device/ST/STM32L4xx/Include -I../Drivers/CMSIS/Include -O0 -ffunction-sections -fdata-sections -fno-exceptions -fno-rtti -fno-use-cxa-atexit -Wall -fstack-usage -fcyclomatic-complexity -MMD -MP -MF"Core/Src/hardwareIn.d" -MT"Core/Src/hardwareIn.o" --specs=nano.specs -mfpu=fpv4-sp-d16 -mfloat-abi=hard -mthumb -o "Core/Src/hardwareIn.o"
arm-none-eabi-g++ "../Core/Src/hardwareOut.cpp" -mcpu=cortex-m4 -std=gnu++14 -g3 -DDEBUG -DUSE_HAL_DRIVER -DSTM32L496xx -c -I../Core/Inc -I../Drivers/STM32L4xx_HAL_Driver/Inc -I../Drivers/STM32L4xx_HAL_Driver/Inc/Legacy -I../Drivers/CMSIS/Device/ST/STM32L4xx/Include -I../Drivers/CMSIS/Include -O0 -ffunction-sections -fdata-sections -fno-exceptions -fno-rtti -fno-use-cxa-atexit -Wall -fstack-usage -fcyclomatic-complexity -MMD -MP -MF"Core/Src/hardwareOut.d" -MT"Core/Src/hardwareOut.o" --specs=nano.specs -mfpu=fpv4-sp-d16 -mfloat-abi=hard -mthumb -o "Core/Src/hardwareOut.o"
arm-none-eabi-g++ "../Core/Src/linkIn.cpp" -mcpu=cortex-m4 -std=gnu++14 -g3 -DDEBUG -DUSE_HAL_DRIVER -DSTM32L496xx -c -I../Core/Inc -I../Drivers/STM32L4xx_HAL_Driver/Inc -I../Drivers/STM32L4xx_HAL_Driver/Inc/Legacy -I../Drivers/CMSIS/Device/ST/STM32L4xx/Include -I../Drivers/CMSIS/Include -O0 -ffunction-sections -fdata-sections -fno-exceptions -fno-rtti -fno-use-cxa-atexit -Wall -fstack-usage -fcyclomatic-complexity -MMD -MP -MF"Core/Src/linkIn.d" -MT"Core/Src/linkIn.o" --specs=nano.specs -mfpu=fpv4-sp-d16 -mfloat-abi=hard -mthumb -o "Core/Src/linkIn.o"
arm-none-eabi-g++ "../Core/Src/linkOut.cpp" -mcpu=cortex-m4 -std=gnu++14 -g3 -DDEBUG -DUSE_HAL_DRIVER -DSTM32L496xx -c -I../Core/Inc -I../Drivers/STM32L4xx_HAL_Driver/Inc -I../Drivers/STM32L4xx_HAL_Driver/Inc/Legacy -I../Drivers/CMSIS/Device/ST/STM32L4xx/Include -I../Drivers/CMSIS/Include -O0 -ffunction-sections -fdata-sections -fno-exceptions -fno-rtti -fno-use-cxa-atexit -Wall -fstack-usage -fcyclomatic-complexity -MMD -MP -MF"Core/Src/linkOut.d" -MT"Core/Src/linkOut.o" --specs=nano.specs -mfpu=fpv4-sp-d16 -mfloat-abi=hard -mthumb -o "Core/Src/linkOut.o"
arm-none-eabi-g++ "../Core/Src/loraApp.cpp" -mcpu=cortex-m4 -std=gnu++14 -g3 -DDEBUG -DUSE_HAL_DRIVER -DSTM32L496xx -c -I../Core/Inc -I../Drivers/STM32L4xx_HAL_Driver/Inc -I../Drivers/STM32L4xx_HAL_Driver/Inc/Legacy -I../Drivers/CMSIS/Device/ST/STM32L4xx/Include -I../Drivers/CMSIS/Include -O0 -ffunction-sections -fdata-sections -fno-exceptions -fno-rtti -fno-use-cxa-atexit -Wall -fstack-usage -fcyclomatic-complexity -MMD -MP -MF"Core/Src/loraApp.d" -MT"Core/Src/loraApp.o" --specs=nano.specs -mfpu=fpv4-sp-d16 -mfloat-abi=hard -mthumb -o "Core/Src/loraApp.o"
arm-none-eabi-g++ "../Core/Src/loraLink.cpp" -mcpu=cortex-m4 -std=gnu++14 -g3 -DDEBUG -DUSE_HAL_DRIVER -DSTM32L496xx -c -I../Core/Inc -I../Drivers/STM32L4xx_HAL_Driver/Inc -I../Drivers/STM32L4xx_HAL_Driver/Inc/Legacy -I../Drivers/CMSIS/Device/ST/STM32L4xx/Include -I../Drivers/CMSIS/Include -O0 -ffunction-sections -fdata-sections -fno-exceptions -fno-rtti -fno-use-cxa-atexit -Wall -fstack-usage -fcyclomatic-complexity -MMD -MP -MF"Core/Src/loraLink.d" -MT"Core/Src/loraLink.o" --specs=nano.specs -mfpu=fpv4-sp-d16 -mfloat-abi=hard -mthumb -o "Core/Src/loraLink.o"
arm-none-eabi-g++ "../Core/Src/loraTcp.cpp" -mcpu=cortex-m4 -std=gnu++14 -g3 -DDEBUG -DUSE_HAL_DRIVER -DSTM32L496xx -c -I../Core/Inc -I../Drivers/STM32L4xx_HAL_Driver/Inc -I../Drivers/STM32L4xx_HAL_Driver/Inc/Legacy -I../Drivers/CMSIS/Device/ST/STM32L4xx/Include -I../Drivers/CMSIS/Include -O0 -ffunction-sections -fdata-sections -fno-exceptions -fno-rtti -fno-use-cxa-atexit -Wall -fstack-usage -fcyclomatic-complexity -MMD -MP -MF"Core/Src/loraTcp.d" -MT"Core/Src/loraTcp.o" --specs=nano.specs -mfpu=fpv4-sp-d16 -mfloat-abi=hard -mthumb -o "Core/Src/loraTcp.o"
arm-none-eabi-g++ "../Core/Src/main.cpp" -mcpu=cortex-m4 -std=gnu++14 -g3 -DDEBUG -DUSE_HAL_DRIVER -DSTM32L496xx -c -I../Core/Inc -I../Drivers/STM32L4xx_HAL_Driver/Inc -I../Drivers/STM32L4xx_HAL_Driver/Inc/Legacy -I../Drivers/CMSIS/Device/ST/STM32L4xx/Include -I../Drivers/CMSIS/Include -O0 -ffunction-sections -fdata-sections -fno-exceptions -fno-rtti -fno-use-cxa-atexit -Wall -fstack-usage -fcyclomatic-complexity -MMD -MP -MF"Core/Src/main.d" -MT"Core/Src/main.o" --specs=nano.specs -mfpu=fpv4-sp-d16 -mfloat-abi=hard -mthumb -o "Core/Src/main.o"
arm-none-eabi-gcc "../Core/Src/stm32l4xx_hal_msp.c" -mcpu=cortex-m4 -std=gnu11 -g3 -DDEBUG -DUSE_HAL_DRIVER -DSTM32L496xx -c -I../Core/Inc -I../Drivers/STM32L4xx_HAL_Driver/Inc -I../Drivers/STM32L4xx_HAL_Driver/Inc/Legacy -I../Drivers/CMSIS/Device/ST/STM32L4xx/Include -I../Drivers/CMSIS/Include -O0 -ffunction-sections -fdata-sections -Wall -fstack-usage -fcyclomatic-complexity -MMD -MP -MF"Core/Src/stm32l4xx_hal_msp.d" -MT"Core/Src/stm32l4xx_hal_msp.o" --specs=nano.specs -mfpu=fpv4-sp-d16 -mfloat-abi=hard -mthumb -o "Core/Src/stm32l4xx_hal_msp.o"
arm-none-eabi-gcc "../Core/Src/stm32l4xx_it.c" -mcpu=cortex-m4 -std=gnu11 -g3 -DDEBUG -DUSE_HAL_DRIVER -DSTM32L496xx -c -I../Core/Inc -I../Drivers/STM32L4xx_HAL_Driver/Inc -I../Drivers/STM32L4xx_HAL_Driver/Inc/Legacy -I../Drivers/CMSIS/Device/ST/STM32L4xx/Include -I../Drivers/CMSIS/Include -O0 -ffunction-sections -fdata-sections -Wall -fstack-usage -fcyclomatic-complexity -MMD -MP -MF"Core/Src/stm32l4xx_it.d" -MT"Core/Src/stm32l4xx_it.o" --specs=nano.specs -mfpu=fpv4-sp-d16 -mfloat-abi=hard -mthumb -o "Core/Src/stm32l4xx_it.o"
arm-none-eabi-gcc "../Core/Src/syscalls.c" -mcpu=cortex-m4 -std=gnu11 -g3 -DDEBUG -DUSE_HAL_DRIVER -DSTM32L496xx -c -I../Core/Inc -I../Drivers/STM32L4xx_HAL_Driver/Inc -I../Drivers/STM32L4xx_HAL_Driver/Inc/Legacy -I../Drivers/CMSIS/Device/ST/STM32L4xx/Include -I../Drivers/CMSIS/Include -O0 -ffunction-sections -fdata-sections -Wall -fstack-usage -fcyclomatic-complexity -MMD -MP -MF"Core/Src/syscalls.d" -MT"Core/Src/syscalls.o" --specs=nano.specs -mfpu=fpv4-sp-d16 -mfloat-abi=hard -mthumb -o "Core/Src/syscalls.o"
arm-none-eabi-gcc "../Core/Src/sysmem.c" -mcpu=cortex-m4 -std=gnu11 -g3 -DDEBUG -DUSE_HAL_DRIVER -DSTM32L496xx -c -I../Core/Inc -I../Drivers/STM32L4xx_HAL_Driver/Inc -I../Drivers/STM32L4xx_HAL_Driver/Inc/Legacy -I../Drivers/CMSIS/Device/ST/STM32L4xx/Include -I../Drivers/CMSIS/Include -O0 -ffunction-sections -fdata-sections -Wall -fstack-usage -fcyclomatic-complexity -MMD -MP -MF"Core/Src/sysmem.d" -MT"Core/Src/sysmem.o" --specs=nano.specs -mfpu=fpv4-sp-d16 -mfloat-abi=hard -mthumb -o "Core/Src/sysmem.o"
arm-none-eabi-gcc "../Core/Src/system_stm32l4xx.c" -mcpu=cortex-m4 -std=gnu11 -g3 -DDEBUG -DUSE_HAL_DRIVER -DSTM32L496xx -c -I../Core/Inc -I../Drivers/STM32L4xx_HAL_Driver/Inc -I../Drivers/STM32L4xx_HAL_Driver/Inc/Legacy -I../Drivers/CMSIS/Device/ST/STM32L4xx/Include -I../Drivers/CMSIS/Include -O0 -ffunction-sections -fdata-sections -Wall -fstack-usage -fcyclomatic-complexity -MMD -MP -MF"Core/Src/system_stm32l4xx.d" -MT"Core/Src/system_stm32l4xx.o" --specs=nano.specs -mfpu=fpv4-sp-d16 -mfloat-abi=hard -mthumb -o "Core/Src/system_stm32l4xx.o"
arm-none-eabi-g++ "../Core/Src/tcpIn.cpp" -mcpu=cortex-m4 -std=gnu++14 -g3 -DDEBUG -DUSE_HAL_DRIVER -DSTM32L496xx -c -I../Core/Inc -I../Drivers/STM32L4xx_HAL_Driver/Inc -I../Drivers/STM32L4xx_HAL_Driver/Inc/Legacy -I../Drivers/CMSIS/Device/ST/STM32L4xx/Include -I../Drivers/CMSIS/Include -O0 -ffunction-sections -fdata-sections -fno-exceptions -fno-rtti -fno-use-cxa-atexit -Wall -fstack-usage -fcyclomatic-complexity -MMD -MP -MF"Core/Src/tcpIn.d" -MT"Core/Src/tcpIn.o" --specs=nano.specs -mfpu=fpv4-sp-d16 -mfloat-abi=hard -mthumb -o "Core/Src/tcpIn.o"
arm-none-eabi-g++ "../Core/Src/tcpOut.cpp" -mcpu=cortex-m4 -std=gnu++14 -g3 -DDEBUG -DUSE_HAL_DRIVER -DSTM32L496xx -c -I../Core/Inc -I../Drivers/STM32L4xx_HAL_Driver/Inc -I../Drivers/STM32L4xx_HAL_Driver/Inc/Legacy -I../Drivers/CMSIS/Device/ST/STM32L4xx/Include -I../Drivers/CMSIS/Include -O0 -ffunction-sections -fdata-sections -fno-exceptions -fno-rtti -fno-use-cxa-atexit -Wall -fstack-usage -fcyclomatic-complexity -MMD -MP -MF"Core/Src/tcpOut.d" -MT"Core/Src/tcpOut.o" --specs=nano.specs -mfpu=fpv4-sp-d16 -mfloat-abi=hard -mthumb -o "Core/Src/tcpOut.o"
arm-none-eabi-g++ -o "KM3000_V1R0_A0.0.elf" @"objects.list"   -mcpu=cortex-m4 -T"D:\Krea Mining\MAC2\src\KM3000_V1R0_A0.0\STM32L496VGTX_FLASH.ld" --specs=nosys.specs -Wl,-Map="KM3000_V1R0_A0.0.map" -Wl,--gc-sections -static --specs=nano.specs -mfpu=fpv4-sp-d16 -mfloat-abi=hard -mthumb -Wl,--start-group -lc -lm -lstdc++ -lsupc++ -Wl,--end-group
D:/ST/STM32CubeIDE_1.15.0/STM32CubeIDE/plugins/com.st.stm32cube.ide.mcu.externaltools.gnu-tools-for-stm32.12.3.rel1.win32_1.0.100.202403111256/tools/bin/../lib/gcc/arm-none-eabi/12.3.1/../../../../arm-none-eabi/bin/ld.exe: warning: KM3000_V1R0_A0.0.elf has a LOAD segment with RWX permissions
Finished building target: KM3000_V1R0_A0.0.elf
 
arm-none-eabi-size  KM3000_V1R0_A0.0.elf 
arm-none-eabi-objdump -h -S KM3000_V1R0_A0.0.elf  > "KM3000_V1R0_A0.0.list"
   text	   data	    bss	    dec	    hex	filename
  55192	    972	   5072	  61236	   ef34	KM3000_V1R0_A0.0.elf
Finished building: default.size.stdout
 
Finished building: KM3000_V1R0_A0.0.list
 
12:01:13 **** Incremental Build of configuration Debug for project KM3000_V1R0_A0.0 ****
make -j8 all 
arm-none-eabi-g++ "../Core/Src/loraApp.cpp" -mcpu=cortex-m4 -std=gnu++14 -g3 -DDEBUG -DUSE_HAL_DRIVER -DSTM32L496xx -c -I../Core/Inc -I../Drivers/STM32L4xx_HAL_Driver/Inc -I../Drivers/STM32L4xx_HAL_Driver/Inc/Legacy -I../Drivers/CMSIS/Device/ST/STM32L4xx/Include -I../Drivers/CMSIS/Include -O0 -ffunction-sections -fdata-sections -fno-exceptions -fno-rtti -fno-use-cxa-atexit -Wall -fstack-usage -fcyclomatic-complexity -MMD -MP -MF"Core/Src/loraApp.d" -MT"Core/Src/loraApp.o" --specs=nano.specs -mfpu=fpv4-sp-d16 -mfloat-abi=hard -mthumb -o "Core/Src/loraApp.o"
arm-none-eabi-g++ -o "KM3000_V1R0_A0.0.elf" @"objects.list"   -mcpu=cortex-m4 -T"D:\Krea Mining\MAC2\src\KM3000_V1R0_A0.0\STM32L496VGTX_FLASH.ld" --specs=nosys.specs -Wl,-Map="KM3000_V1R0_A0.0.map" -Wl,--gc-sections -static --specs=nano.specs -mfpu=fpv4-sp-d16 -mfloat-abi=hard -mthumb -Wl,--start-group -lc -lm -lstdc++ -lsupc++ -Wl,--end-group
D:/ST/STM32CubeIDE_1.15.0/STM32CubeIDE/plugins/com.st.stm32cube.ide.mcu.externaltools.gnu-tools-for-stm32.12.3.rel1.win32_1.0.100.202403111256/tools/bin/../lib/gcc/arm-none-eabi/12.3.1/../../../../arm-none-eabi/bin/ld.exe: warning: KM3000_V1R0_A0.0.elf has a LOAD segment with RWX permissions
Finished building target: KM3000_V1R0_A0.0.elf
 
arm-none-eabi-size  KM3000_V1R0_A0.0.elf 
arm-none-eabi-objdump -h -S KM3000_V1R0_A0.0.elf  > "KM3000_V1R0_A0.0.list"
   text	   data	    bss	    dec	    hex	filename
  55192	    972	   5072	  61236	   ef34	KM3000_V1R0_A0.0.elf
Finished building: default.size.stdout
 
Finished building: KM3000_V1R0_A0.0.list
 
