Archive member included to satisfy reference by file (symbol)

D:/ST/STM32CubeIDE_1.15.0/STM32CubeIDE/plugins/com.st.stm32cube.ide.mcu.externaltools.gnu-tools-for-stm32.12.3.rel1.win32_1.0.100.202403111256/tools/bin/../lib/gcc/arm-none-eabi/12.3.1/../../../../arm-none-eabi/lib/thumb/v7e-m+fp/hard\libc_nano.a(libc_a-exit.o)
                              D:/ST/STM32CubeIDE_1.15.0/STM32CubeIDE/plugins/com.st.stm32cube.ide.mcu.externaltools.gnu-tools-for-stm32.12.3.rel1.win32_1.0.100.202403111256/tools/bin/../lib/gcc/arm-none-eabi/12.3.1/../../../../arm-none-eabi/lib/thumb/v7e-m+fp/hard/crt0.o (exit)
D:/ST/STM32CubeIDE_1.15.0/STM32CubeIDE/plugins/com.st.stm32cube.ide.mcu.externaltools.gnu-tools-for-stm32.12.3.rel1.win32_1.0.100.202403111256/tools/bin/../lib/gcc/arm-none-eabi/12.3.1/../../../../arm-none-eabi/lib/thumb/v7e-m+fp/hard\libc_nano.a(libc_a-findfp.o)
                              D:/ST/STM32CubeIDE_1.15.0/STM32CubeIDE/plugins/com.st.stm32cube.ide.mcu.externaltools.gnu-tools-for-stm32.12.3.rel1.win32_1.0.100.202403111256/tools/bin/../lib/gcc/arm-none-eabi/12.3.1/../../../../arm-none-eabi/lib/thumb/v7e-m+fp/hard\libc_nano.a(libc_a-exit.o) (__stdio_exit_handler)
D:/ST/STM32CubeIDE_1.15.0/STM32CubeIDE/plugins/com.st.stm32cube.ide.mcu.externaltools.gnu-tools-for-stm32.12.3.rel1.win32_1.0.100.202403111256/tools/bin/../lib/gcc/arm-none-eabi/12.3.1/../../../../arm-none-eabi/lib/thumb/v7e-m+fp/hard\libc_nano.a(libc_a-fwalk.o)
                              D:/ST/STM32CubeIDE_1.15.0/STM32CubeIDE/plugins/com.st.stm32cube.ide.mcu.externaltools.gnu-tools-for-stm32.12.3.rel1.win32_1.0.100.202403111256/tools/bin/../lib/gcc/arm-none-eabi/12.3.1/../../../../arm-none-eabi/lib/thumb/v7e-m+fp/hard\libc_nano.a(libc_a-findfp.o) (_fwalk_sglue)
D:/ST/STM32CubeIDE_1.15.0/STM32CubeIDE/plugins/com.st.stm32cube.ide.mcu.externaltools.gnu-tools-for-stm32.12.3.rel1.win32_1.0.100.202403111256/tools/bin/../lib/gcc/arm-none-eabi/12.3.1/../../../../arm-none-eabi/lib/thumb/v7e-m+fp/hard\libc_nano.a(libc_a-stdio.o)
                              D:/ST/STM32CubeIDE_1.15.0/STM32CubeIDE/plugins/com.st.stm32cube.ide.mcu.externaltools.gnu-tools-for-stm32.12.3.rel1.win32_1.0.100.202403111256/tools/bin/../lib/gcc/arm-none-eabi/12.3.1/../../../../arm-none-eabi/lib/thumb/v7e-m+fp/hard\libc_nano.a(libc_a-findfp.o) (__sread)
D:/ST/STM32CubeIDE_1.15.0/STM32CubeIDE/plugins/com.st.stm32cube.ide.mcu.externaltools.gnu-tools-for-stm32.12.3.rel1.win32_1.0.100.202403111256/tools/bin/../lib/gcc/arm-none-eabi/12.3.1/../../../../arm-none-eabi/lib/thumb/v7e-m+fp/hard\libc_nano.a(libc_a-memset.o)
                              D:/ST/STM32CubeIDE_1.15.0/STM32CubeIDE/plugins/com.st.stm32cube.ide.mcu.externaltools.gnu-tools-for-stm32.12.3.rel1.win32_1.0.100.202403111256/tools/bin/../lib/gcc/arm-none-eabi/12.3.1/../../../../arm-none-eabi/lib/thumb/v7e-m+fp/hard/crt0.o (memset)
D:/ST/STM32CubeIDE_1.15.0/STM32CubeIDE/plugins/com.st.stm32cube.ide.mcu.externaltools.gnu-tools-for-stm32.12.3.rel1.win32_1.0.100.202403111256/tools/bin/../lib/gcc/arm-none-eabi/12.3.1/../../../../arm-none-eabi/lib/thumb/v7e-m+fp/hard\libc_nano.a(libc_a-closer.o)
                              D:/ST/STM32CubeIDE_1.15.0/STM32CubeIDE/plugins/com.st.stm32cube.ide.mcu.externaltools.gnu-tools-for-stm32.12.3.rel1.win32_1.0.100.202403111256/tools/bin/../lib/gcc/arm-none-eabi/12.3.1/../../../../arm-none-eabi/lib/thumb/v7e-m+fp/hard\libc_nano.a(libc_a-stdio.o) (_close_r)
D:/ST/STM32CubeIDE_1.15.0/STM32CubeIDE/plugins/com.st.stm32cube.ide.mcu.externaltools.gnu-tools-for-stm32.12.3.rel1.win32_1.0.100.202403111256/tools/bin/../lib/gcc/arm-none-eabi/12.3.1/../../../../arm-none-eabi/lib/thumb/v7e-m+fp/hard\libc_nano.a(libc_a-reent.o)
                              D:/ST/STM32CubeIDE_1.15.0/STM32CubeIDE/plugins/com.st.stm32cube.ide.mcu.externaltools.gnu-tools-for-stm32.12.3.rel1.win32_1.0.100.202403111256/tools/bin/../lib/gcc/arm-none-eabi/12.3.1/../../../../arm-none-eabi/lib/thumb/v7e-m+fp/hard\libc_nano.a(libc_a-closer.o) (errno)
D:/ST/STM32CubeIDE_1.15.0/STM32CubeIDE/plugins/com.st.stm32cube.ide.mcu.externaltools.gnu-tools-for-stm32.12.3.rel1.win32_1.0.100.202403111256/tools/bin/../lib/gcc/arm-none-eabi/12.3.1/../../../../arm-none-eabi/lib/thumb/v7e-m+fp/hard\libc_nano.a(libc_a-impure.o)
                              D:/ST/STM32CubeIDE_1.15.0/STM32CubeIDE/plugins/com.st.stm32cube.ide.mcu.externaltools.gnu-tools-for-stm32.12.3.rel1.win32_1.0.100.202403111256/tools/bin/../lib/gcc/arm-none-eabi/12.3.1/../../../../arm-none-eabi/lib/thumb/v7e-m+fp/hard\libc_nano.a(libc_a-reent.o) (_impure_ptr)
D:/ST/STM32CubeIDE_1.15.0/STM32CubeIDE/plugins/com.st.stm32cube.ide.mcu.externaltools.gnu-tools-for-stm32.12.3.rel1.win32_1.0.100.202403111256/tools/bin/../lib/gcc/arm-none-eabi/12.3.1/../../../../arm-none-eabi/lib/thumb/v7e-m+fp/hard\libc_nano.a(libc_a-lseekr.o)
[...]
Memory Configuration

Name             Origin             Length             Attributes
RAM              0x20000000         0x00050000         xrw
RAM2             0x10000000         0x00010000         xrw
FLASH            0x08000000         0x00100000         xr
*default*        0x00000000         0xffffffff

Linker script and memory map

LOAD D:/ST/STM32CubeIDE_1.15.0/STM32CubeIDE/plugins/com.st.stm32cube.ide.mcu.externaltools.gnu-tools-for-stm32.12.3.rel1.win32_1.0.100.202403111256/tools/bin/../lib/gcc/arm-none-eabi/12.3.1/thumb/v7e-m+fp/hard/crti.o
LOAD D:/ST/STM32CubeIDE_1.15.0/STM32CubeIDE/plugins/com.st.stm32cube.ide.mcu.externaltools.gnu-tools-for-stm32.12.3.rel1.win32_1.0.100.202403111256/tools/bin/../lib/gcc/arm-none-eabi/12.3.1/thumb/v7e-m+fp/hard/crtbegin.o
LOAD D:/ST/STM32CubeIDE_1.15.0/STM32CubeIDE/plugins/com.st.stm32cube.ide.mcu.externaltools.gnu-tools-for-stm32.12.3.rel1.win32_1.0.100.202403111256/tools/bin/../lib/gcc/arm-none-eabi/12.3.1/../../../../arm-none-eabi/lib/thumb/v7e-m+fp/hard/crt0.o
LOAD ./Core/Src/7segments.o
LOAD ./Core/Src/EEPROM.o
LOAD ./Core/Src/app.o
LOAD ./Core/Src/fifoUart.o
LOAD ./Core/Src/gpsGNSS.o
LOAD ./Core/Src/hardwareIn.o
LOAD ./Core/Src/hardwareOut.o
LOAD ./Core/Src/linkIn.o
LOAD ./Core/Src/linkOut.o
LOAD ./Core/Src/loraApp.o
LOAD ./Core/Src/loraLink.o
LOAD ./Core/Src/loraTcp.o
LOAD ./Core/Src/main.o
LOAD ./Core/Src/stm32l4xx_hal_msp.o
LOAD ./Core/Src/stm32l4xx_it.o
LOAD ./Core/Src/syscalls.o
LOAD ./Core/Src/sysmem.o
LOAD ./Core/Src/system_stm32l4xx.o
LOAD ./Core/Src/tcpIn.o
LOAD ./Core/Src/tcpOut.o
LOAD ./Core/Startup/startup_stm32l496vgtx.o
LOAD ./Drivers/STM32L4xx_HAL_Driver/Src/stm32l4xx_hal.o
LOAD ./Drivers/STM32L4xx_HAL_Driver/Src/stm32l4xx_hal_adc.o
LOAD ./Drivers/STM32L4xx_HAL_Driver/Src/stm32l4xx_hal_adc_ex.o
LOAD ./Drivers/STM32L4xx_HAL_Driver/Src/stm32l4xx_hal_cortex.o
LOAD ./Drivers/STM32L4xx_HAL_Driver/Src/stm32l4xx_hal_dma.o
LOAD ./Drivers/STM32L4xx_HAL_Driver/Src/stm32l4xx_hal_dma_ex.o
LOAD ./Drivers/STM32L4xx_HAL_Driver/Src/stm32l4xx_hal_exti.o
LOAD ./Drivers/STM32L4xx_HAL_Driver/Src/stm32l4xx_hal_flash.o
LOAD ./Drivers/STM32L4xx_HAL_Driver/Src/stm32l4xx_hal_flash_ex.o
LOAD ./Drivers/STM32L4xx_HAL_Driver/Src/stm32l4xx_hal_flash_ramfunc.o
LOAD ./Drivers/STM32L4xx_HAL_Driver/Src/stm32l4xx_hal_gpio.o
LOAD ./Drivers/STM32L4xx_HAL_Driver/Src/stm32l4xx_hal_i2c.o
LOAD ./Drivers/STM32L4xx_HAL_Driver/Src/stm32l4xx_hal_i2c_ex.o
LOAD ./Drivers/STM32L4xx_HAL_Driver/Src/stm32l4xx_hal_iwdg.o
LOAD ./Drivers/STM32L4xx_HAL_Driver/Src/stm32l4xx_hal_pwr.o
LOAD ./Drivers/STM32L4xx_HAL_Driver/Src/stm32l4xx_hal_pwr_ex.o
LOAD ./Drivers/STM32L4xx_HAL_Driver/Src/stm32l4xx_hal_rcc.o
LOAD ./Drivers/STM32L4xx_HAL_Driver/Src/stm32l4xx_hal_rcc_ex.o
LOAD ./Drivers/STM32L4xx_HAL_Driver/Src/stm32l4xx_hal_tim.o
LOAD ./Drivers/STM32L4xx_HAL_Driver/Src/stm32l4xx_hal_tim_ex.o
LOAD ./Drivers/STM32L4xx_HAL_Driver/Src/stm32l4xx_hal_uart.o
LOAD ./Drivers/STM32L4xx_HAL_Driver/Src/stm32l4xx_hal_uart_ex.o
START GROUP
LOAD D:/ST/STM32CubeIDE_1.15.0/STM32CubeIDE/plugins/com.st.stm32cube.ide.mcu.externaltools.gnu-tools-for-stm32.12.3.rel1.win32_1.0.100.202403111256/tools/bin/../lib/gcc/arm-none-eabi/12.3.1/../../../../arm-none-eabi/lib/thumb/v7e-m+fp/hard\libstdc++_nano.a
LOAD D:/ST/STM32CubeIDE_1.15.0/STM32CubeIDE/plugins/com.st.stm32cube.ide.mcu.externaltools.gnu-tools-for-stm32.12.3.rel1.win32_1.0.100.202403111256/tools/bin/../lib/gcc/arm-none-eabi/12.3.1/../../../../arm-none-eabi/lib/thumb/v7e-m+fp/hard\libsupc++_nano.a
END GROUP
LOAD D:/ST/STM32CubeIDE_1.15.0/STM32CubeIDE/plugins/com.st.stm32cube.ide.mcu.externaltools.gnu-tools-for-stm32.12.3.rel1.win32_1.0.100.202403111256/tools/bin/../lib/gcc/arm-none-eabi/12.3.1/../../../../arm-none-eabi/lib/thumb/v7e-m+fp/hard\libstdc++_nano.a
LOAD D:/ST/STM32CubeIDE_1.15.0/STM32CubeIDE/plugins/com.st.stm32cube.ide.mcu.externaltools.gnu-tools-for-stm32.12.3.rel1.win32_1.0.100.202403111256/tools/bin/../lib/gcc/arm-none-eabi/12.3.1/../../../../arm-none-eabi/lib/thumb/v7e-m+fp/hard\libm.a
LOAD D:/ST/STM32CubeIDE_1.15.0/STM32CubeIDE/plugins/com.st.stm32cube.ide.mcu.externaltools.gnu-tools-for-stm32.12.3.rel1.win32_1.0.100.202403111256/tools/bin/../lib/gcc/arm-none-eabi/12.3.1/../../../../arm-none-eabi/lib/thumb/v7e-m+fp/hard\libc_nano.a
START GROUP
LOAD D:/ST/STM32CubeIDE_1.15.0/STM32CubeIDE/plugins/com.st.stm32cube.ide.mcu.externaltools.gnu-tools-for-stm32.12.3.rel1.win32_1.0.100.202403111256/tools/bin/../lib/gcc/arm-none-eabi/12.3.1/thumb/v7e-m+fp/hard\libgcc.a
LOAD D:/ST/STM32CubeIDE_1.15.0/STM32CubeIDE/plugins/com.st.stm32cube.ide.mcu.externaltools.gnu-tools-for-stm32.12.3.rel1.win32_1.0.100.202403111256/tools/bin/../lib/gcc/arm-none-eabi/12.3.1/../../../../arm-none-eabi/lib/thumb/v7e-m+fp/hard\libc_nano.a
END GROUP
START GROUP
LOAD D:/ST/STM32CubeIDE_1.15.0/STM32CubeIDE/plugins/com.st.stm32cube.ide.mcu.externaltools.gnu-tools-for-stm32.12.3.rel1.win32_1.0.100.202403111256/tools/bin/../lib/gcc/arm-none-eabi/12.3.1/thumb/v7e-m+fp/hard\libgcc.a
LOAD D:/ST/STM32CubeIDE_1.15.0/STM32CubeIDE/plugins/com.st.stm32cube.ide.mcu.externaltools.gnu-tools-for-stm32.12.3.rel1.win32_1.0.100.202403111256/tools/bin/../lib/gcc/arm-none-eabi/12.3.1/../../../../arm-none-eabi/lib/thumb/v7e-m+fp/hard\libc_nano.a
LOAD D:/ST/STM32CubeIDE_1.15.0/STM32CubeIDE/plugins/com.st.stm32cube.ide.mcu.externaltools.gnu-tools-for-stm32.12.3.rel1.win32_1.0.100.202403111256/tools/bin/../lib/gcc/arm-none-eabi/12.3.1/../../../../arm-none-eabi/lib/thumb/v7e-m+fp/hard\libnosys.a
END GROUP
START GROUP
LOAD D:/ST/STM32CubeIDE_1.15.0/STM32CubeIDE/plugins/com.st.stm32cube.ide.mcu.externaltools.gnu-tools-for-stm32.12.3.rel1.win32_1.0.100.202403111256/tools/bin/../lib/gcc/arm-none-eabi/12.3.1/thumb/v7e-m+fp/hard\libgcc.a
LOAD D:/ST/STM32CubeIDE_1.15.0/STM32CubeIDE/plugins/com.st.stm32cube.ide.mcu.externaltools.gnu-tools-for-stm32.12.3.rel1.win32_1.0.100.202403111256/tools/bin/../lib/gcc/arm-none-eabi/12.3.1/../../../../arm-none-eabi/lib/thumb/v7e-m+fp/hard\libc_nano.a
LOAD D:/ST/STM32CubeIDE_1.15.0/STM32CubeIDE/plugins/com.st.stm32cube.ide.mcu.externaltools.gnu-tools-for-stm32.12.3.rel1.win32_1.0.100.202403111256/tools/bin/../lib/gcc/arm-none-eabi/12.3.1/../../../../arm-none-eabi/lib/thumb/v7e-m+fp/hard\libnosys.a
END GROUP
LOAD D:/ST/STM32CubeIDE_1.15.0/STM32CubeIDE/plugins/com.st.stm32cube.ide.mcu.externaltools.gnu-tools-for-stm32.12.3.rel1.win32_1.0.100.202403111256/tools/bin/../lib/gcc/arm-none-eabi/12.3.1/thumb/v7e-m+fp/hard/crtend.o
LOAD D:/ST/STM32CubeIDE_1.15.0/STM32CubeIDE/plugins/com.st.stm32cube.ide.mcu.externaltools.gnu-tools-for-stm32.12.3.rel1.win32_1.0.100.202403111256/tools/bin/../lib/gcc/arm-none-eabi/12.3.1/thumb/v7e-m+fp/hard/crtn.o
                0x20050000                        _estack = (ORIGIN (RAM) + LENGTH (RAM))
                0x00000200                        _Min_Heap_Size = 0x200
                0x00000400                        _Min_Stack_Size = 0x400

.isr_vector     0x08000000      0x1ac
                0x08000000                        . = ALIGN (0x4)
 *(.isr_vector)
 .isr_vector    0x08000000      0x1ac ./Core/Startup/startup_stm32l496vgtx.o
                0x08000000                g_pfnVectors
                0x080001ac                        . = ALIGN (0x4)

.text           0x080001ac     0xd5b8
                0x080001ac                        . = ALIGN (0x4)
 *(.text)
 .text          0x080001ac       0x40 D:/ST/STM32CubeIDE_1.15.0/STM32CubeIDE/plugins/com.st.stm32cube.ide.mcu.externaltools.gnu-tools-for-stm32.12.3.rel1.win32_1.0.100.202403111256/tools/bin/../lib/gcc/arm-none-eabi/12.3.1/thumb/v7e-m+fp/hard/crtbegin.o
 .text          0x080001ec       0x30 D:/ST/STM32CubeIDE_1.15.0/STM32CubeIDE/plugins/com.st.stm32cube.ide.mcu.externaltools.gnu-tools-for-stm32.12.3.rel1.win32_1.0.100.202403111256/tools/bin/../lib/gcc/arm-none-eabi/12.3.1/thumb/v7e-m+fp/hard\libgcc.a(_aeabi_uldivmod.o)
                0x080001ec                __aeabi_uldivmod
 .text          0x0800021c      0x2bc D:/ST/STM32CubeIDE_1.15.0/STM32CubeIDE/plugins/com.st.stm32cube.ide.mcu.externaltools.gnu-tools-for-stm32.12.3.rel1.win32_1.0.100.202403111256/tools/bin/../lib/gcc/arm-none-eabi/12.3.1/thumb/v7e-m+fp/hard\libgcc.a(_udivmoddi4.o)
                0x0800021c                __udivmoddi4
 .text          0x080004d8        0x4 D:/ST/STM32CubeIDE_1.15.0/STM32CubeIDE/plugins/com.st.stm32cube.ide.mcu.externaltools.gnu-tools-for-stm32.12.3.rel1.win32_1.0.100.202403111256/tools/bin/../lib/gcc/arm-none-eabi/12.3.1/thumb/v7e-m+fp/hard\libgcc.a(_dvmd_tls.o)
                0x080004d8                __aeabi_idiv0
                0x080004d8                __aeabi_ldiv0
 *(.text*)
 .text._ZN15displayPhysical6enableEb
                0x080004dc       0x32 ./Core/Src/7segments.o
                0x080004dc                displayPhysical::enable(bool)
 .text._Z12bytestowritett
                0x0800050e       0x32 ./Core/Src/EEPROM.o
                0x0800050e                bytestowrite(unsigned short, unsigned short)
 .text._Z11EEPROM_ReadttPht
                0x08000540       0xc4 ./Core/Src/EEPROM.o
                0x08000540                EEPROM_Read(unsigned short, unsigned short, unsigned char*, unsigned short)
 .text._Z3appv  0x08000604       0x10 ./Core/Src/app.o
                0x08000604                app()
 .text._Z10appContentv
                0x08000614      0x694 ./Core/Src/app.o
                0x08000614                appContent()
 .text._Z7appLorav
                0x08000ca8      0x3e8 ./Core/Src/app.o
                0x08000ca8                appLora()
 .text._Z10uint2hex_Ah
                0x08001090       0xcc ./Core/Src/app.o
                0x08001090                uint2hex_A(unsigned char)
 .text._Z10uint2hex_Bh
                0x0800115c       0xd0 ./Core/Src/app.o
                0x0800115c                uint2hex_B(unsigned char)
 .text._Z41__static_initialization_and_destruction_0ii
                0x0800122c       0x40 ./Core/Src/app.o
 .text._GLOBAL__sub_I_stateContent
                0x0800126c       0x10 ./Core/Src/app.o
 .text._ZN12fifoCommands9availableEv
                0x0800127c       0x1a ./Core/Src/fifoUart.o
                0x0800127c                fifoCommands::available()
 .text._ZN12fifoCommands3addEPhh
                0x08001296       0x86 ./Core/Src/fifoUart.o
                0x08001296                fifoCommands::add(unsigned char*, unsigned char)
 .text._ZN12fifoCommands4readEPhh
                0x0800131c       0xb8 ./Core/Src/fifoUart.o
                0x0800131c                fifoCommands::read(unsigned char*, unsigned char)
 .text._ZN8fifoUartC2Ev
                0x080013d4       0x20 ./Core/Src/fifoUart.o
                0x080013d4                fifoUart::fifoUart()
                0x080013d4                fifoUart::fifoUart()
 .text._ZN8fifoUart13insertElementEh
                0x080013f4       0x66 ./Core/Src/fifoUart.o
                0x080013f4                fifoUart::insertElement(unsigned char)
 .text._ZN8fifoUart11readElementEv
                0x0800145a       0x72 ./Core/Src/fifoUart.o
                0x0800145a                fifoUart::readElement()
 .text._ZN8fifoUart9availableEv
                0x080014cc       0x38 ./Core/Src/fifoUart.o
                0x080014cc                fifoUart::available()
 .text._ZN8gpsInputC2Ev
                0x08001504       0x16 ./Core/Src/gpsGNSS.o
                0x08001504                gpsInput::gpsInput()
                0x08001504                gpsInput::gpsInput()
 *fill*         0x0800151a        0x2 
 .text._ZN8gpsInput11insertValueEh
                0x0800151c      0x574 ./Core/Src/gpsGNSS.o
                0x0800151c                gpsInput::insertValue(unsigned char)
 .text._ZN8gpsInput7setModeEh
                0x08001a90      0x160 ./Core/Src/gpsGNSS.o
                0x08001a90                gpsInput::setMode(unsigned char)
 .text._ZN8gpsInput8setValidEc
                0x08001bf0       0x1e ./Core/Src/gpsGNSS.o
                0x08001bf0                gpsInput::setValid(char)
 .text._ZN8gpsInput8getValidEv
                0x08001c0e       0x2c ./Core/Src/gpsGNSS.o
                0x08001c0e                gpsInput::getValid()
 .text._ZN8gpsInput13getNewMessageEv
                0x08001c3a       0x18 ./Core/Src/gpsGNSS.o
                0x08001c3a                gpsInput::getNewMessage()
 .text._Z7hwInputv
                0x08001c52       0x24 ./Core/Src/hardwareIn.o
                0x08001c52                hwInput()
 *fill*         0x08001c76        0x2 
 .text._Z8hwLoraInv
                0x08001c78       0x3c ./Core/Src/hardwareIn.o
                0x08001c78                hwLoraIn()
 .text._Z9hwAds1115v
                0x08001cb4      0x1a0 ./Core/Src/hardwareIn.o
                0x08001cb4                hwAds1115()
 .text._Z7hwSht31v
                0x08001e54      0x2b0 ./Core/Src/hardwareIn.o
                0x08001e54                hwSht31()
 .text._Z7hwBotonv
                0x08002104       0xc4 ./Core/Src/hardwareIn.o
                0x08002104                hwBoton()
 .text._Z7hwGpsInv
                0x080021c8       0x4c ./Core/Src/hardwareIn.o
                0x080021c8                hwGpsIn()
 .text._Z8hwAnalogv
                0x08002214       0xc0 ./Core/Src/hardwareIn.o
                0x08002214                hwAnalog()
 .text._Z8hwEEPROMv
                0x080022d4      0x1d0 ./Core/Src/hardwareIn.o
                0x080022d4                hwEEPROM()
 .text._Z41__static_initialization_and_destruction_0ii
                0x080024a4       0xa8 ./Core/Src/hardwareIn.o
 .text._GLOBAL__sub_I_boton
                0x0800254c       0x10 ./Core/Src/hardwareIn.o
 .text._Z8hwOutputv
                0x0800255c       0x10 ./Core/Src/hardwareOut.o
                0x0800255c                hwOutput()
 .text._Z8hwGpsOutv
                0x0800256c      0x2c4 ./Core/Src/hardwareOut.o
                0x0800256c                hwGpsOut()
 .text._Z9hwLoraOutv
                0x08002830      0x104 ./Core/Src/hardwareOut.o
                0x08002830                hwLoraOut()
 .text._Z41__static_initialization_and_destruction_0ii
                0x08002934       0x74 ./Core/Src/hardwareOut.o
 .text._GLOBAL__sub_I_availableGps
                0x080029a8       0x10 ./Core/Src/hardwareOut.o
 .text._Z9linkInputv
                0x080029b8       0x1c ./Core/Src/linkIn.o
                0x080029b8                linkInput()
 .text._Z11linkBatteryv
                0x080029d4      0x188 ./Core/Src/linkIn.o
                0x080029d4                linkBattery()
 .text._Z10linkInLorav
                0x08002b5c       0xfc ./Core/Src/linkIn.o
                0x08002b5c                linkInLora()
 .text._Z9linkInGpsv
                0x08002c58      0x444 ./Core/Src/linkIn.o
                0x08002c58                linkInGps()
 .text._Z9linkBotonv
                0x0800309c       0x88 ./Core/Src/linkIn.o
                0x0800309c                linkBoton()
 .text._Z7adc2PPMth
                0x08003124       0x44 ./Core/Src/linkIn.o
                0x08003124                adc2PPM(unsigned short, unsigned char)
 .text._Z10linkAnalogv
                0x08003168      0x1f0 ./Core/Src/linkIn.o
                0x08003168                linkAnalog()
 .text._Z41__static_initialization_and_destruction_0ii
                0x08003358       0x88 ./Core/Src/linkIn.o
 .text._GLOBAL__sub_I_stateGpsLink
                0x080033e0       0x10 ./Core/Src/linkIn.o
 .text._Z10linkOutputv
                0x080033f0       0x10 ./Core/Src/linkOut.o
                0x080033f0                linkOutput()
 .text._Z11linkOutLorav
                0x08003400       0x34 ./Core/Src/linkOut.o
                0x08003400                linkOutLora()
 .text._Z10linkOutGpsv
                0x08003434       0x3c ./Core/Src/linkOut.o
                0x08003434                linkOutGps()
 .text._Z12setupLoraAppv
                0x08003470      0x1fc ./Core/Src/loraApp.o
                0x08003470                setupLoraApp()
 .text._ZN10loraRutine10addCommandEP13rn2903Command
                0x0800366c       0x36 ./Core/Src/loraApp.o
                0x0800366c                loraRutine::addCommand(rn2903Command*)
 .text._ZN10loraRutine7commandEv
                0x080036a2       0x54 ./Core/Src/loraApp.o
                0x080036a2                loraRutine::command()
 .text._ZN10loraRutine5resetEv
                0x080036f6       0x24 ./Core/Src/loraApp.o
                0x080036f6                loraRutine::reset()
 .text._ZN10loraRutine6finishEv
                0x0800371a       0x1a ./Core/Src/loraApp.o
                0x0800371a                loraRutine::finish()
 .text._ZN9wdTimeoutC2El
                0x08003734       0x1e ./Core/Src/loraLink.o
                0x08003734                wdTimeout::wdTimeout(long)
                0x08003734                wdTimeout::wdTimeout(long)
 .text._ZN9wdTimeout9setOutputEv
                0x08003752       0x20 ./Core/Src/loraLink.o
                0x08003752                wdTimeout::setOutput()
 .text._ZN9wdTimeout6addOneEv
                0x08003772       0x40 ./Core/Src/loraLink.o
                0x08003772                wdTimeout::addOne()
 .text._ZN9wdTimeout8setInputEv
                0x080037b2       0x28 ./Core/Src/loraLink.o
                0x080037b2                wdTimeout::setInput()
 .text._ZN9wdTimeout7timeOutEv
                0x080037da       0x22 ./Core/Src/loraLink.o
                0x080037da                wdTimeout::timeOut()
 .text._ZN9loraCheck18setResponsePointerEPPhh
                0x080037fc       0x26 ./Core/Src/loraLink.o
                0x080037fc                loraCheck::setResponsePointer(unsigned char**, unsigned char)
 .text._ZN9loraCheck17setIdealResponsesEh
                0x08003822       0x1e ./Core/Src/loraLink.o
                0x08003822                loraCheck::setIdealResponses(unsigned char)
 .text._ZN9loraCheck11newResponseEPhh
                0x08003840       0x9a ./Core/Src/loraLink.o
                0x08003840                loraCheck::newResponse(unsigned char*, unsigned char)
 .text._ZN9loraCheck5checkEv
                0x080038da       0x22 ./Core/Src/loraLink.o
                0x080038da                loraCheck::check()
 .text._ZN9loraCheck8responseEv
                0x080038fc       0x72 ./Core/Src/loraLink.o
                0x080038fc                loraCheck::response()
 .text._ZN9loraInput12insertBufferEPhh
                0x0800396e       0x26 ./Core/Src/loraLink.o
                0x0800396e                loraInput::insertBuffer(unsigned char*, unsigned char)
 .text._ZN9loraInput13insertElementEh
                0x08003994       0x64 ./Core/Src/loraLink.o
                0x08003994                loraInput::insertElement(unsigned char)
 .text._ZN9loraInput11newResponseEv
                0x080039f8       0x26 ./Core/Src/loraLink.o
                0x080039f8                loraInput::newResponse()
 .text._ZN9loraInput8responseEv
                0x08003a1e       0x18 ./Core/Src/loraLink.o
                0x08003a1e                loraInput::response()
 .text._ZN9loraInput12responseSizeEv
                0x08003a36       0x1a ./Core/Src/loraLink.o
                0x08003a36                loraInput::responseSize()
 .text._ZN10loraSelect10setCommandEPhhh
                0x08003a50       0x3a ./Core/Src/loraTcp.o
                0x08003a50                loraSelect::setCommand(unsigned char*, unsigned char, unsigned char)
 .text._ZN10loraSelect10newCommandEv
                0x08003a8a       0x22 ./Core/Src/loraTcp.o
                0x08003a8a                loraSelect::newCommand()
 .text._ZN10loraSelect10getCommandEv
                0x08003aac       0x18 ./Core/Src/loraTcp.o
                0x08003aac                loraSelect::getCommand()
 .text._ZN10loraSelect14getCommandSizeEv
                0x08003ac4       0x18 ./Core/Src/loraTcp.o
                0x08003ac4                loraSelect::getCommandSize()
 .text._ZN10loraSelect13qttyResponsesEv
                0x08003adc       0x18 ./Core/Src/loraTcp.o
                0x08003adc                loraSelect::qttyResponses()
 .text._ZN12loraDecision10setRetriesEh
                0x08003af4       0x1e ./Core/Src/loraTcp.o
                0x08003af4                loraDecision::setRetries(unsigned char)
 .text._ZN12loraDecision8responseEh
                0x08003b12       0xf4 ./Core/Src/loraTcp.o
                0x08003b12                loraDecision::response(unsigned char)
 .text._ZN12loraDecision5resetEv
                0x08003c06       0x2c ./Core/Src/loraTcp.o
                0x08003c06                loraDecision::reset()
 .text._ZN12loraDecision7disableEv
                0x08003c32       0x1a ./Core/Src/loraTcp.o
                0x08003c32                loraDecision::disable()
 .text._ZN12loraDecision6enableEv
                0x08003c4c       0x18 ./Core/Src/loraTcp.o
                0x08003c4c                loraDecision::enable()
 .text._ZN12loraDecision7correctEv
                0x08003c64       0x18 ./Core/Src/loraTcp.o
                0x08003c64                loraDecision::correct()
 .text._ZN12loraDecision4burnEv
                0x08003c7c       0x18 ./Core/Src/loraTcp.o
                0x08003c7c                loraDecision::burn()
 .text._ZN12fifoCommandsC2Ev
                0x08003c94       0x7a ./Core/Src/main.o
                0x08003c94                fifoCommands::fifoCommands()
                0x08003c94                fifoCommands::fifoCommands()
 *fill*         0x08003d0e        0x2 
 .text.main     0x08003d10      0x1dc ./Core/Src/main.o
                0x08003d10                main
 .text._Z18SystemClock_Configv
                0x08003eec       0xae ./Core/Src/main.o
                0x08003eec                SystemClock_Config()
 *fill*         0x08003f9a        0x2 
 .text._ZL12MX_IWDG_Initv
                0x08003f9c       0x48 ./Core/Src/main.o
 .text._ZL12MX_ADC1_Initv
                0x08003fe4      0x160 ./Core/Src/main.o
 .text._ZL12MX_I2C1_Initv
                0x08004144       0x9c ./Core/Src/main.o
 .text._ZL12MX_TIM6_Initv
                0x080041e0       0x80 ./Core/Src/main.o
 .text._ZL13MX_UART4_Initv
                0x08004260       0x68 ./Core/Src/main.o
 .text._ZL13MX_UART5_Initv
                0x080042c8       0x68 ./Core/Src/main.o
 .text._ZL11MX_DMA_Initv
                0x08004330       0xb4 ./Core/Src/main.o
 .text._ZL12MX_GPIO_Initv
                0x080043e4      0x150 ./Core/Src/main.o
 .text.HAL_ADC_ConvCpltCallback
                0x08004534       0x2c ./Core/Src/main.o
                0x08004534                HAL_ADC_ConvCpltCallback
 .text.HAL_UART_RxCpltCallback
                0x08004560       0x84 ./Core/Src/main.o
                0x08004560                HAL_UART_RxCpltCallback
 .text.HAL_TIM_PeriodElapsedCallback
                0x080045e4       0x2c ./Core/Src/main.o
                0x080045e4                HAL_TIM_PeriodElapsedCallback
 .text.HAL_I2C_MasterTxCpltCallback
                0x08004610       0x20 ./Core/Src/main.o
                0x08004610                HAL_I2C_MasterTxCpltCallback
 .text.HAL_I2C_MasterRxCpltCallback
                0x08004630       0x14 ./Core/Src/main.o
                0x08004630                HAL_I2C_MasterRxCpltCallback
 .text.Error_Handler
                0x08004644        0xc ./Core/Src/main.o
                0x08004644                Error_Handler
 .text._Z41__static_initialization_and_destruction_0ii
                0x08004650       0x58 ./Core/Src/main.o
 .text._GLOBAL__sub_I_hadc1
                0x080046a8       0x10 ./Core/Src/main.o
 .text.HAL_MspInit
                0x080046b8       0x48 ./Core/Src/stm32l4xx_hal_msp.o
                0x080046b8                HAL_MspInit
 .text.HAL_ADC_MspInit
                0x08004700      0x140 ./Core/Src/stm32l4xx_hal_msp.o
                0x08004700                HAL_ADC_MspInit
 .text.HAL_I2C_MspInit
                0x08004840      0x190 ./Core/Src/stm32l4xx_hal_msp.o
                0x08004840                HAL_I2C_MspInit
 .text.HAL_TIM_Base_MspInit
                0x080049d0       0x4c ./Core/Src/stm32l4xx_hal_msp.o
                0x080049d0                HAL_TIM_Base_MspInit
 .text.HAL_UART_MspInit
                0x08004a1c      0x31c ./Core/Src/stm32l4xx_hal_msp.o
                0x08004a1c                HAL_UART_MspInit
 .text.HAL_UART_MspDeInit
                0x08004d38       0xa4 ./Core/Src/stm32l4xx_hal_msp.o
                0x08004d38                HAL_UART_MspDeInit
 .text.NMI_Handler
                0x08004ddc        0x8 ./Core/Src/stm32l4xx_it.o
                0x08004ddc                NMI_Handler
 .text.HardFault_Handler
                0x08004de4        0x8 ./Core/Src/stm32l4xx_it.o
                0x08004de4                HardFault_Handler
 .text.MemManage_Handler
                0x08004dec        0x8 ./Core/Src/stm32l4xx_it.o
                0x08004dec                MemManage_Handler
 .text.BusFault_Handler
                0x08004df4        0x8 ./Core/Src/stm32l4xx_it.o
                0x08004df4                BusFault_Handler
 .text.UsageFault_Handler
                0x08004dfc        0x8 ./Core/Src/stm32l4xx_it.o
                0x08004dfc                UsageFault_Handler
 .text.SVC_Handler
                0x08004e04        0xe ./Core/Src/stm32l4xx_it.o
                0x08004e04                SVC_Handler
 .text.DebugMon_Handler
                0x08004e12        0xe ./Core/Src/stm32l4xx_it.o
                0x08004e12                DebugMon_Handler
 .text.PendSV_Handler
                0x08004e20        0xe ./Core/Src/stm32l4xx_it.o
                0x08004e20                PendSV_Handler
 .text.SysTick_Handler
                0x08004e2e        0xc ./Core/Src/stm32l4xx_it.o
                0x08004e2e                SysTick_Handler
 *fill*         0x08004e3a        0x2 
 .text.DMA1_Channel1_IRQHandler
                0x08004e3c       0x14 ./Core/Src/stm32l4xx_it.o
                0x08004e3c                DMA1_Channel1_IRQHandler
 .text.DMA1_Channel6_IRQHandler
                0x08004e50       0x14 ./Core/Src/stm32l4xx_it.o
                0x08004e50                DMA1_Channel6_IRQHandler
 .text.DMA1_Channel7_IRQHandler
                0x08004e64       0x14 ./Core/Src/stm32l4xx_it.o
                0x08004e64                DMA1_Channel7_IRQHandler
 .text.ADC1_2_IRQHandler
                0x08004e78       0x14 ./Core/Src/stm32l4xx_it.o
                0x08004e78                ADC1_2_IRQHandler
 .text.I2C1_EV_IRQHandler
                0x08004e8c       0x14 ./Core/Src/stm32l4xx_it.o
                0x08004e8c                I2C1_EV_IRQHandler
 .text.I2C1_ER_IRQHandler
                0x08004ea0       0x14 ./Core/Src/stm32l4xx_it.o
                0x08004ea0                I2C1_ER_IRQHandler
 .text.UART4_IRQHandler
                0x08004eb4       0x14 ./Core/Src/stm32l4xx_it.o
                0x08004eb4                UART4_IRQHandler
 .text.UART5_IRQHandler
                0x08004ec8       0x14 ./Core/Src/stm32l4xx_it.o
                0x08004ec8                UART5_IRQHandler
 .text.TIM6_DAC_IRQHandler
                0x08004edc       0x14 ./Core/Src/stm32l4xx_it.o
                0x08004edc                TIM6_DAC_IRQHandler
 .text.DMA2_Channel1_IRQHandler
                0x08004ef0       0x14 ./Core/Src/stm32l4xx_it.o
                0x08004ef0                DMA2_Channel1_IRQHandler
 .text.DMA2_Channel2_IRQHandler
                0x08004f04       0x14 ./Core/Src/stm32l4xx_it.o
                0x08004f04                DMA2_Channel2_IRQHandler
 .text.DMA2_Channel3_IRQHandler
                0x08004f18       0x14 ./Core/Src/stm32l4xx_it.o
                0x08004f18                DMA2_Channel3_IRQHandler
 .text.DMA2_Channel5_IRQHandler
                0x08004f2c       0x14 ./Core/Src/stm32l4xx_it.o
                0x08004f2c                DMA2_Channel5_IRQHandler
 .text.SystemInit
                0x08004f40       0x24 ./Core/Src/system_stm32l4xx.o
                0x08004f40                SystemInit
 .text._Z8tcpInputv
                0x08004f64       0x18 ./Core/Src/tcpIn.o
                0x08004f64                tcpInput()
 .text._Z9tcpSystemv
                0x08004f7c       0x70 ./Core/Src/tcpIn.o
                0x08004f7c                tcpSystem()
 .text._Z7tcpDatav
                0x08004fec       0x70 ./Core/Src/tcpIn.o
                0x08004fec                tcpData()
 .text._Z9tcpInLorav
                0x0800505c       0x4c ./Core/Src/tcpIn.o
                0x0800505c                tcpInLora()
 .text._Z6tcpGpsv
                0x080050a8       0xac ./Core/Src/tcpIn.o
                0x080050a8                tcpGps()
 .text._Z41__static_initialization_and_destruction_0ii
                0x08005154       0x78 ./Core/Src/tcpIn.o
 .text._GLOBAL__sub_I_stateGpsTcp
                0x080051cc       0x10 ./Core/Src/tcpIn.o
 .text._Z9tcpOutputv
                0x080051dc        0xc ./Core/Src/tcpOut.o
                0x080051dc                tcpOutput()
 .text._Z10tcpOutLorav
                0x080051e8       0xd4 ./Core/Src/tcpOut.o
                0x080051e8                tcpOutLora()
 .text._Z41__static_initialization_and_destruction_0ii
                0x080052bc       0x44 ./Core/Src/tcpOut.o
 .text._GLOBAL__sub_I_loraTxCommand0
                0x08005300       0x10 ./Core/Src/tcpOut.o
 .text.Reset_Handler
                0x08005310       0x50 ./Core/Startup/startup_stm32l496vgtx.o
                0x08005310                Reset_Handler
 .text.Default_Handler
                0x08005360        0x2 ./Core/Startup/startup_stm32l496vgtx.o
                0x08005360                RTC_Alarm_IRQHandler
                0x08005360                EXTI2_IRQHandler
                0x08005360                TIM8_TRG_COM_IRQHandler
                0x08005360                TIM8_CC_IRQHandler
                0x08005360                TIM1_CC_IRQHandler
                0x08005360                TSC_IRQHandler
                0x08005360                TAMP_STAMP_IRQHandler
                0x08005360                CAN2_RX1_IRQHandler
                0x08005360                EXTI3_IRQHandler
                0x08005360                LPTIM2_IRQHandler
                0x08005360                DFSDM1_FLT1_IRQHandler
                0x08005360                I2C3_ER_IRQHandler
                0x08005360                DFSDM1_FLT2_IRQHandler
                0x08005360                EXTI0_IRQHandler
                0x08005360                I2C2_EV_IRQHandler
                0x08005360                CAN1_RX0_IRQHandler
                0x08005360                FPU_IRQHandler
                0x08005360                TIM1_UP_TIM16_IRQHandler
                0x08005360                CAN2_SCE_IRQHandler
                0x08005360                SPI1_IRQHandler
                0x08005360                DCMI_IRQHandler
                0x08005360                CAN2_RX0_IRQHandler
                0x08005360                TIM8_UP_IRQHandler
                0x08005360                DMA1_Channel4_IRQHandler
                0x08005360                SAI2_IRQHandler
                0x08005360                DFSDM1_FLT3_IRQHandler
                0x08005360                USART3_IRQHandler
                0x08005360                CAN1_RX1_IRQHandler
                0x08005360                LCD_IRQHandler
                0x08005360                ADC3_IRQHandler
                0x08005360                TIM4_IRQHandler
                0x08005360                QUADSPI_IRQHandler
                0x08005360                DMA2_Channel4_IRQHandler
                0x08005360                TIM3_IRQHandler
                0x08005360                RCC_IRQHandler
                0x08005360                Default_Handler
                0x08005360                DMA2_Channel7_IRQHandler
                0x08005360                EXTI15_10_IRQHandler
                0x08005360                TIM7_IRQHandler
                0x08005360                SDMMC1_IRQHandler
                0x08005360                CAN2_TX_IRQHandler
                0x08005360                TIM5_IRQHandler
                0x08005360                I2C3_EV_IRQHandler
                0x08005360                EXTI9_5_IRQHandler
                0x08005360                RTC_WKUP_IRQHandler
                0x08005360                PVD_PVM_IRQHandler
                0x08005360                SPI2_IRQHandler
                0x08005360                CAN1_TX_IRQHandler
                0x08005360                CRS_IRQHandler
                0x08005360                DMA1_Channel5_IRQHandler
                0x08005360                EXTI4_IRQHandler
                0x08005360                RNG_IRQHandler
                0x08005360                TIM1_TRG_COM_TIM17_IRQHandler
                0x08005360                DMA1_Channel3_IRQHandler
                0x08005360                COMP_IRQHandler
                0x08005360                WWDG_IRQHandler
                0x08005360                I2C4_EV_IRQHandler
                0x08005360                LPUART1_IRQHandler
                0x08005360                DMA2_Channel6_IRQHandler
                0x08005360                TIM2_IRQHandler
                0x08005360                EXTI1_IRQHandler
                0x08005360                USART2_IRQHandler
                0x08005360                DFSDM1_FLT0_IRQHandler
                0x08005360                I2C2_ER_IRQHandler
                0x08005360                DMA1_Channel2_IRQHandler
                0x08005360                TIM8_BRK_IRQHandler
                0x08005360                CAN1_SCE_IRQHandler
                0x08005360                FLASH_IRQHandler
                0x08005360                USART1_IRQHandler
                0x08005360                OTG_FS_IRQHandler
                0x08005360                SPI3_IRQHandler
                0x08005360                FMC_IRQHandler
                0x08005360                SWPMI1_IRQHandler
                0x08005360                LPTIM1_IRQHandler
                0x08005360                I2C4_ER_IRQHandler
                0x08005360                SAI1_IRQHandler
                0x08005360                TIM1_BRK_TIM15_IRQHandler
 .text.HAL_Init
                0x08005362       0x30 ./Drivers/STM32L4xx_HAL_Driver/Src/stm32l4xx_hal.o
                0x08005362                HAL_Init
 *fill*         0x08005392        0x2 
 .text.HAL_InitTick
                0x08005394       0x78 ./Drivers/STM32L4xx_HAL_Driver/Src/stm32l4xx_hal.o
                0x08005394                HAL_InitTick
 .text.HAL_IncTick
                0x0800540c       0x28 ./Drivers/STM32L4xx_HAL_Driver/Src/stm32l4xx_hal.o
                0x0800540c                HAL_IncTick
 .text.HAL_GetTick
                0x08005434       0x18 ./Drivers/STM32L4xx_HAL_Driver/Src/stm32l4xx_hal.o
                0x08005434                HAL_GetTick
 .text.HAL_SuspendTick
                0x0800544c       0x20 ./Drivers/STM32L4xx_HAL_Driver/Src/stm32l4xx_hal.o
                0x0800544c                HAL_SuspendTick
 .text.HAL_ResumeTick
                0x0800546c       0x20 ./Drivers/STM32L4xx_HAL_Driver/Src/stm32l4xx_hal.o
                0x0800546c                HAL_ResumeTick
 .text.LL_ADC_SetCommonClock
                0x0800548c       0x26 ./Drivers/STM32L4xx_HAL_Driver/Src/stm32l4xx_hal_adc.o
 .text.LL_ADC_SetCommonPathInternalCh
                0x080054b2       0x26 ./Drivers/STM32L4xx_HAL_Driver/Src/stm32l4xx_hal_adc.o
 .text.LL_ADC_GetCommonPathInternalCh
                0x080054d8       0x1c ./Drivers/STM32L4xx_HAL_Driver/Src/stm32l4xx_hal_adc.o
 .text.LL_ADC_SetOffset
                0x080054f4       0x48 ./Drivers/STM32L4xx_HAL_Driver/Src/stm32l4xx_hal_adc.o
 .text.LL_ADC_GetOffsetChannel
                0x0800553c       0x2c ./Drivers/STM32L4xx_HAL_Driver/Src/stm32l4xx_hal_adc.o
 .text.LL_ADC_SetOffsetState
                0x08005568       0x36 ./Drivers/STM32L4xx_HAL_Driver/Src/stm32l4xx_hal_adc.o
 .text.LL_ADC_SetSamplingTimeCommonConfig
                0x0800559e       0x26 ./Drivers/STM32L4xx_HAL_Driver/Src/stm32l4xx_hal_adc.o
 .text.LL_ADC_REG_IsTriggerSourceSWStart
                0x080055c4       0x26 ./Drivers/STM32L4xx_HAL_Driver/Src/stm32l4xx_hal_adc.o
 .text.LL_ADC_REG_SetSequencerRanks
                0x080055ea       0x58 ./Drivers/STM32L4xx_HAL_Driver/Src/stm32l4xx_hal_adc.o
 .text.LL_ADC_INJ_IsTriggerSourceSWStart
                0x08005642       0x26 ./Drivers/STM32L4xx_HAL_Driver/Src/stm32l4xx_hal_adc.o
 .text.LL_ADC_SetChannelSamplingTime
                0x08005668       0x56 ./Drivers/STM32L4xx_HAL_Driver/Src/stm32l4xx_hal_adc.o
 *fill*         0x080056be        0x2 
 .text.LL_ADC_SetChannelSingleDiff
                0x080056c0       0x48 ./Drivers/STM32L4xx_HAL_Driver/Src/stm32l4xx_hal_adc.o
 .text.LL_ADC_GetMultimode
                0x08005708       0x1c ./Drivers/STM32L4xx_HAL_Driver/Src/stm32l4xx_hal_adc.o
 .text.LL_ADC_GetMultiDMATransfer
                0x08005724       0x1c ./Drivers/STM32L4xx_HAL_Driver/Src/stm32l4xx_hal_adc.o
 .text.LL_ADC_DisableDeepPowerDown
                0x08005740       0x24 ./Drivers/STM32L4xx_HAL_Driver/Src/stm32l4xx_hal_adc.o
 .text.LL_ADC_IsDeepPowerDownEnabled
                0x08005764       0x28 ./Drivers/STM32L4xx_HAL_Driver/Src/stm32l4xx_hal_adc.o
 .text.LL_ADC_EnableInternalRegulator
                0x0800578c       0x28 ./Drivers/STM32L4xx_HAL_Driver/Src/stm32l4xx_hal_adc.o
 .text.LL_ADC_IsInternalRegulatorEnabled
                0x080057b4       0x28 ./Drivers/STM32L4xx_HAL_Driver/Src/stm32l4xx_hal_adc.o
 .text.LL_ADC_Enable
                0x080057dc       0x28 ./Drivers/STM32L4xx_HAL_Driver/Src/stm32l4xx_hal_adc.o
 .text.LL_ADC_IsEnabled
                0x08005804       0x26 ./Drivers/STM32L4xx_HAL_Driver/Src/stm32l4xx_hal_adc.o
 .text.LL_ADC_REG_StartConversion
                0x0800582a       0x28 ./Drivers/STM32L4xx_HAL_Driver/Src/stm32l4xx_hal_adc.o
 .text.LL_ADC_REG_IsConversionOngoing
                0x08005852       0x26 ./Drivers/STM32L4xx_HAL_Driver/Src/stm32l4xx_hal_adc.o
 .text.LL_ADC_INJ_IsConversionOngoing
                0x08005878       0x26 ./Drivers/STM32L4xx_HAL_Driver/Src/stm32l4xx_hal_adc.o
 *fill*         0x0800589e        0x2 
 .text.HAL_ADC_Init
                0x080058a0      0x2a8 ./Drivers/STM32L4xx_HAL_Driver/Src/stm32l4xx_hal_adc.o
                0x080058a0                HAL_ADC_Init
 .text.HAL_ADC_Start_DMA
                0x08005b48      0x178 ./Drivers/STM32L4xx_HAL_Driver/Src/stm32l4xx_hal_adc.o
                0x08005b48                HAL_ADC_Start_DMA
 .text.HAL_ADC_IRQHandler
                0x08005cc0      0x434 ./Drivers/STM32L4xx_HAL_Driver/Src/stm32l4xx_hal_adc.o
                0x08005cc0                HAL_ADC_IRQHandler
 .text.HAL_ADC_ConvHalfCpltCallback
                0x080060f4       0x14 ./Drivers/STM32L4xx_HAL_Driver/Src/stm32l4xx_hal_adc.o
                0x080060f4                HAL_ADC_ConvHalfCpltCallback
 .text.HAL_ADC_LevelOutOfWindowCallback
                0x08006108       0x14 ./Drivers/STM32L4xx_HAL_Driver/Src/stm32l4xx_hal_adc.o
                0x08006108                HAL_ADC_LevelOutOfWindowCallback
 .text.HAL_ADC_ErrorCallback
                0x0800611c       0x14 ./Drivers/STM32L4xx_HAL_Driver/Src/stm32l4xx_hal_adc.o
                0x0800611c                HAL_ADC_ErrorCallback
 .text.HAL_ADC_ConfigChannel
                0x08006130      0x818 ./Drivers/STM32L4xx_HAL_Driver/Src/stm32l4xx_hal_adc.o
                0x08006130                HAL_ADC_ConfigChannel
 .text.ADC_Enable
                0x08006948      0x10c ./Drivers/STM32L4xx_HAL_Driver/Src/stm32l4xx_hal_adc.o
                0x08006948                ADC_Enable
 .text.ADC_DMAConvCplt
                0x08006a54       0xd8 ./Drivers/STM32L4xx_HAL_Driver/Src/stm32l4xx_hal_adc.o
                0x08006a54                ADC_DMAConvCplt
 .text.ADC_DMAHalfConvCplt
                0x08006b2c       0x1c ./Drivers/STM32L4xx_HAL_Driver/Src/stm32l4xx_hal_adc.o
                0x08006b2c                ADC_DMAHalfConvCplt
 .text.ADC_DMAError
                0x08006b48       0x34 ./Drivers/STM32L4xx_HAL_Driver/Src/stm32l4xx_hal_adc.o
                0x08006b48                ADC_DMAError
 .text.LL_ADC_IsEnabled
                0x08006b7c       0x26 ./Drivers/STM32L4xx_HAL_Driver/Src/stm32l4xx_hal_adc_ex.o
 .text.LL_ADC_REG_IsConversionOngoing
                0x08006ba2       0x26 ./Drivers/STM32L4xx_HAL_Driver/Src/stm32l4xx_hal_adc_ex.o
 .text.HAL_ADCEx_InjectedConvCpltCallback
                0x08006bc8       0x14 ./Drivers/STM32L4xx_HAL_Driver/Src/stm32l4xx_hal_adc_ex.o
                0x08006bc8                HAL_ADCEx_InjectedConvCpltCallback
 .text.HAL_ADCEx_InjectedQueueOverflowCallback
                0x08006bdc       0x14 ./Drivers/STM32L4xx_HAL_Driver/Src/stm32l4xx_hal_adc_ex.o
                0x08006bdc                HAL_ADCEx_InjectedQueueOverflowCallback
 .text.HAL_ADCEx_LevelOutOfWindow2Callback
                0x08006bf0       0x14 ./Drivers/STM32L4xx_HAL_Driver/Src/stm32l4xx_hal_adc_ex.o
                0x08006bf0                HAL_ADCEx_LevelOutOfWindow2Callback
 .text.HAL_ADCEx_LevelOutOfWindow3Callback
                0x08006c04       0x14 ./Drivers/STM32L4xx_HAL_Driver/Src/stm32l4xx_hal_adc_ex.o
                0x08006c04                HAL_ADCEx_LevelOutOfWindow3Callback
 .text.HAL_ADCEx_EndOfSamplingCallback
                0x08006c18       0x14 ./Drivers/STM32L4xx_HAL_Driver/Src/stm32l4xx_hal_adc_ex.o
                0x08006c18                HAL_ADCEx_EndOfSamplingCallback
 .text.HAL_ADCEx_MultiModeConfigChannel
                0x08006c2c      0x160 ./Drivers/STM32L4xx_HAL_Driver/Src/stm32l4xx_hal_adc_ex.o
                0x08006c2c                HAL_ADCEx_MultiModeConfigChannel
 .text.__NVIC_SetPriorityGrouping
                0x08006d8c       0x48 ./Drivers/STM32L4xx_HAL_Driver/Src/stm32l4xx_hal_cortex.o
 .text.__NVIC_GetPriorityGrouping
                0x08006dd4       0x1c ./Drivers/STM32L4xx_HAL_Driver/Src/stm32l4xx_hal_cortex.o
 .text.__NVIC_EnableIRQ
                0x08006df0       0x3c ./Drivers/STM32L4xx_HAL_Driver/Src/stm32l4xx_hal_cortex.o
 .text.__NVIC_DisableIRQ
                0x08006e2c       0x48 ./Drivers/STM32L4xx_HAL_Driver/Src/stm32l4xx_hal_cortex.o
 .text.__NVIC_SetPriority
                0x08006e74       0x54 ./Drivers/STM32L4xx_HAL_Driver/Src/stm32l4xx_hal_cortex.o
 .text.NVIC_EncodePriority
                0x08006ec8       0x66 ./Drivers/STM32L4xx_HAL_Driver/Src/stm32l4xx_hal_cortex.o
 *fill*         0x08006f2e        0x2 
 .text.SysTick_Config
                0x08006f30       0x44 ./Drivers/STM32L4xx_HAL_Driver/Src/stm32l4xx_hal_cortex.o
 .text.HAL_NVIC_SetPriorityGrouping
                0x08006f74       0x16 ./Drivers/STM32L4xx_HAL_Driver/Src/stm32l4xx_hal_cortex.o
                0x08006f74                HAL_NVIC_SetPriorityGrouping
 .text.HAL_NVIC_SetPriority
                0x08006f8a       0x38 ./Drivers/STM32L4xx_HAL_Driver/Src/stm32l4xx_hal_cortex.o
                0x08006f8a                HAL_NVIC_SetPriority
 .text.HAL_NVIC_EnableIRQ
                0x08006fc2       0x1c ./Drivers/STM32L4xx_HAL_Driver/Src/stm32l4xx_hal_cortex.o
                0x08006fc2                HAL_NVIC_EnableIRQ
 .text.HAL_NVIC_DisableIRQ
                0x08006fde       0x1c ./Drivers/STM32L4xx_HAL_Driver/Src/stm32l4xx_hal_cortex.o
                0x08006fde                HAL_NVIC_DisableIRQ
 .text.HAL_SYSTICK_Config
                0x08006ffa       0x18 ./Drivers/STM32L4xx_HAL_Driver/Src/stm32l4xx_hal_cortex.o
                0x08006ffa                HAL_SYSTICK_Config
 *fill*         0x08007012        0x2 
 .text.HAL_DMA_Init
                0x08007014      0x170 ./Drivers/STM32L4xx_HAL_Driver/Src/stm32l4xx_hal_dma.o
                0x08007014                HAL_DMA_Init
 .text.HAL_DMA_DeInit
                0x08007184      0x124 ./Drivers/STM32L4xx_HAL_Driver/Src/stm32l4xx_hal_dma.o
                0x08007184                HAL_DMA_DeInit
 .text.HAL_DMA_Start_IT
                0x080072a8       0xc0 ./Drivers/STM32L4xx_HAL_Driver/Src/stm32l4xx_hal_dma.o
                0x080072a8                HAL_DMA_Start_IT
 .text.HAL_DMA_Abort
                0x08007368       0x7c ./Drivers/STM32L4xx_HAL_Driver/Src/stm32l4xx_hal_dma.o
                0x08007368                HAL_DMA_Abort
 .text.HAL_DMA_Abort_IT
                0x080073e4       0x82 ./Drivers/STM32L4xx_HAL_Driver/Src/stm32l4xx_hal_dma.o
                0x080073e4                HAL_DMA_Abort_IT
 .text.HAL_DMA_IRQHandler
                0x08007466      0x15e ./Drivers/STM32L4xx_HAL_Driver/Src/stm32l4xx_hal_dma.o
                0x08007466                HAL_DMA_IRQHandler
 .text.HAL_DMA_GetState
                0x080075c4       0x1c ./Drivers/STM32L4xx_HAL_Driver/Src/stm32l4xx_hal_dma.o
                0x080075c4                HAL_DMA_GetState
 .text.DMA_SetConfig
                0x080075e0       0x60 ./Drivers/STM32L4xx_HAL_Driver/Src/stm32l4xx_hal_dma.o
 .text.HAL_GPIO_Init
                0x08007640      0x324 ./Drivers/STM32L4xx_HAL_Driver/Src/stm32l4xx_hal_gpio.o
                0x08007640                HAL_GPIO_Init
 .text.HAL_GPIO_DeInit
                0x08007964      0x1e4 ./Drivers/STM32L4xx_HAL_Driver/Src/stm32l4xx_hal_gpio.o
                0x08007964                HAL_GPIO_DeInit
 .text.HAL_GPIO_ReadPin
                0x08007b48       0x30 ./Drivers/STM32L4xx_HAL_Driver/Src/stm32l4xx_hal_gpio.o
                0x08007b48                HAL_GPIO_ReadPin
 .text.HAL_GPIO_WritePin
                0x08007b78       0x30 ./Drivers/STM32L4xx_HAL_Driver/Src/stm32l4xx_hal_gpio.o
                0x08007b78                HAL_GPIO_WritePin
 .text.HAL_I2C_Init
                0x08007ba8      0x136 ./Drivers/STM32L4xx_HAL_Driver/Src/stm32l4xx_hal_i2c.o
                0x08007ba8                HAL_I2C_Init
 *fill*         0x08007cde        0x2 
 .text.HAL_I2C_Master_Transmit_DMA
                0x08007ce0      0x228 ./Drivers/STM32L4xx_HAL_Driver/Src/stm32l4xx_hal_i2c.o
                0x08007ce0                HAL_I2C_Master_Transmit_DMA
 .text.HAL_I2C_Master_Receive_DMA
                0x08007f08      0x1e0 ./Drivers/STM32L4xx_HAL_Driver/Src/stm32l4xx_hal_i2c.o
                0x08007f08                HAL_I2C_Master_Receive_DMA
 .text.HAL_I2C_Mem_Read
                0x080080e8      0x234 ./Drivers/STM32L4xx_HAL_Driver/Src/stm32l4xx_hal_i2c.o
                0x080080e8                HAL_I2C_Mem_Read
 .text.HAL_I2C_EV_IRQHandler
                0x0800831c       0x34 ./Drivers/STM32L4xx_HAL_Driver/Src/stm32l4xx_hal_i2c.o
                0x0800831c                HAL_I2C_EV_IRQHandler
 .text.HAL_I2C_ER_IRQHandler
                0x08008350       0xb6 ./Drivers/STM32L4xx_HAL_Driver/Src/stm32l4xx_hal_i2c.o
                0x08008350                HAL_I2C_ER_IRQHandler
 .text.HAL_I2C_SlaveTxCpltCallback
                0x08008406       0x14 ./Drivers/STM32L4xx_HAL_Driver/Src/stm32l4xx_hal_i2c.o
                0x08008406                HAL_I2C_SlaveTxCpltCallback
 .text.HAL_I2C_SlaveRxCpltCallback
                0x0800841a       0x14 ./Drivers/STM32L4xx_HAL_Driver/Src/stm32l4xx_hal_i2c.o
                0x0800841a                HAL_I2C_SlaveRxCpltCallback
 .text.HAL_I2C_AddrCallback
                0x0800842e       0x1c ./Drivers/STM32L4xx_HAL_Driver/Src/stm32l4xx_hal_i2c.o
                0x0800842e                HAL_I2C_AddrCallback
 .text.HAL_I2C_ListenCpltCallback
                0x0800844a       0x14 ./Drivers/STM32L4xx_HAL_Driver/Src/stm32l4xx_hal_i2c.o
                0x0800844a                HAL_I2C_ListenCpltCallback
 .text.HAL_I2C_MemTxCpltCallback
                0x0800845e       0x14 ./Drivers/STM32L4xx_HAL_Driver/Src/stm32l4xx_hal_i2c.o
                0x0800845e                HAL_I2C_MemTxCpltCallback
 .text.HAL_I2C_MemRxCpltCallback
                0x08008472       0x14 ./Drivers/STM32L4xx_HAL_Driver/Src/stm32l4xx_hal_i2c.o
                0x08008472                HAL_I2C_MemRxCpltCallback
 .text.HAL_I2C_ErrorCallback
                0x08008486       0x14 ./Drivers/STM32L4xx_HAL_Driver/Src/stm32l4xx_hal_i2c.o
                0x08008486                HAL_I2C_ErrorCallback
 .text.HAL_I2C_AbortCpltCallback
                0x0800849a       0x14 ./Drivers/STM32L4xx_HAL_Driver/Src/stm32l4xx_hal_i2c.o
                0x0800849a                HAL_I2C_AbortCpltCallback
 .text.I2C_Master_ISR_IT
                0x080084ae      0x24e ./Drivers/STM32L4xx_HAL_Driver/Src/stm32l4xx_hal_i2c.o
 .text.I2C_Slave_ISR_IT
                0x080086fc      0x1f0 ./Drivers/STM32L4xx_HAL_Driver/Src/stm32l4xx_hal_i2c.o
 .text.I2C_Master_ISR_DMA
                0x080088ec      0x1d6 ./Drivers/STM32L4xx_HAL_Driver/Src/stm32l4xx_hal_i2c.o
 *fill*         0x08008ac2        0x2 
 .text.I2C_Mem_ISR_DMA
                0x08008ac4      0x24c ./Drivers/STM32L4xx_HAL_Driver/Src/stm32l4xx_hal_i2c.o
 .text.I2C_Slave_ISR_DMA
                0x08008d10      0x1ac ./Drivers/STM32L4xx_HAL_Driver/Src/stm32l4xx_hal_i2c.o
 .text.I2C_RequestMemoryRead
                0x08008ebc       0xa8 ./Drivers/STM32L4xx_HAL_Driver/Src/stm32l4xx_hal_i2c.o
 .text.I2C_ITAddrCplt
                0x08008f64      0x108 ./Drivers/STM32L4xx_HAL_Driver/Src/stm32l4xx_hal_i2c.o
 .text.I2C_ITMasterSeqCplt
                0x0800906c       0x7a ./Drivers/STM32L4xx_HAL_Driver/Src/stm32l4xx_hal_i2c.o
 .text.I2C_ITSlaveSeqCplt
                0x080090e6       0xb8 ./Drivers/STM32L4xx_HAL_Driver/Src/stm32l4xx_hal_i2c.o
 *fill*         0x0800919e        0x2 
 .text.I2C_ITMasterCplt
                0x080091a0      0x190 ./Drivers/STM32L4xx_HAL_Driver/Src/stm32l4xx_hal_i2c.o
 .text.I2C_ITSlaveCplt
                0x08009330      0x224 ./Drivers/STM32L4xx_HAL_Driver/Src/stm32l4xx_hal_i2c.o
 .text.I2C_ITListenCplt
                0x08009554       0xa8 ./Drivers/STM32L4xx_HAL_Driver/Src/stm32l4xx_hal_i2c.o
 .text.I2C_ITError
                0x080095fc      0x1e0 ./Drivers/STM32L4xx_HAL_Driver/Src/stm32l4xx_hal_i2c.o
 .text.I2C_TreatErrorCallback
                0x080097dc       0x4e ./Drivers/STM32L4xx_HAL_Driver/Src/stm32l4xx_hal_i2c.o
 .text.I2C_Flush_TXDR
                0x0800982a       0x48 ./Drivers/STM32L4xx_HAL_Driver/Src/stm32l4xx_hal_i2c.o
 .text.I2C_DMAMasterTransmitCplt
                0x08009872       0x96 ./Drivers/STM32L4xx_HAL_Driver/Src/stm32l4xx_hal_i2c.o
 .text.I2C_DMAMasterReceiveCplt
                0x08009908       0x96 ./Drivers/STM32L4xx_HAL_Driver/Src/stm32l4xx_hal_i2c.o
 .text.I2C_DMAError
                0x0800999e       0x2e ./Drivers/STM32L4xx_HAL_Driver/Src/stm32l4xx_hal_i2c.o
 .text.I2C_DMAAbort
                0x080099cc       0x3c ./Drivers/STM32L4xx_HAL_Driver/Src/stm32l4xx_hal_i2c.o
 .text.I2C_WaitOnFlagUntilTimeout
                0x08009a08       0x9e ./Drivers/STM32L4xx_HAL_Driver/Src/stm32l4xx_hal_i2c.o
 .text.I2C_WaitOnTXISFlagUntilTimeout
                0x08009aa6       0x8e ./Drivers/STM32L4xx_HAL_Driver/Src/stm32l4xx_hal_i2c.o
 .text.I2C_WaitOnSTOPFlagUntilTimeout
                0x08009b34       0x86 ./Drivers/STM32L4xx_HAL_Driver/Src/stm32l4xx_hal_i2c.o
 *fill*         0x08009bba        0x2 
 .text.I2C_IsErrorOccurred
                0x08009bbc      0x1c0 ./Drivers/STM32L4xx_HAL_Driver/Src/stm32l4xx_hal_i2c.o
 .text.I2C_TransferConfig
                0x08009d7c       0x64 ./Drivers/STM32L4xx_HAL_Driver/Src/stm32l4xx_hal_i2c.o
 .text.I2C_Enable_IRQ
                0x08009de0      0x108 ./Drivers/STM32L4xx_HAL_Driver/Src/stm32l4xx_hal_i2c.o
 .text.I2C_Disable_IRQ
                0x08009ee8       0xbc ./Drivers/STM32L4xx_HAL_Driver/Src/stm32l4xx_hal_i2c.o
 .text.HAL_I2CEx_ConfigAnalogFilter
                0x08009fa4       0x96 ./Drivers/STM32L4xx_HAL_Driver/Src/stm32l4xx_hal_i2c_ex.o
                0x08009fa4                HAL_I2CEx_ConfigAnalogFilter
 .text.HAL_I2CEx_ConfigDigitalFilter
                0x0800a03a       0x98 ./Drivers/STM32L4xx_HAL_Driver/Src/stm32l4xx_hal_i2c_ex.o
                0x0800a03a                HAL_I2CEx_ConfigDigitalFilter
 .text.HAL_IWDG_Init
                0x0800a0d2       0x8c ./Drivers/STM32L4xx_HAL_Driver/Src/stm32l4xx_hal_iwdg.o
                0x0800a0d2                HAL_IWDG_Init
 .text.HAL_IWDG_Refresh
                0x0800a15e       0x20 ./Drivers/STM32L4xx_HAL_Driver/Src/stm32l4xx_hal_iwdg.o
                0x0800a15e                HAL_IWDG_Refresh
 *fill*         0x0800a17e        0x2 
 .text.HAL_PWR_EnterSLEEPMode
                0x0800a180       0x68 ./Drivers/STM32L4xx_HAL_Driver/Src/stm32l4xx_hal_pwr.o
                0x0800a180                HAL_PWR_EnterSLEEPMode
 .text.HAL_PWREx_GetVoltageRange
                0x0800a1e8       0x1c ./Drivers/STM32L4xx_HAL_Driver/Src/stm32l4xx_hal_pwr_ex.o
                0x0800a1e8                HAL_PWREx_GetVoltageRange
 .text.HAL_PWREx_ControlVoltageScaling
                0x0800a204       0xac ./Drivers/STM32L4xx_HAL_Driver/Src/stm32l4xx_hal_pwr_ex.o
                0x0800a204                HAL_PWREx_ControlVoltageScaling
 .text.HAL_PWREx_EnableLowPowerRunMode
                0x0800a2b0       0x20 ./Drivers/STM32L4xx_HAL_Driver/Src/stm32l4xx_hal_pwr_ex.o
                0x0800a2b0                HAL_PWREx_EnableLowPowerRunMode
 .text.HAL_PWREx_DisableLowPowerRunMode
                0x0800a2d0       0x70 ./Drivers/STM32L4xx_HAL_Driver/Src/stm32l4xx_hal_pwr_ex.o
                0x0800a2d0                HAL_PWREx_DisableLowPowerRunMode
 .text.HAL_RCC_OscConfig
                0x0800a340      0x834 ./Drivers/STM32L4xx_HAL_Driver/Src/stm32l4xx_hal_rcc.o
                0x0800a340                HAL_RCC_OscConfig
 .text.HAL_RCC_ClockConfig
                0x0800ab74      0x200 ./Drivers/STM32L4xx_HAL_Driver/Src/stm32l4xx_hal_rcc.o
                0x0800ab74                HAL_RCC_ClockConfig
 .text.HAL_RCC_GetSysClockFreq
                0x0800ad74      0x118 ./Drivers/STM32L4xx_HAL_Driver/Src/stm32l4xx_hal_rcc.o
                0x0800ad74                HAL_RCC_GetSysClockFreq
 .text.HAL_RCC_GetHCLKFreq
                0x0800ae8c       0x18 ./Drivers/STM32L4xx_HAL_Driver/Src/stm32l4xx_hal_rcc.o
                0x0800ae8c                HAL_RCC_GetHCLKFreq
 .text.HAL_RCC_GetPCLK1Freq
                0x0800aea4       0x2c ./Drivers/STM32L4xx_HAL_Driver/Src/stm32l4xx_hal_rcc.o
                0x0800aea4                HAL_RCC_GetPCLK1Freq
 .text.HAL_RCC_GetPCLK2Freq
                0x0800aed0       0x2c ./Drivers/STM32L4xx_HAL_Driver/Src/stm32l4xx_hal_rcc.o
                0x0800aed0                HAL_RCC_GetPCLK2Freq
 .text.RCC_SetFlashLatencyFromMSIRange
                0x0800aefc       0xc0 ./Drivers/STM32L4xx_HAL_Driver/Src/stm32l4xx_hal_rcc.o
 .text.HAL_RCCEx_PeriphCLKConfig
                0x0800afbc      0x5f8 ./Drivers/STM32L4xx_HAL_Driver/Src/stm32l4xx_hal_rcc_ex.o
                0x0800afbc                HAL_RCCEx_PeriphCLKConfig
 .text.RCCEx_PLLSAI1_Config
                0x0800b5b4      0x1e4 ./Drivers/STM32L4xx_HAL_Driver/Src/stm32l4xx_hal_rcc_ex.o
 .text.RCCEx_PLLSAI2_Config
                0x0800b798      0x1b8 ./Drivers/STM32L4xx_HAL_Driver/Src/stm32l4xx_hal_rcc_ex.o
 .text.HAL_TIM_Base_Init
                0x0800b950       0xae ./Drivers/STM32L4xx_HAL_Driver/Src/stm32l4xx_hal_tim.o
                0x0800b950                HAL_TIM_Base_Init
 *fill*         0x0800b9fe        0x2 
 .text.HAL_TIM_Base_Start_IT
                0x0800ba00       0xe0 ./Drivers/STM32L4xx_HAL_Driver/Src/stm32l4xx_hal_tim.o
                0x0800ba00                HAL_TIM_Base_Start_IT
 .text.HAL_TIM_IRQHandler
                0x0800bae0      0x204 ./Drivers/STM32L4xx_HAL_Driver/Src/stm32l4xx_hal_tim.o
                0x0800bae0                HAL_TIM_IRQHandler
 .text.HAL_TIM_OC_DelayElapsedCallback
                0x0800bce4       0x14 ./Drivers/STM32L4xx_HAL_Driver/Src/stm32l4xx_hal_tim.o
                0x0800bce4                HAL_TIM_OC_DelayElapsedCallback
 .text.HAL_TIM_IC_CaptureCallback
                0x0800bcf8       0x14 ./Drivers/STM32L4xx_HAL_Driver/Src/stm32l4xx_hal_tim.o
                0x0800bcf8                HAL_TIM_IC_CaptureCallback
 .text.HAL_TIM_PWM_PulseFinishedCallback
                0x0800bd0c       0x14 ./Drivers/STM32L4xx_HAL_Driver/Src/stm32l4xx_hal_tim.o
                0x0800bd0c                HAL_TIM_PWM_PulseFinishedCallback
 .text.HAL_TIM_TriggerCallback
                0x0800bd20       0x14 ./Drivers/STM32L4xx_HAL_Driver/Src/stm32l4xx_hal_tim.o
                0x0800bd20                HAL_TIM_TriggerCallback
 .text.TIM_Base_SetConfig
                0x0800bd34      0x134 ./Drivers/STM32L4xx_HAL_Driver/Src/stm32l4xx_hal_tim.o
                0x0800bd34                TIM_Base_SetConfig
 .text.HAL_TIMEx_MasterConfigSynchronization
                0x0800be68      0x110 ./Drivers/STM32L4xx_HAL_Driver/Src/stm32l4xx_hal_tim_ex.o
                0x0800be68                HAL_TIMEx_MasterConfigSynchronization
 .text.HAL_TIMEx_CommutCallback
                0x0800bf78       0x14 ./Drivers/STM32L4xx_HAL_Driver/Src/stm32l4xx_hal_tim_ex.o
                0x0800bf78                HAL_TIMEx_CommutCallback
 .text.HAL_TIMEx_BreakCallback
                0x0800bf8c       0x14 ./Drivers/STM32L4xx_HAL_Driver/Src/stm32l4xx_hal_tim_ex.o
                0x0800bf8c                HAL_TIMEx_BreakCallback
 .text.HAL_TIMEx_Break2Callback
                0x0800bfa0       0x14 ./Drivers/STM32L4xx_HAL_Driver/Src/stm32l4xx_hal_tim_ex.o
                0x0800bfa0                HAL_TIMEx_Break2Callback
 .text.HAL_UART_Init
                0x0800bfb4       0x9c ./Drivers/STM32L4xx_HAL_Driver/Src/stm32l4xx_hal_uart.o
                0x0800bfb4                HAL_UART_Init
 .text.HAL_UART_DeInit
                0x0800c050       0x7a ./Drivers/STM32L4xx_HAL_Driver/Src/stm32l4xx_hal_uart.o
                0x0800c050                HAL_UART_DeInit
 *fill*         0x0800c0ca        0x2 
 .text.HAL_UART_Transmit_DMA
                0x0800c0cc       0xf8 ./Drivers/STM32L4xx_HAL_Driver/Src/stm32l4xx_hal_uart.o
                0x0800c0cc                HAL_UART_Transmit_DMA
 .text.HAL_UART_Receive_DMA
                0x0800c1c4       0x98 ./Drivers/STM32L4xx_HAL_Driver/Src/stm32l4xx_hal_uart.o
                0x0800c1c4                HAL_UART_Receive_DMA
 .text.HAL_UART_IRQHandler
                0x0800c25c      0x5d4 ./Drivers/STM32L4xx_HAL_Driver/Src/stm32l4xx_hal_uart.o
                0x0800c25c                HAL_UART_IRQHandler
 .text.HAL_UART_TxCpltCallback
                0x0800c830       0x14 ./Drivers/STM32L4xx_HAL_Driver/Src/stm32l4xx_hal_uart.o
                0x0800c830                HAL_UART_TxCpltCallback
 .text.HAL_UART_TxHalfCpltCallback
                0x0800c844       0x14 ./Drivers/STM32L4xx_HAL_Driver/Src/stm32l4xx_hal_uart.o
                0x0800c844                HAL_UART_TxHalfCpltCallback
 .text.HAL_UART_RxHalfCpltCallback
                0x0800c858       0x14 ./Drivers/STM32L4xx_HAL_Driver/Src/stm32l4xx_hal_uart.o
                0x0800c858                HAL_UART_RxHalfCpltCallback
 .text.HAL_UART_ErrorCallback
                0x0800c86c       0x14 ./Drivers/STM32L4xx_HAL_Driver/Src/stm32l4xx_hal_uart.o
                0x0800c86c                HAL_UART_ErrorCallback
 .text.HAL_UARTEx_RxEventCallback
                0x0800c880       0x18 ./Drivers/STM32L4xx_HAL_Driver/Src/stm32l4xx_hal_uart.o
                0x0800c880                HAL_UARTEx_RxEventCallback
 .text.UART_SetConfig
                0x0800c898      0x570 ./Drivers/STM32L4xx_HAL_Driver/Src/stm32l4xx_hal_uart.o
                0x0800c898                UART_SetConfig
 .text.UART_AdvFeatureConfig
                0x0800ce08      0x144 ./Drivers/STM32L4xx_HAL_Driver/Src/stm32l4xx_hal_uart.o
                0x0800ce08                UART_AdvFeatureConfig
 .text.UART_CheckIdleState
                0x0800cf4c      0x150 ./Drivers/STM32L4xx_HAL_Driver/Src/stm32l4xx_hal_uart.o
                0x0800cf4c                UART_CheckIdleState
 .text.UART_WaitOnFlagUntilTimeout
                0x0800d09c       0xce ./Drivers/STM32L4xx_HAL_Driver/Src/stm32l4xx_hal_uart.o
                0x0800d09c                UART_WaitOnFlagUntilTimeout
 *fill*         0x0800d16a        0x2 
 .text.UART_Start_Receive_DMA
                0x0800d16c      0x140 ./Drivers/STM32L4xx_HAL_Driver/Src/stm32l4xx_hal_uart.o
                0x0800d16c                UART_Start_Receive_DMA
 .text.UART_EndTxTransfer
                0x0800d2ac       0x4c ./Drivers/STM32L4xx_HAL_Driver/Src/stm32l4xx_hal_uart.o
 .text.UART_EndRxTransfer
                0x0800d2f8       0xc8 ./Drivers/STM32L4xx_HAL_Driver/Src/stm32l4xx_hal_uart.o
 .text.UART_DMATransmitCplt
                0x0800d3c0       0x9a ./Drivers/STM32L4xx_HAL_Driver/Src/stm32l4xx_hal_uart.o
 .text.UART_DMATxHalfCplt
                0x0800d45a       0x1c ./Drivers/STM32L4xx_HAL_Driver/Src/stm32l4xx_hal_uart.o
 .text.UART_DMAReceiveCplt
                0x0800d476      0x12c ./Drivers/STM32L4xx_HAL_Driver/Src/stm32l4xx_hal_uart.o
 .text.UART_DMARxHalfCplt
                0x0800d5a2       0x3e ./Drivers/STM32L4xx_HAL_Driver/Src/stm32l4xx_hal_uart.o
 .text.UART_DMAError
                0x0800d5e0       0x7e ./Drivers/STM32L4xx_HAL_Driver/Src/stm32l4xx_hal_uart.o
 .text.UART_DMAAbortOnError
                0x0800d65e       0x2c ./Drivers/STM32L4xx_HAL_Driver/Src/stm32l4xx_hal_uart.o
 .text.UART_EndTransmit_IT
                0x0800d68a       0x54 ./Drivers/STM32L4xx_HAL_Driver/Src/stm32l4xx_hal_uart.o
 .text.HAL_UARTEx_WakeupCallback
                0x0800d6de       0x14 ./Drivers/STM32L4xx_HAL_Driver/Src/stm32l4xx_hal_uart_ex.o
                0x0800d6de                HAL_UARTEx_WakeupCallback
 .text.memset   0x0800d6f2       0x10 D:/ST/STM32CubeIDE_1.15.0/STM32CubeIDE/plugins/com.st.stm32cube.ide.mcu.externaltools.gnu-tools-for-stm32.12.3.rel1.win32_1.0.100.202403111256/tools/bin/../lib/gcc/arm-none-eabi/12.3.1/../../../../arm-none-eabi/lib/thumb/v7e-m+fp/hard\libc_nano.a(libc_a-memset.o)
                0x0800d6f2                memset
 *fill*         0x0800d702        0x2 
 .text.__libc_init_array
                0x0800d704       0x48 D:/ST/STM32CubeIDE_1.15.0/STM32CubeIDE/plugins/com.st.stm32cube.ide.mcu.externaltools.gnu-tools-for-stm32.12.3.rel1.win32_1.0.100.202403111256/tools/bin/../lib/gcc/arm-none-eabi/12.3.1/../../../../arm-none-eabi/lib/thumb/v7e-m+fp/hard\libc_nano.a(libc_a-init.o)
                0x0800d704                __libc_init_array
 *(.glue_7)
 .glue_7        0x0800d74c        0x0 linker stubs
 *(.glue_7t)
 .glue_7t       0x0800d74c        0x0 linker stubs
 *(.eh_frame)
 .eh_frame      0x0800d74c        0x0 D:/ST/STM32CubeIDE_1.15.0/STM32CubeIDE/plugins/com.st.stm32cube.ide.mcu.externaltools.gnu-tools-for-stm32.12.3.rel1.win32_1.0.100.202403111256/tools/bin/../lib/gcc/arm-none-eabi/12.3.1/thumb/v7e-m+fp/hard/crtbegin.o
 *(.init)
 .init          0x0800d74c        0x4 D:/ST/STM32CubeIDE_1.15.0/STM32CubeIDE/plugins/com.st.stm32cube.ide.mcu.externaltools.gnu-tools-for-stm32.12.3.rel1.win32_1.0.100.202403111256/tools/bin/../lib/gcc/arm-none-eabi/12.3.1/thumb/v7e-m+fp/hard/crti.o
                0x0800d74c                _init
 .init          0x0800d750        0x8 D:/ST/STM32CubeIDE_1.15.0/STM32CubeIDE/plugins/com.st.stm32cube.ide.mcu.externaltools.gnu-tools-for-stm32.12.3.rel1.win32_1.0.100.202403111256/tools/bin/../lib/gcc/arm-none-eabi/12.3.1/thumb/v7e-m+fp/hard/crtn.o
 *(.fini)
 .fini          0x0800d758        0x4 D:/ST/STM32CubeIDE_1.15.0/STM32CubeIDE/plugins/com.st.stm32cube.ide.mcu.externaltools.gnu-tools-for-stm32.12.3.rel1.win32_1.0.100.202403111256/tools/bin/../lib/gcc/arm-none-eabi/12.3.1/thumb/v7e-m+fp/hard/crti.o
                0x0800d758                _fini
 .fini          0x0800d75c        0x8 D:/ST/STM32CubeIDE_1.15.0/STM32CubeIDE/plugins/com.st.stm32cube.ide.mcu.externaltools.gnu-tools-for-stm32.12.3.rel1.win32_1.0.100.202403111256/tools/bin/../lib/gcc/arm-none-eabi/12.3.1/thumb/v7e-m+fp/hard/crtn.o
                0x0800d764                        . = ALIGN (0x4)
                0x0800d764                        _etext = .

.vfp11_veneer   0x0800d764        0x0
 .vfp11_veneer  0x0800d764        0x0 linker stubs

.v4_bx          0x0800d764        0x0
 .v4_bx         0x0800d764        0x0 linker stubs

.iplt           0x0800d764        0x0
 .iplt          0x0800d764        0x0 D:/ST/STM32CubeIDE_1.15.0/STM32CubeIDE/plugins/com.st.stm32cube.ide.mcu.externaltools.gnu-tools-for-stm32.12.3.rel1.win32_1.0.100.202403111256/tools/bin/../lib/gcc/arm-none-eabi/12.3.1/thumb/v7e-m+fp/hard/crtbegin.o

.rodata         0x0800d764       0x50
                0x0800d764                        . = ALIGN (0x4)
 *(.rodata)
 .rodata        0x0800d764        0x6 ./Core/Src/gpsGNSS.o
 *(.rodata*)
 *fill*         0x0800d76a        0x2 
 .rodata.AHBPrescTable
                0x0800d76c       0x10 ./Core/Src/system_stm32l4xx.o
                0x0800d76c                AHBPrescTable
 .rodata.APBPrescTable
                0x0800d77c        0x8 ./Core/Src/system_stm32l4xx.o
                0x0800d77c                APBPrescTable
 .rodata.MSIRangeTable
                0x0800d784       0x30 ./Core/Src/system_stm32l4xx.o
                0x0800d784                MSIRangeTable
                0x0800d7b4                        . = ALIGN (0x4)

.ARM.extab      0x0800d7b4        0x0
                0x0800d7b4                        . = ALIGN (0x4)
 *(.ARM.extab* .gnu.linkonce.armextab.*)
                0x0800d7b4                        . = ALIGN (0x4)

.ARM            0x0800d7b4        0x8
                0x0800d7b4                        . = ALIGN (0x4)
                0x0800d7b4                        __exidx_start = .
 *(.ARM.exidx*)
 .ARM.exidx     0x0800d7b4        0x8 D:/ST/STM32CubeIDE_1.15.0/STM32CubeIDE/plugins/com.st.stm32cube.ide.mcu.externaltools.gnu-tools-for-stm32.12.3.rel1.win32_1.0.100.202403111256/tools/bin/../lib/gcc/arm-none-eabi/12.3.1/thumb/v7e-m+fp/hard\libgcc.a(_udivmoddi4.o)
                0x0800d7bc                        __exidx_end = .
                0x0800d7bc                        . = ALIGN (0x4)

.rel.dyn        0x0800d7bc        0x0
 .rel.iplt      0x0800d7bc        0x0 D:/ST/STM32CubeIDE_1.15.0/STM32CubeIDE/plugins/com.st.stm32cube.ide.mcu.externaltools.gnu-tools-for-stm32.12.3.rel1.win32_1.0.100.202403111256/tools/bin/../lib/gcc/arm-none-eabi/12.3.1/thumb/v7e-m+fp/hard/crtbegin.o

.preinit_array  0x0800d7bc        0x0
                0x0800d7bc                        . = ALIGN (0x4)
                0x0800d7bc                        PROVIDE (__preinit_array_start = .)
 *(.preinit_array*)
                0x0800d7bc                        PROVIDE (__preinit_array_end = .)
                0x0800d7bc                        . = ALIGN (0x4)

.init_array     0x0800d7bc       0x20
                0x0800d7bc                        . = ALIGN (0x4)
                0x0800d7bc                        PROVIDE (__init_array_start = .)
 *(SORT_BY_NAME(.init_array.*))
 *(.init_array*)
 .init_array    0x0800d7bc        0x4 D:/ST/STM32CubeIDE_1.15.0/STM32CubeIDE/plugins/com.st.stm32cube.ide.mcu.externaltools.gnu-tools-for-stm32.12.3.rel1.win32_1.0.100.202403111256/tools/bin/../lib/gcc/arm-none-eabi/12.3.1/thumb/v7e-m+fp/hard/crtbegin.o
 .init_array    0x0800d7c0        0x4 ./Core/Src/app.o
 .init_array    0x0800d7c4        0x4 ./Core/Src/hardwareIn.o
 .init_array    0x0800d7c8        0x4 ./Core/Src/hardwareOut.o
 .init_array    0x0800d7cc        0x4 ./Core/Src/linkIn.o
 .init_array    0x0800d7d0        0x4 ./Core/Src/main.o
 .init_array    0x0800d7d4        0x4 ./Core/Src/tcpIn.o
 .init_array    0x0800d7d8        0x4 ./Core/Src/tcpOut.o
                0x0800d7dc                        PROVIDE (__init_array_end = .)
                0x0800d7dc                        . = ALIGN (0x4)

.fini_array     0x0800d7dc        0x4
                0x0800d7dc                        . = ALIGN (0x4)
                [!provide]                        PROVIDE (__fini_array_start = .)
 *(SORT_BY_NAME(.fini_array.*))
 *(.fini_array*)
 .fini_array    0x0800d7dc        0x4 D:/ST/STM32CubeIDE_1.15.0/STM32CubeIDE/plugins/com.st.stm32cube.ide.mcu.externaltools.gnu-tools-for-stm32.12.3.rel1.win32_1.0.100.202403111256/tools/bin/../lib/gcc/arm-none-eabi/12.3.1/thumb/v7e-m+fp/hard/crtbegin.o
                [!provide]                        PROVIDE (__fini_array_end = .)
                0x0800d7e0                        . = ALIGN (0x4)
                0x0800d7e0                        _sidata = LOADADDR (.data)

.data           0x20000000      0x3a4 load address 0x0800d7e0
                0x20000000                        . = ALIGN (0x4)
                0x20000000                        _sdata = .
 *(.data)
 *(.data*)
 .data.ptrFloat_Lat
                0x20000000        0x4 ./Core/Src/app.o
                0x20000000                ptrFloat_Lat
 .data.ptrFloat_Lon
                0x20000004        0x4 ./Core/Src/app.o
                0x20000004                ptrFloat_Lon
 .data.stateLoraApp
                0x20000008        0x1 ./Core/Src/app.o
                0x20000008                stateLoraApp
 *fill*         0x20000009        0x1 
 .data.command_Sht31
                0x2000000a        0x2 ./Core/Src/hardwareIn.o
                0x2000000a                command_Sht31
 .data.buffer_SHT31_I2C_OUT
                0x2000000c        0x2 ./Core/Src/hardwareIn.o
                0x2000000c                buffer_SHT31_I2C_OUT
 .data.addressSht31
                0x2000000e        0x1 ./Core/Src/hardwareIn.o
                0x2000000e                addressSht31
 .data.enableI2C
                0x2000000f        0x1 ./Core/Src/hardwareIn.o
                0x2000000f                enableI2C
 .data.AdsCommand_0
                0x20000010        0x3 ./Core/Src/hardwareIn.o
                0x20000010                AdsCommand_0
 *fill*         0x20000013        0x1 
 .data.AdsCommand_2
                0x20000014        0x3 ./Core/Src/hardwareIn.o
                0x20000014                AdsCommand_2
 *fill*         0x20000017        0x1 
 .data.nameAlphaB
                0x20000018       0x12 ./Core/Src/hardwareIn.o
                0x20000018                nameAlphaB
 *fill*         0x2000002a        0x2 
 .data.commandUart
                0x2000002c       0x1a ./Core/Src/hardwareOut.o
                0x2000002c                commandUart
 *fill*         0x20000046        0x2 
 .data.commandUart2
                0x20000048       0x1a ./Core/Src/hardwareOut.o
                0x20000048                commandUart2
 *fill*         0x20000062        0x2 
 .data.commandUart3
                0x20000064       0x1a ./Core/Src/hardwareOut.o
                0x20000064                commandUart3
 *fill*         0x2000007e        0x2 
 .data.commandUart8
                0x20000080       0x12 ./Core/Src/hardwareOut.o
                0x20000080                commandUart8
 *fill*         0x20000092        0x2 
 .data.commandUart9
                0x20000094        0xe ./Core/Src/hardwareOut.o
                0x20000094                commandUart9
 *fill*         0x200000a2        0x2 
 .data.thresholdBat
                0x200000a4        0x4 ./Core/Src/linkIn.o
                0x200000a4                thresholdBat
 .data.rxCommand_0
                0x200000a8        0x4 ./Core/Src/loraApp.o
                0x200000a8                rxCommand_0
 .data.rxCommand_1
                0x200000ac        0x7 ./Core/Src/loraApp.o
                0x200000ac                rxCommand_1
 *fill*         0x200000b3        0x1 
 .data.rxCommand_2
                0x200000b4        0xf ./Core/Src/loraApp.o
                0x200000b4                rxCommand_2
 *fill*         0x200000c3        0x1 
 .data.rxCommand_3
                0x200000c4       0x12 ./Core/Src/loraApp.o
                0x200000c4                rxCommand_3
 *fill*         0x200000d6        0x2 
 .data.rxCommand_4
                0x200000d8        0xf ./Core/Src/loraApp.o
                0x200000d8                rxCommand_4
 *fill*         0x200000e7        0x1 
 .data.rxCommand_5
                0x200000e8        0xf ./Core/Src/loraApp.o
                0x200000e8                rxCommand_5
 *fill*         0x200000f7        0x1 
 .data.rxCommand_6
                0x200000f8        0xc ./Core/Src/loraApp.o
                0x200000f8                rxCommand_6
 .data.rxCommand_7
                0x20000104       0x20 ./Core/Src/loraApp.o
                0x20000104                rxCommand_7
 .data.rxCommand_8
                0x20000124       0x18 ./Core/Src/loraApp.o
                0x20000124                rxCommand_8
 .data.rxCommand_9
                0x2000013c        0xc ./Core/Src/loraApp.o
                0x2000013c                rxCommand_9
 .data.rxCommand_10
                0x20000148        0xc ./Core/Src/loraApp.o
                0x20000148                rxCommand_10
 .data.rxCommand_11
                0x20000154        0x8 ./Core/Src/loraApp.o
                0x20000154                rxCommand_11
 .data.rxCommand_12
                0x2000015c        0x5 ./Core/Src/loraApp.o
                0x2000015c                rxCommand_12
 *fill*         0x20000161        0x3 
 .data.rxCommand_18
                0x20000164        0xb ./Core/Src/loraApp.o
                0x20000164                rxCommand_18
 *fill*         0x2000016f        0x1 
 .data.rxCommand
                0x20000170       0x38 ./Core/Src/loraApp.o
                0x20000170                rxCommand
 .data.sysReset_RN2903
                0x200001a8        0xc ./Core/Src/loraApp.o
                0x200001a8                sysReset_RN2903
 .data.radioSetMod_RN2903
                0x200001b4       0x15 ./Core/Src/loraApp.o
                0x200001b4                radioSetMod_RN2903
 *fill*         0x200001c9        0x3 
 .data.radioSetSf_RN2903
                0x200001cc       0x14 ./Core/Src/loraApp.o
                0x200001cc                radioSetSf_RN2903
 .data.radioSetBw_RN2903
                0x200001e0       0x13 ./Core/Src/loraApp.o
                0x200001e0                radioSetBw_RN2903
 *fill*         0x200001f3        0x1 
 .data.radioSetPwr_RN2903
                0x200001f4       0x13 ./Core/Src/loraApp.o
                0x200001f4                radioSetPwr_RN2903
 *fill*         0x20000207        0x1 
 .data.macSetDevEui_RN2903
                0x20000208       0x21 ./Core/Src/loraApp.o
                0x20000208                macSetDevEui_RN2903
 *fill*         0x20000229        0x3 
 .data.macSetDevAddr_RN2903
                0x2000022c       0x1b ./Core/Src/loraApp.o
                0x2000022c                macSetDevAddr_RN2903
 *fill*         0x20000247        0x1 
 .data.macSetNwkskey_RN2903
                0x20000248       0x33 ./Core/Src/loraApp.o
                0x20000248                macSetNwkskey_RN2903
 *fill*         0x2000027b        0x1 
 .data.macSetAppskey_RN2903
                0x2000027c       0x33 ./Core/Src/loraApp.o
                0x2000027c                macSetAppskey_RN2903
 *fill*         0x200002af        0x1 
 .data.macJoinOtaa_RN2903
                0x200002b0       0x10 ./Core/Src/loraApp.o
                0x200002b0                macJoinOtaa_RN2903
 .data.macJoinAbp_RN2903
                0x200002c0        0xf ./Core/Src/loraApp.o
                0x200002c0                macJoinAbp_RN2903
 *fill*         0x200002cf        0x1 
 .data.macSetSync_RN2903
                0x200002d0       0x12 ./Core/Src/loraApp.o
                0x200002d0                macSetSync_RN2903
 *fill*         0x200002e2        0x2 
 .data.macSave_RN2903
                0x200002e4        0xb ./Core/Src/loraApp.o
                0x200002e4                macSave_RN2903
 *fill*         0x200002ef        0x1 
 .data.macTxData_RN2903
                0x200002f0       0x1a ./Core/Src/loraApp.o
                0x200002f0                macTxData_RN2903
 *fill*         0x2000030a        0x2 
 .data.macTxGps_RN2903
                0x2000030c       0x1a ./Core/Src/loraApp.o
                0x2000030c                macTxGps_RN2903
 *fill*         0x20000326        0x2 
 .data.macTxSys_RN2903
                0x20000328       0x16 ./Core/Src/loraApp.o
                0x20000328                macTxSys_RN2903
 *fill*         0x2000033e        0x2 
 .data.macSetCh8_RN2903
                0x20000340       0x1a ./Core/Src/loraApp.o
                0x20000340                macSetCh8_RN2903
 *fill*         0x2000035a        0x2 
 .data.macSetCh9_RN2903
                0x2000035c       0x1a ./Core/Src/loraApp.o
                0x2000035c                macSetCh9_RN2903
 *fill*         0x20000376        0x2 
 .data.macSetCh10_RN2903
                0x20000378       0x1b ./Core/Src/loraApp.o
                0x20000378                macSetCh10_RN2903
 .data.startGps
                0x20000393        0x1 ./Core/Src/main.o
                0x20000393                startGps
 .data.enableGps
                0x20000394        0x1 ./Core/Src/main.o
                0x20000394                enableGps
 .data.superloop
                0x20000395        0x1 ./Core/Src/main.o
                0x20000395                superloop
 *fill*         0x20000396        0x2 
 .data.SystemCoreClock
                0x20000398        0x4 ./Core/Src/system_stm32l4xx.o
                0x20000398                SystemCoreClock
 .data.uwTickPrio
                0x2000039c        0x4 ./Drivers/STM32L4xx_HAL_Driver/Src/stm32l4xx_hal.o
                0x2000039c                uwTickPrio
 .data.uwTickFreq
                0x200003a0        0x1 ./Drivers/STM32L4xx_HAL_Driver/Src/stm32l4xx_hal.o
                0x200003a0                uwTickFreq
 *(.RamFunc)
 *(.RamFunc*)
                0x200003a4                        . = ALIGN (0x4)
 *fill*         0x200003a1        0x3 
                0x200003a4                        _edata = .

.igot.plt       0x200003a4        0x0 load address 0x0800db84
 .igot.plt      0x200003a4        0x0 D:/ST/STM32CubeIDE_1.15.0/STM32CubeIDE/plugins/com.st.stm32cube.ide.mcu.externaltools.gnu-tools-for-stm32.12.3.rel1.win32_1.0.100.202403111256/tools/bin/../lib/gcc/arm-none-eabi/12.3.1/thumb/v7e-m+fp/hard/crtbegin.o
                0x200003a4                        . = ALIGN (0x4)

.bss            0x200003a4      0xdcc load address 0x0800db84
                0x200003a4                        _sbss = .
                0x200003a4                        __bss_start__ = _sbss
 *(.bss)
 .bss           0x200003a4       0x1c D:/ST/STM32CubeIDE_1.15.0/STM32CubeIDE/plugins/com.st.stm32cube.ide.mcu.externaltools.gnu-tools-for-stm32.12.3.rel1.win32_1.0.100.202403111256/tools/bin/../lib/gcc/arm-none-eabi/12.3.1/thumb/v7e-m+fp/hard/crtbegin.o
 *(.bss*)
 .bss.stateContent
                0x200003c0        0x1 ./Core/Src/app.o
                0x200003c0                stateContent
 .bss.count_0_gps
                0x200003c1        0x1 ./Core/Src/app.o
                0x200003c1                count_0_gps
 .bss.count_1_data
                0x200003c2        0x1 ./Core/Src/app.o
                0x200003c2                count_1_data
 .bss.savedData
                0x200003c3        0x1 ./Core/Src/app.o
                0x200003c3                savedData
 .bss.bussyRN2903
                0x200003c4        0x1 ./Core/Src/app.o
                0x200003c4                bussyRN2903
 *fill*         0x200003c5        0x3 
 .bss.content   0x200003c8        0x9 ./Core/Src/app.o
                0x200003c8                content
 *fill*         0x200003d1        0x3 
 .bss.content2  0x200003d4        0x9 ./Core/Src/app.o
                0x200003d4                content2
 .bss.b1_HCL    0x200003dd        0x1 ./Core/Src/app.o
                0x200003dd                b1_HCL
 .bss.a1_HCL    0x200003de        0x1 ./Core/Src/app.o
                0x200003de                a1_HCL
 *fill*         0x200003df        0x1 
 .bss.latitudSend
                0x200003e0        0x4 ./Core/Src/app.o
                0x200003e0                latitudSend
 .bss.longitudSend
                0x200003e4        0x4 ./Core/Src/app.o
                0x200003e4                longitudSend
 .bss.errorHw   0x200003e8        0x1 ./Core/Src/app.o
                0x200003e8                errorHw
 .bss.warnings  0x200003e9        0x1 ./Core/Src/app.o
                0x200003e9                warnings
 .bss.qttyMsgData
                0x200003ea        0x1 ./Core/Src/app.o
                0x200003ea                qttyMsgData
 .bss.qttyMsgGps
                0x200003eb        0x1 ./Core/Src/app.o
                0x200003eb                qttyMsgGps
 .bss.qttyMsgSys
                0x200003ec        0x1 ./Core/Src/app.o
                0x200003ec                qttyMsgSys
 *fill*         0x200003ed        0x3 
 .bss.txCommandPointer
                0x200003f0        0x4 ./Core/Src/app.o
                0x200003f0                txCommandPointer
 .bss.countLoraApp
                0x200003f4        0x4 ./Core/Src/app.o
                0x200003f4                countLoraApp
 .bss.limitLoraApp
                0x200003f8        0x4 ./Core/Src/app.o
                0x200003f8                limitLoraApp
 .bss.countChSet
                0x200003fc        0x1 ./Core/Src/app.o
                0x200003fc                countChSet
 .bss.boton     0x200003fd        0x1 ./Core/Src/hardwareIn.o
                0x200003fd                boton
 *fill*         0x200003fe        0x2 
 .bss.countBoton
                0x20000400        0x4 ./Core/Src/hardwareIn.o
                0x20000400                countBoton
 .bss.limitBoton
                0x20000404        0x4 ./Core/Src/hardwareIn.o
                0x20000404                limitBoton
 .bss.stateBoton
                0x20000408        0x1 ./Core/Src/hardwareIn.o
                0x20000408                stateBoton
 .bss.stateSht31
                0x20000409        0x1 ./Core/Src/hardwareIn.o
                0x20000409                stateSht31
 *fill*         0x2000040a        0x2 
 .bss.countSht31
                0x2000040c        0x4 ./Core/Src/hardwareIn.o
                0x2000040c                countSht31
 .bss.limitSht31_measure
                0x20000410        0x4 ./Core/Src/hardwareIn.o
                0x20000410                limitSht31_measure
 .bss.limitSht31_i2c
                0x20000414        0x4 ./Core/Src/hardwareIn.o
                0x20000414                limitSht31_i2c
 .bss.buffer_SHT31_I2C_IN
                0x20000418        0x6 ./Core/Src/hardwareIn.o
                0x20000418                buffer_SHT31_I2C_IN
 .bss.selectSht31
                0x2000041e        0x1 ./Core/Src/hardwareIn.o
                0x2000041e                selectSht31
 *fill*         0x2000041f        0x1 
 .bss.tempIntern
                0x20000420        0x2 ./Core/Src/hardwareIn.o
                0x20000420                tempIntern
 .bss.humIntern
                0x20000422        0x2 ./Core/Src/hardwareIn.o
                0x20000422                humIntern
 .bss.tempExtern
                0x20000424        0x2 ./Core/Src/hardwareIn.o
                0x20000424                tempExtern
 .bss.humExtern
                0x20000426        0x2 ./Core/Src/hardwareIn.o
                0x20000426                humExtern
 .bss.stateAdc  0x20000428        0x1 ./Core/Src/hardwareIn.o
                0x20000428                stateAdc
 *fill*         0x20000429        0x3 
 .bss.countAdc  0x2000042c        0x4 ./Core/Src/hardwareIn.o
                0x2000042c                countAdc
 .bss._ZL9sampleAdc
                0x20000430        0x4 ./Core/Src/hardwareIn.o
 .bss._ZL12limitAds_i2c
                0x20000434        0x4 ./Core/Src/hardwareIn.o
 .bss.AdsCommand_1
                0x20000438        0x1 ./Core/Src/hardwareIn.o
                0x20000438                AdsCommand_1
 *fill*         0x20000439        0x3 
 .bss.buffer_ADS_I2C_IN
                0x2000043c        0x2 ./Core/Src/hardwareIn.o
                0x2000043c                buffer_ADS_I2C_IN
 .bss.alphaA    0x2000043e        0x2 ./Core/Src/hardwareIn.o
                0x2000043e                alphaA
 .bss.alphaB    0x20000440        0x2 ./Core/Src/hardwareIn.o
                0x20000440                alphaB
 .bss.selectChannelAds
                0x20000442        0x1 ./Core/Src/hardwareIn.o
                0x20000442                selectChannelAds
 *fill*         0x20000443        0x1 
 .bss.battery   0x20000444        0x2 ./Core/Src/hardwareIn.o
                0x20000444                battery
 .bss.alphaAnalog_A
                0x20000446        0x2 ./Core/Src/hardwareIn.o
                0x20000446                alphaAnalog_A
 .bss.alphaAnalog_B
                0x20000448        0x2 ./Core/Src/hardwareIn.o
                0x20000448                alphaAnalog_B
 *fill*         0x2000044a        0x2 
 .bss.countAnalog
                0x2000044c        0x4 ./Core/Src/hardwareIn.o
                0x2000044c                countAnalog
 .bss.sampleAnalog
                0x20000450        0x4 ./Core/Src/hardwareIn.o
                0x20000450                sampleAnalog
 .bss.stateAnalog
                0x20000454        0x1 ./Core/Src/hardwareIn.o
                0x20000454                stateAnalog
 *fill*         0x20000455        0x3 
 .bss.nameSensor_0
                0x20000458       0x14 ./Core/Src/hardwareIn.o
                0x20000458                nameSensor_0
 .bss.idSensor_0
                0x2000046c        0x4 ./Core/Src/hardwareIn.o
                0x2000046c                idSensor_0
 .bss.rangeSensor_0
                0x20000470        0x4 ./Core/Src/hardwareIn.o
                0x20000470                rangeSensor_0
 .bss.amplifier_10
                0x20000474        0x4 ./Core/Src/hardwareIn.o
                0x20000474                amplifier_10
 .bss.amplifier_20
                0x20000478        0x4 ./Core/Src/hardwareIn.o
                0x20000478                amplifier_20
 .bss.groundSensor_0
                0x2000047c        0x4 ./Core/Src/hardwareIn.o
                0x2000047c                groundSensor_0
 .bss.curveSensor_0
                0x20000480        0x4 ./Core/Src/hardwareIn.o
                0x20000480                curveSensor_0
 .bss.dateCalib_0
                0x20000484        0xa ./Core/Src/hardwareIn.o
                0x20000484                dateCalib_0
 *fill*         0x2000048e        0x2 
 .bss.nameSensor_1
                0x20000490       0x14 ./Core/Src/hardwareIn.o
                0x20000490                nameSensor_1
 .bss.idSensor_1
                0x200004a4        0x4 ./Core/Src/hardwareIn.o
                0x200004a4                idSensor_1
 .bss.rangeSensor_1
                0x200004a8        0x4 ./Core/Src/hardwareIn.o
                0x200004a8                rangeSensor_1
 .bss.amplifier_11
                0x200004ac        0x4 ./Core/Src/hardwareIn.o
                0x200004ac                amplifier_11
 .bss.amplifier_21
                0x200004b0        0x4 ./Core/Src/hardwareIn.o
                0x200004b0                amplifier_21
 .bss.groundSensor_1
                0x200004b4        0x4 ./Core/Src/hardwareIn.o
                0x200004b4                groundSensor_1
 .bss.curveSensor_1
                0x200004b8        0x4 ./Core/Src/hardwareIn.o
                0x200004b8                curveSensor_1
 .bss.dateCalib_1
                0x200004bc        0xa ./Core/Src/hardwareIn.o
                0x200004bc                dateCalib_1
 .bss.stateEEPROM
                0x200004c6        0x1 ./Core/Src/hardwareIn.o
                0x200004c6                stateEEPROM
 .bss.gpsBus    0x200004c7        0x1 ./Core/Src/hardwareIn.o
                0x200004c7                gpsBus
 .bss.loraBus   0x200004c8        0x1 ./Core/Src/hardwareIn.o
                0x200004c8                loraBus
 *fill*         0x200004c9        0x3 
 .bss.warningHardware
                0x200004cc        0x8 ./Core/Src/hardwareIn.o
                0x200004cc                warningHardware
 .bss.errorHardware
                0x200004d4        0x8 ./Core/Src/hardwareIn.o
                0x200004d4                errorHardware
 .bss.availableGps
                0x200004dc        0x1 ./Core/Src/hardwareOut.o
                0x200004dc                availableGps
 *fill*         0x200004dd        0x1 
 .bss.countGpsAvailable
                0x200004de        0x2 ./Core/Src/hardwareOut.o
                0x200004de                countGpsAvailable
 .bss.limitGpsAvailable
                0x200004e0        0x2 ./Core/Src/hardwareOut.o
                0x200004e0                limitGpsAvailable
 .bss.stateHwGpsEnable
                0x200004e2        0x1 ./Core/Src/hardwareOut.o
                0x200004e2                stateHwGpsEnable
 .bss.stateConfigGps
                0x200004e3        0x1 ./Core/Src/hardwareOut.o
                0x200004e3                stateConfigGps
 .bss.flagUartGps
                0x200004e4        0x1 ./Core/Src/hardwareOut.o
                0x200004e4                flagUartGps
 .bss.flagTxLora
                0x200004e5        0x1 ./Core/Src/hardwareOut.o
                0x200004e5                flagTxLora
 .bss.stateResetHwLora
                0x200004e6        0x1 ./Core/Src/hardwareOut.o
                0x200004e6                stateResetHwLora
 .bss.flagEnableHwLora
                0x200004e7        0x1 ./Core/Src/hardwareOut.o
                0x200004e7                flagEnableHwLora
 .bss.countResetHwLora
                0x200004e8        0x2 ./Core/Src/hardwareOut.o
                0x200004e8                countResetHwLora
 .bss.resetHwLora
                0x200004ea        0x2 ./Core/Src/hardwareOut.o
                0x200004ea                resetHwLora
 .bss.countResetHwLora2
                0x200004ec        0x1 ./Core/Src/hardwareOut.o
                0x200004ec                countResetHwLora2
 .bss.stateUartGps
                0x200004ed        0x1 ./Core/Src/hardwareOut.o
                0x200004ed                stateUartGps
 .bss.countUartGps
                0x200004ee        0x2 ./Core/Src/hardwareOut.o
                0x200004ee                countUartGps
 .bss.limitUartGps
                0x200004f0        0x2 ./Core/Src/hardwareOut.o
                0x200004f0                limitUartGps
 .bss.stateGpsLink
                0x200004f2        0x1 ./Core/Src/linkIn.o
                0x200004f2                stateGpsLink
 .bss.gpsNewMessage
                0x200004f3        0x1 ./Core/Src/linkIn.o
                0x200004f3                gpsNewMessage
 .bss.countGpsLink
                0x200004f4        0x4 ./Core/Src/linkIn.o
                0x200004f4                countGpsLink
 .bss.limitGpsLink
                0x200004f8        0x4 ./Core/Src/linkIn.o
                0x200004f8                limitGpsLink
 .bss.countValidMsgGps
                0x200004fc        0x1 ./Core/Src/linkIn.o
                0x200004fc                countValidMsgGps
 .bss.countInvalidMsgGps
                0x200004fd        0x1 ./Core/Src/linkIn.o
                0x200004fd                countInvalidMsgGps
 .bss.countSavedGps
                0x200004fe        0x1 ./Core/Src/linkIn.o
                0x200004fe                countSavedGps
 *fill*         0x200004ff        0x1 
 .bss.responseLora
                0x20000500        0x4 ./Core/Src/linkIn.o
                0x20000500                responseLora
 .bss.responseLoraSize
                0x20000504        0x1 ./Core/Src/linkIn.o
                0x20000504                responseLoraSize
 .bss.qttyMessagesInputs
                0x20000505        0x1 ./Core/Src/linkIn.o
                0x20000505                qttyMessagesInputs
 .bss.qttyMessagesInputs2
                0x20000506        0x1 ./Core/Src/linkIn.o
                0x20000506                qttyMessagesInputs2
 .bss.stateWdLora
                0x20000507        0x1 ./Core/Src/linkIn.o
                0x20000507                stateWdLora
 .bss.countEnableDisplay
                0x20000508        0x4 ./Core/Src/linkIn.o
                0x20000508                countEnableDisplay
 .bss.limitEnableDisplay
                0x2000050c        0x4 ./Core/Src/linkIn.o
                0x2000050c                limitEnableDisplay
 .bss.stateEnableDisplay
                0x20000510        0x1 ./Core/Src/linkIn.o
                0x20000510                stateEnableDisplay
 .bss.alpha_A1_PPM
                0x20000511        0x1 ./Core/Src/linkIn.o
                0x20000511                alpha_A1_PPM
 .bss.tempApp   0x20000512        0x2 ./Core/Src/linkIn.o
                0x20000512                tempApp
 .bss.humApp    0x20000514        0x2 ./Core/Src/linkIn.o
                0x20000514                humApp
 .bss.stateCalibration
                0x20000516        0x1 ./Core/Src/linkIn.o
                0x20000516                stateCalibration
 *fill*         0x20000517        0x1 
 .bss.countCalibration
                0x20000518        0x4 ./Core/Src/linkIn.o
                0x20000518                countCalibration
 .bss.limitCalibration
                0x2000051c        0x4 ./Core/Src/linkIn.o
                0x2000051c                limitCalibration
 .bss.enableSensors
                0x20000520        0x1 ./Core/Src/linkIn.o
                0x20000520                enableSensors
 .bss.flagAlarm_PPM
                0x20000521        0x1 ./Core/Src/linkIn.o
                0x20000521                flagAlarm_PPM
 .bss.stateBattery
                0x20000522        0x1 ./Core/Src/linkIn.o
                0x20000522                stateBattery
 *fill*         0x20000523        0x1 
 .bss.batScaled
                0x20000524        0x4 ./Core/Src/linkIn.o
                0x20000524                batScaled
 .bss.limitBat  0x20000528        0x2 ./Core/Src/linkIn.o
                0x20000528                limitBat
 .bss.countBat  0x2000052a        0x2 ./Core/Src/linkIn.o
                0x2000052a                countBat
 .bss.flagWdLora
                0x2000052c        0x1 ./Core/Src/linkOut.o
                0x2000052c                flagWdLora
 .bss.flagResetHwLora
                0x2000052d        0x1 ./Core/Src/linkOut.o
                0x2000052d                flagResetHwLora
 *fill*         0x2000052e        0x2 
 .bss.sysReset  0x20000530        0xc ./Core/Src/loraApp.o
                0x20000530                sysReset
 .bss.radioSetMod
                0x2000053c        0xc ./Core/Src/loraApp.o
                0x2000053c                radioSetMod
 .bss.radioSetSf
                0x20000548        0xc ./Core/Src/loraApp.o
                0x20000548                radioSetSf
 .bss.radioSetBw
                0x20000554        0xc ./Core/Src/loraApp.o
                0x20000554                radioSetBw